
> xcoingateway@0.1.0 test
> jest --passWithNoTests

npm : PASS services/notification-service/tests/alerts.test.js
At line:1 char:1
+ npm test > test-output.txt 2>&1
+ ~~~~~~~~~~~~~~~~~~~~~~~~~~~~~~~
    + CategoryInfo          : NotSpecified: (PASS services/n.../alerts.test.js:String) [], RemoteException
    + FullyQualifiedErrorId : NativeCommandError
 
PASS services/matching-engine/tests/invoiceExpiry.test.js
FAIL services/blockchain-listener/tests/listener.test.js
  ΓùÅ Test suite failed to run

    Cannot find module '@xcg/cache' from 'services/blockchain-listener/src/listener.js'

    Require stack:
      services/blockchain-listener/src/listener.js
      services/blockchain-listener/tests/listener.test.js

    [0m [90m 28 |[39m
     [90m 29 |[39m [36mconst[39m { [33mBlockScanCursor[39m[33m,[39m [33mWallet[39m } [33m=[39m 
require([32m'@xcg/database'[39m)[33m;[39m
    [31m[1m>[22m[39m[90m 30 |[39m [36mconst[39m cache [33m=[39m require([32m'@xcg/cache'[39m)[33m;[39m
     [90m    |[39m               [31m[1m^[22m[39m
     [90m 31 |[39m
     [90m 32 |[39m
     [90m 33 |[39m [36mconst[39m [33mDEDUP_KEY_PREFIX[39m  [33m=[39m [32m'xcg:txseen:'[39m[33m;[39m[0m

      at Resolver._throwModNotFoundError (node_modules/jest-resolve/build/index.js:863:11)
      at Object.require (services/blockchain-listener/src/listener.js:30:15)
      at Object.require (services/blockchain-listener/tests/listener.test.js:35:28)

PASS services/api-server/tests/blockchain.test.js
PASS services/reconciliation-service/tests/reconciler.test.js
FAIL services/notification-service/tests/webhookDelivery.test.js
  ΓùÅ WebhookDeliveryEngine ΓÇ║ deliver() ΓÇö success ΓÇ║ delivers webhook with correct HMAC signature

    expect(received).toBe(expected) // Object.is equality

    Expected: 1
    Received: 0

    [0m [90m 114 |[39m       [36mconst[39m dbRecord [33m=[39m 
mockWebhookDeliveryCreate[33m.[39mmock[33m.[39mcalls[[35m0[39m][[35m0[39m][33m;[39m
     [90m 115 |[39m       expect(dbRecord[33m.[39msuccess)[33m.[39mtoBe([36mtrue[39m)[33m;[39m
    [31m[1m>[22m[39m[90m 116 |[39m       expect(dbRecord[33m.[39mattempts)[33m.[39mtoBe([35m1[39m)[33m;[39m
     [90m     |[39m                                 [31m[1m^[22m[39m
     [90m 117 |[39m     })[33m;[39m
     [90m 118 |[39m   })[33m;[39m
     [90m 119 |[39m[0m

      at Object.toBe (services/notification-service/tests/webhookDelivery.test.js:116:33)

FAIL services/withdrawal-engine/tests/processor.test.js
  ΓùÅ Test suite failed to run

    Cannot find module '@xcg/cache' from 'services/withdrawal-engine/src/processor.js'

    Require stack:
      services/withdrawal-engine/src/processor.js
      services/withdrawal-engine/tests/processor.test.js

    [0m [90m 21 |[39m [36mconst[39m { [33mWithdrawal[39m[33m,[39m [33mLedgerEntry[39m[33m,[39m 
[33mWallet[39m[33m,[39m [33mMerchant[39m[33m,[39m [33mDispute[39m[33m,[39m [33mMerchantBalance[39m } [33m=[39m 
require([32m'@xcg/database'[39m)[33m;[39m
     [90m 22 |[39m [36mconst[39m { [33mDISPUTE_STATUS[39m } [33m=[39m 
require([32m'@xcg/common'[39m)[33m.[39mconstants[33m;[39m
    [31m[1m>[22m[39m[90m 23 |[39m [36mconst[39m cache            [33m=[39m require([32m'@xcg/cache'[39m)[33m;[39m
     [90m    |[39m                          [31m[1m^[22m[39m
     [90m 24 |[39m
     [90m 25 |[39m
     [90m 26 |[39m [36mclass[39m [33mWithdrawalProcessor[39m {[0m

      at Resolver._throwModNotFoundError (node_modules/jest-resolve/build/index.js:863:11)
      at Object.require (services/withdrawal-engine/src/processor.js:23:26)
      at Object.require (services/withdrawal-engine/tests/processor.test.js:56:29)

PASS packages/common/tests/shutdown.test.js
FAIL services/matching-engine/tests/engine.test.js
  ΓùÅ Fast Path ΓÇö TX already ΓëÑ19 confirmations ΓåÆ direct _confirmPayment ΓÇ║ 19 confirmations ΓåÆ ledger entries created (skips 
Phase 1)

    TypeError: Cannot read properties of undefined (reading 'incrementBalance')

    [0m [90m 357 |[39m         [90m// The ledger is still the authoritative source; this is a fast cache[39m
     [90m 358 |[39m         [90m// that reconciliation verifies periodically.[39m
    [31m[1m>[22m[39m[90m 359 |[39m         [36mawait[39m 
[33mMerchantBalance[39m[33m.[39mincrementBalance(invoice[33m.[39mmerchantId[33m,[39m {
     [90m     |[39m                               [31m[1m^[22m[39m
     [90m 360 |[39m           availableBalance[33m:[39m netAmount[33m,[39m
     [90m 361 |[39m           totalReceived[33m:[39m    receivedAmt[33m,[39m
     [90m 362 |[39m           totalFees[33m:[39m        platformFee[33m,[39m[0m

      at incrementBalance (services/matching-engine/src/engine.js:359:31)
      at MatchingEngine._confirmPayment (services/matching-engine/src/engine.js:223:7)
      at MatchingEngine._detectPayment (services/matching-engine/src/engine.js:143:7)
      at MatchingEngine.handle (services/matching-engine/src/engine.js:109:5)
      at Object.<anonymous> (services/matching-engine/tests/engine.test.js:359:5)

  ΓùÅ Fast Path ΓÇö TX already ΓëÑ19 confirmations ΓåÆ direct _confirmPayment ΓÇ║ 50 confirmations ΓåÆ same fast path

    TypeError: Cannot read properties of undefined (reading 'incrementBalance')

    [0m [90m 357 |[39m         [90m// The ledger is still the authoritative source; this is a fast cache[39m
     [90m 358 |[39m         [90m// that reconciliation verifies periodically.[39m
    [31m[1m>[22m[39m[90m 359 |[39m         [36mawait[39m 
[33mMerchantBalance[39m[33m.[39mincrementBalance(invoice[33m.[39mmerchantId[33m,[39m {
     [90m     |[39m                               [31m[1m^[22m[39m
     [90m 360 |[39m           availableBalance[33m:[39m netAmount[33m,[39m
     [90m 361 |[39m           totalReceived[33m:[39m    receivedAmt[33m,[39m
     [90m 362 |[39m           totalFees[33m:[39m        platformFee[33m,[39m[0m

      at incrementBalance (services/matching-engine/src/engine.js:359:31)
      at MatchingEngine._confirmPayment (services/matching-engine/src/engine.js:223:7)
      at MatchingEngine._detectPayment (services/matching-engine/src/engine.js:143:7)
      at MatchingEngine.handle (services/matching-engine/src/engine.js:109:5)
      at Object.<anonymous> (services/matching-engine/tests/engine.test.js:366:5)

  ΓùÅ Fast Path ΓÇö TX already ΓëÑ19 confirmations ΓåÆ direct _confirmPayment ΓÇ║ Fast path: Transaction.create called with MATCHED, 
then findOneAndUpdate ΓåÆ CONFIRMED

    TypeError: Cannot read properties of undefined (reading 'incrementBalance')

    [0m [90m 357 |[39m         [90m// The ledger is still the authoritative source; this is a fast cache[39m
     [90m 358 |[39m         [90m// that reconciliation verifies periodically.[39m
    [31m[1m>[22m[39m[90m 359 |[39m         [36mawait[39m 
[33mMerchantBalance[39m[33m.[39mincrementBalance(invoice[33m.[39mmerchantId[33m,[39m {
     [90m     |[39m                               [31m[1m^[22m[39m
     [90m 360 |[39m           availableBalance[33m:[39m netAmount[33m,[39m
     [90m 361 |[39m           totalReceived[33m:[39m    receivedAmt[33m,[39m
     [90m 362 |[39m           totalFees[33m:[39m        platformFee[33m,[39m[0m

      at incrementBalance (services/matching-engine/src/engine.js:359:31)
      at MatchingEngine._confirmPayment (services/matching-engine/src/engine.js:223:7)
      at MatchingEngine._detectPayment (services/matching-engine/src/engine.js:143:7)
      at MatchingEngine.handle (services/matching-engine/src/engine.js:109:5)
      at Object.<anonymous> (services/matching-engine/tests/engine.test.js:373:5)

  ΓùÅ Fast Path ΓÇö TX already ΓëÑ19 confirmations ΓåÆ direct _confirmPayment ΓÇ║ Withdrawal eligibility queued after confirmation

    TypeError: Cannot read properties of undefined (reading 'incrementBalance')

    [0m [90m 357 |[39m         [90m// The ledger is still the authoritative source; this is a fast cache[39m
     [90m 358 |[39m         [90m// that reconciliation verifies periodically.[39m
    [31m[1m>[22m[39m[90m 359 |[39m         [36mawait[39m 
[33mMerchantBalance[39m[33m.[39mincrementBalance(invoice[33m.[39mmerchantId[33m,[39m {
     [90m     |[39m                               [31m[1m^[22m[39m
     [90m 360 |[39m           availableBalance[33m:[39m netAmount[33m,[39m
     [90m 361 |[39m           totalReceived[33m:[39m    receivedAmt[33m,[39m
     [90m 362 |[39m           totalFees[33m:[39m        platformFee[33m,[39m[0m

      at incrementBalance (services/matching-engine/src/engine.js:359:31)
      at MatchingEngine._confirmPayment (services/matching-engine/src/engine.js:223:7)
      at MatchingEngine._detectPayment (services/matching-engine/src/engine.js:143:7)
      at MatchingEngine.handle (services/matching-engine/src/engine.js:109:5)
      at Object.<anonymous> (services/matching-engine/tests/engine.test.js:389:5)

  ΓùÅ Ledger Double-Entry Accounting (0.1% fee) ΓÇ║ Three entries: hot_wallet_incoming(D) + merchant_receivable(C) + platform_fee(C)

    TypeError: Cannot read properties of undefined (reading 'incrementBalance')

    [0m [90m 357 |[39m         [90m// The ledger is still the authoritative source; this is a fast cache[39m
     [90m 358 |[39m         [90m// that reconciliation verifies periodically.[39m
    [31m[1m>[22m[39m[90m 359 |[39m         [36mawait[39m 
[33mMerchantBalance[39m[33m.[39mincrementBalance(invoice[33m.[39mmerchantId[33m,[39m {
     [90m     |[39m                               [31m[1m^[22m[39m
     [90m 360 |[39m           availableBalance[33m:[39m netAmount[33m,[39m
     [90m 361 |[39m           totalReceived[33m:[39m    receivedAmt[33m,[39m
     [90m 362 |[39m           totalFees[33m:[39m        platformFee[33m,[39m[0m

      at incrementBalance (services/matching-engine/src/engine.js:359:31)
      at MatchingEngine._confirmPayment (services/matching-engine/src/engine.js:223:7)
      at MatchingEngine._detectPayment (services/matching-engine/src/engine.js:143:7)
      at MatchingEngine.handle (services/matching-engine/src/engine.js:109:5)
      at Object.<anonymous> (services/matching-engine/tests/engine.test.js:419:5)

  ΓùÅ Ledger Double-Entry Accounting (0.1% fee) ΓÇ║ Double-entry rule: debit amount = credit + fee

    TypeError: Cannot read properties of undefined (reading 'incrementBalance')

    [0m [90m 357 |[39m         [90m// The ledger is still the authoritative source; this is a fast cache[39m
     [90m 358 |[39m         [90m// that reconciliation verifies periodically.[39m
    [31m[1m>[22m[39m[90m 359 |[39m         [36mawait[39m 
[33mMerchantBalance[39m[33m.[39mincrementBalance(invoice[33m.[39mmerchantId[33m,[39m {
     [90m     |[39m                               [31m[1m^[22m[39m
     [90m 360 |[39m           availableBalance[33m:[39m netAmount[33m,[39m
     [90m 361 |[39m           totalReceived[33m:[39m    receivedAmt[33m,[39m
     [90m 362 |[39m           totalFees[33m:[39m        platformFee[33m,[39m[0m

      at incrementBalance (services/matching-engine/src/engine.js:359:31)
      at MatchingEngine._confirmPayment (services/matching-engine/src/engine.js:223:7)
      at MatchingEngine._detectPayment (services/matching-engine/src/engine.js:143:7)
      at MatchingEngine.handle (services/matching-engine/src/engine.js:109:5)
      at Object.<anonymous> (services/matching-engine/tests/engine.test.js:439:5)

  ΓùÅ Ledger Double-Entry Accounting (0.1% fee) ΓÇ║ Idempotency keys prevent duplicate ledger entries

    TypeError: Cannot read properties of undefined (reading 'incrementBalance')

    [0m [90m 357 |[39m         [90m// The ledger is still the authoritative source; this is a fast cache[39m
     [90m 358 |[39m         [90m// that reconciliation verifies periodically.[39m
    [31m[1m>[22m[39m[90m 359 |[39m         [36mawait[39m 
[33mMerchantBalance[39m[33m.[39mincrementBalance(invoice[33m.[39mmerchantId[33m,[39m {
     [90m     |[39m                               [31m[1m^[22m[39m
     [90m 360 |[39m           availableBalance[33m:[39m netAmount[33m,[39m
     [90m 361 |[39m           totalReceived[33m:[39m    receivedAmt[33m,[39m
     [90m 362 |[39m           totalFees[33m:[39m        platformFee[33m,[39m[0m

      at incrementBalance (services/matching-engine/src/engine.js:359:31)
      at MatchingEngine._confirmPayment (services/matching-engine/src/engine.js:223:7)
      at MatchingEngine._detectPayment (services/matching-engine/src/engine.js:143:7)
      at MatchingEngine.handle (services/matching-engine/src/engine.js:109:5)
      at Object.<anonymous> (services/matching-engine/tests/engine.test.js:457:5)

  ΓùÅ Ledger Double-Entry Accounting (0.1% fee) ΓÇ║ Cross-reference: debit.counterpartEntryId = credit.entryId

    TypeError: Cannot read properties of undefined (reading 'incrementBalance')

    [0m [90m 357 |[39m         [90m// The ledger is still the authoritative source; this is a fast cache[39m
     [90m 358 |[39m         [90m// that reconciliation verifies periodically.[39m
    [31m[1m>[22m[39m[90m 359 |[39m         [36mawait[39m 
[33mMerchantBalance[39m[33m.[39mincrementBalance(invoice[33m.[39mmerchantId[33m,[39m {
     [90m     |[39m                               [31m[1m^[22m[39m
     [90m 360 |[39m           availableBalance[33m:[39m netAmount[33m,[39m
     [90m 361 |[39m           totalReceived[33m:[39m    receivedAmt[33m,[39m
     [90m 362 |[39m           totalFees[33m:[39m        platformFee[33m,[39m[0m

      at incrementBalance (services/matching-engine/src/engine.js:359:31)
      at MatchingEngine._confirmPayment (services/matching-engine/src/engine.js:223:7)
      at MatchingEngine._detectPayment (services/matching-engine/src/engine.js:143:7)
      at MatchingEngine.handle (services/matching-engine/src/engine.js:109:5)
      at Object.<anonymous> (services/matching-engine/tests/engine.test.js:467:5)

  ΓùÅ No Match ΓÇö _handleNoMatch flows ΓÇ║ Overpayment ΓåÆ confirmed at invoice amount + alert

    TypeError: Cannot read properties of undefined (reading 'incrementBalance')

    [0m [90m 357 |[39m         [90m// The ledger is still the authoritative source; this is a fast cache[39m
     [90m 358 |[39m         [90m// that reconciliation verifies periodically.[39m
    [31m[1m>[22m[39m[90m 359 |[39m         [36mawait[39m 
[33mMerchantBalance[39m[33m.[39mincrementBalance(invoice[33m.[39mmerchantId[33m,[39m {
     [90m     |[39m                               [31m[1m^[22m[39m
     [90m 360 |[39m           availableBalance[33m:[39m netAmount[33m,[39m
     [90m 361 |[39m           totalReceived[33m:[39m    receivedAmt[33m,[39m
     [90m 362 |[39m           totalFees[33m:[39m        platformFee[33m,[39m[0m

      at incrementBalance (services/matching-engine/src/engine.js:359:31)
      at MatchingEngine._confirmPayment (services/matching-engine/src/engine.js:223:7)
      at MatchingEngine._handleNoMatch (services/matching-engine/src/engine.js:484:7)
      at MatchingEngine.handle (services/matching-engine/src/engine.js:85:7)
      at Object.<anonymous> (services/matching-engine/tests/engine.test.js:591:5)

  ΓùÅ Publishers ΓÇö confirm path fires correct events ΓÇ║ payment.confirmed event published

    TypeError: Cannot read properties of undefined (reading 'incrementBalance')

    [0m [90m 357 |[39m         [90m// The ledger is still the authoritative source; this is a fast cache[39m
     [90m 358 |[39m         [90m// that reconciliation verifies periodically.[39m
    [31m[1m>[22m[39m[90m 359 |[39m         [36mawait[39m 
[33mMerchantBalance[39m[33m.[39mincrementBalance(invoice[33m.[39mmerchantId[33m,[39m {
     [90m     |[39m                               [31m[1m^[22m[39m
     [90m 360 |[39m           availableBalance[33m:[39m netAmount[33m,[39m
     [90m 361 |[39m           totalReceived[33m:[39m    receivedAmt[33m,[39m
     [90m 362 |[39m           totalFees[33m:[39m        platformFee[33m,[39m[0m

      at incrementBalance (services/matching-engine/src/engine.js:359:31)
      at MatchingEngine._confirmPayment (services/matching-engine/src/engine.js:223:7)
      at MatchingEngine._detectPayment (services/matching-engine/src/engine.js:143:7)
      at MatchingEngine.handle (services/matching-engine/src/engine.js:109:5)
      at Object.<anonymous> (services/matching-engine/tests/engine.test.js:616:5)

  ΓùÅ Publishers ΓÇö confirm path fires correct events ΓÇ║ Withdrawal eligibility published

    TypeError: Cannot read properties of undefined (reading 'incrementBalance')

    [0m [90m 357 |[39m         [90m// The ledger is still the authoritative source; this is a fast cache[39m
     [90m 358 |[39m         [90m// that reconciliation verifies periodically.[39m
    [31m[1m>[22m[39m[90m 359 |[39m         [36mawait[39m 
[33mMerchantBalance[39m[33m.[39mincrementBalance(invoice[33m.[39mmerchantId[33m,[39m {
     [90m     |[39m                               [31m[1m^[22m[39m
     [90m 360 |[39m           availableBalance[33m:[39m netAmount[33m,[39m
     [90m 361 |[39m           totalReceived[33m:[39m    receivedAmt[33m,[39m
     [90m 362 |[39m           totalFees[33m:[39m        platformFee[33m,[39m[0m

      at incrementBalance (services/matching-engine/src/engine.js:359:31)
      at MatchingEngine._confirmPayment (services/matching-engine/src/engine.js:223:7)
      at MatchingEngine._detectPayment (services/matching-engine/src/engine.js:143:7)
      at MatchingEngine.handle (services/matching-engine/src/engine.js:109:5)
      at Object.<anonymous> (services/matching-engine/tests/engine.test.js:626:5)

FAIL services/signing-service/tests/signer.test.js
  ΓùÅ Private Key Zeroing ΓÇö critical security contract ΓÇ║ Successful signing: key buffer is zeroed immediately after signing

    TypeError: Cannot read properties of undefined (reading 'create')

    [0m [90m 179 |[39m
     [90m 180 |[39m     [90m// 9. Record gas fee for operational tracking (non-blocking)[39m
    [31m[1m>[22m[39m[90m 181 |[39m     [33mGasFeeRecord[39m[33m.[39mcreate({
     [90m     |[39m                  [31m[1m^[22m[39m
     [90m 182 |[39m       txHash[33m,[39m
     [90m 183 |[39m       network[33m:[39m      req[33m.[39mnetwork[33m,[39m
     [90m 184 |[39m       walletAddress[33m:[39mwallet[33m.[39maddress[33m,[39m[0m

      at Signer.create [as sign] (services/signing-service/src/signer.js:181:18)
      at Object.<anonymous> (services/signing-service/tests/signer.test.js:247:5)

  ΓùÅ Happy Path ΓÇö correct TronWeb call sequence ΓÇ║ sign() returns txHash on success

    TypeError: Cannot read properties of undefined (reading 'create')

    [0m [90m 179 |[39m
     [90m 180 |[39m     [90m// 9. Record gas fee for operational tracking (non-blocking)[39m
    [31m[1m>[22m[39m[90m 181 |[39m     [33mGasFeeRecord[39m[33m.[39mcreate({
     [90m     |[39m                  [31m[1m^[22m[39m
     [90m 182 |[39m       txHash[33m,[39m
     [90m 183 |[39m       network[33m:[39m      req[33m.[39mnetwork[33m,[39m
     [90m 184 |[39m       walletAddress[33m:[39mwallet[33m.[39maddress[33m,[39m[0m

      at Signer.create [as sign] (services/signing-service/src/signer.js:181:18)
      at Object.<anonymous> (services/signing-service/tests/signer.test.js:300:20)

  ΓùÅ Happy Path ΓÇö correct TronWeb call sequence ΓÇ║ triggerSmartContract called with correct USDT testnet contract

    TypeError: Cannot read properties of undefined (reading 'create')

    [0m [90m 179 |[39m
     [90m 180 |[39m     [90m// 9. Record gas fee for operational tracking (non-blocking)[39m
    [31m[1m>[22m[39m[90m 181 |[39m     [33mGasFeeRecord[39m[33m.[39mcreate({
     [90m     |[39m                  [31m[1m^[22m[39m
     [90m 182 |[39m       txHash[33m,[39m
     [90m 183 |[39m       network[33m:[39m      req[33m.[39mnetwork[33m,[39m
     [90m 184 |[39m       walletAddress[33m:[39mwallet[33m.[39maddress[33m,[39m[0m

      at Signer.create [as sign] (services/signing-service/src/signer.js:181:18)
      at Object.<anonymous> (services/signing-service/tests/signer.test.js:307:5)

  ΓùÅ Happy Path ΓÇö correct TronWeb call sequence ΓÇ║ triggerSmartContract amount converted to SUN (├ù 1,000,000)

    TypeError: Cannot read properties of undefined (reading 'create')

    [0m [90m 179 |[39m
     [90m 180 |[39m     [90m// 9. Record gas fee for operational tracking (non-blocking)[39m
    [31m[1m>[22m[39m[90m 181 |[39m     [33mGasFeeRecord[39m[33m.[39mcreate({
     [90m     |[39m                  [31m[1m^[22m[39m
     [90m 182 |[39m       txHash[33m,[39m
     [90m 183 |[39m       network[33m:[39m      req[33m.[39mnetwork[33m,[39m
     [90m 184 |[39m       walletAddress[33m:[39mwallet[33m.[39maddress[33m,[39m[0m

      at Signer.create [as sign] (services/signing-service/src/signer.js:181:18)
      at Object.<anonymous> (services/signing-service/tests/signer.test.js:320:5)

  ΓùÅ Happy Path ΓÇö correct TronWeb call sequence ΓÇ║ trx.sign called before sendRawTransaction (correct sequence)

    TypeError: Cannot read properties of undefined (reading 'create')

    [0m [90m 179 |[39m
     [90m 180 |[39m     [90m// 9. Record gas fee for operational tracking (non-blocking)[39m
    [31m[1m>[22m[39m[90m 181 |[39m     [33mGasFeeRecord[39m[33m.[39mcreate({
     [90m     |[39m                  [31m[1m^[22m[39m
     [90m 182 |[39m       txHash[33m,[39m
     [90m 183 |[39m       network[33m:[39m      req[33m.[39mnetwork[33m,[39m
     [90m 184 |[39m       walletAddress[33m:[39mwallet[33m.[39maddress[33m,[39m[0m

      at Signer.create [as sign] (services/signing-service/src/signer.js:181:18)
      at Object.<anonymous> (services/signing-service/tests/signer.test.js:336:5)

  ΓùÅ Audit Log ΓÇö every operation recorded ΓÇ║ Successful signing writes audit log with outcome=success

    TypeError: Cannot read properties of undefined (reading 'create')

    [0m [90m 179 |[39m
     [90m 180 |[39m     [90m// 9. Record gas fee for operational tracking (non-blocking)[39m
    [31m[1m>[22m[39m[90m 181 |[39m     [33mGasFeeRecord[39m[33m.[39mcreate({
     [90m     |[39m                  [31m[1m^[22m[39m
     [90m 182 |[39m       txHash[33m,[39m
     [90m 183 |[39m       network[33m:[39m      req[33m.[39mnetwork[33m,[39m
     [90m 184 |[39m       walletAddress[33m:[39mwallet[33m.[39maddress[33m,[39m[0m

      at Signer.create [as sign] (services/signing-service/src/signer.js:181:18)
      at Object.<anonymous> (services/signing-service/tests/signer.test.js:359:5)

  ΓùÅ Audit Log ΓÇö every operation recorded ΓÇ║ Audit log does NOT contain private key in any field

    TypeError: Cannot read properties of undefined (reading 'create')

    [0m [90m 179 |[39m
     [90m 180 |[39m     [90m// 9. Record gas fee for operational tracking (non-blocking)[39m
    [31m[1m>[22m[39m[90m 181 |[39m     [33mGasFeeRecord[39m[33m.[39mcreate({
     [90m     |[39m                  [31m[1m^[22m[39m
     [90m 182 |[39m       txHash[33m,[39m
     [90m 183 |[39m       network[33m:[39m      req[33m.[39mnetwork[33m,[39m
     [90m 184 |[39m       walletAddress[33m:[39mwallet[33m.[39maddress[33m,[39m[0m

      at Signer.create [as sign] (services/signing-service/src/signer.js:181:18)
      at Object.<anonymous> (services/signing-service/tests/signer.test.js:397:5)

  ΓùÅ Audit Log ΓÇö every operation recorded ΓÇ║ AuditLog.create throws ΓåÆ signing still returns result (never blocks)

    TypeError: Cannot read properties of undefined (reading 'create')

    [0m [90m 179 |[39m
     [90m 180 |[39m     [90m// 9. Record gas fee for operational tracking (non-blocking)[39m
    [31m[1m>[22m[39m[90m 181 |[39m     [33mGasFeeRecord[39m[33m.[39mcreate({
     [90m     |[39m                  [31m[1m^[22m[39m
     [90m 182 |[39m       txHash[33m,[39m
     [90m 183 |[39m       network[33m:[39m      req[33m.[39mnetwork[33m,[39m
     [90m 184 |[39m       walletAddress[33m:[39mwallet[33m.[39maddress[33m,[39m[0m

      at Signer.create [as sign] (services/signing-service/src/signer.js:181:18)
      at Object.<anonymous> (services/signing-service/tests/signer.test.js:410:20)

PASS packages/common/tests/circuitBreaker.test.js
FAIL services/api-server/tests/core_packages.test.js
  ΓùÅ Test suite failed to run

    TypeError: Cannot destructure property 'ROLES' of 'require(...).constants' as it is undefined.

    [0m [90m 14 |[39m
     [90m 15 |[39m [36mconst[39m mongoose [33m=[39m require([32m'mongoose'[39m)[33m;[39m
    [31m[1m>[22m[39m[90m 16 |[39m [36mconst[39m { [33mROLES[39m } [33m=[39m 
require([32m'@xcg/common'[39m)[33m.[39mconstants[33m;[39m
     [90m    |[39m         [31m[1m^[22m[39m
     [90m 17 |[39m [36mconst[39m { secureFieldsPlugin } [33m=[39m require([32m'../plugins/secureFields'[39m)[33m;[39m
     [90m 18 |[39m
     [90m 19 |[39m [36mconst[39m userSchema [33m=[39m [36mnew[39m mongoose[33m.[39m[33mSchema[39m({[0m

      at Object.ROLES (packages/database/src/models/User.js:16:9)
      at Object.require (packages/database/index.js:7:27)
      at Object.require (packages/common/src/shutdown.js:36:26)
      at Object.require (packages/common/index.js:33:62)
      at require (services/api-server/tests/core_packages.test.js:106:21)
      at Object.describe (services/api-server/tests/core_packages.test.js:105:1)

{"timestamp":"2026-04-06T07:15:35.405Z","level":"error","service":"api-server","message":"Unhandled 
error","requestId":"2859cf79-b881-406f-85a2-61e633e3ca20","error":"Cannot read properties of undefined (reading 
'create')","stack":"TypeError: Cannot read properties of undefined (reading 'create')     at create 
(C:\\Users\\UniquePicturePrints\\Desktop\\Project\\XCoinGateway\\services\\api-server\\src\\middleware\\merchantApiAuth.js:289:21)    
 at Layer.handleRequest (C:\\Users\\UniquePicturePrints\\Desktop\\Project\\XCoinGateway\\node_modules\\router\\lib\\layer.js:152:17)  
   at next (C:\\Users\\UniquePicturePrints\\Desktop\\Project\\XCoinGateway\\node_modules\\router\\lib\\route.js:157:13)     at 
Route.dispatch (C:\\Users\\UniquePicturePrints\\Desktop\\Project\\XCoinGateway\\node_modules\\router\\lib\\route.js:117:3)     at 
handle (C:\\Users\\UniquePicturePrints\\Desktop\\Project\\XCoinGateway\\node_modules\\router\\index.js:435:11)     at 
Layer.handleRequest (C:\\Users\\UniquePicturePrints\\Desktop\\Project\\XCoinGateway\\node_modules\\router\\lib\\layer.js:152:17)     
at C:\\Users\\UniquePicturePrints\\Desktop\\Project\\XCoinGateway\\node_modules\\router\\index.js:295:15     at processParams 
(C:\\Users\\UniquePicturePrints\\Desktop\\Project\\XCoinGateway\\node_modules\\router\\index.js:582:12)     at next 
(C:\\Users\\UniquePicturePrints\\Desktop\\Project\\XCoinGateway\\node_modules\\router\\index.js:291:5)     at Function.handle 
(C:\\Users\\UniquePicturePrints\\Desktop\\Project\\XCoinGateway\\node_modules\\router\\index.js:186:3)     at router 
(C:\\Users\\UniquePicturePrints\\Desktop\\Project\\XCoinGateway\\node_modules\\router\\index.js:60:12)     at Layer.handleRequest 
(C:\\Users\\UniquePicturePrints\\Desktop\\Project\\XCoinGateway\\node_modules\\router\\lib\\layer.js:152:17)     at trimPrefix 
(C:\\Users\\UniquePicturePrints\\Desktop\\Project\\XCoinGateway\\node_modules\\router\\index.js:342:13)     at 
C:\\Users\\UniquePicturePrints\\Desktop\\Project\\XCoinGateway\\node_modules\\router\\index.js:297:9     at processParams 
(C:\\Users\\UniquePicturePrints\\Desktop\\Project\\XCoinGateway\\node_modules\\router\\index.js:582:12)     at next 
(C:\\Users\\UniquePicturePrints\\Desktop\\Project\\XCoinGateway\\node_modules\\router\\index.js:291:5)     at next 
(C:\\Users\\UniquePicturePrints\\Desktop\\Project\\XCoinGateway\\services\\api-server\\src\\app.js:393:3)     at Layer.handleRequest 
(C:\\Users\\UniquePicturePrints\\Desktop\\Project\\XCoinGateway\\node_modules\\router\\lib\\layer.js:152:17)     at trimPrefix 
(C:\\Users\\UniquePicturePrints\\Desktop\\Project\\XCoinGateway\\node_modules\\router\\index.js:342:13)     at 
C:\\Users\\UniquePicturePrints\\Desktop\\Project\\XCoinGateway\\node_modules\\router\\index.js:297:9     at processParams 
(C:\\Users\\UniquePicturePrints\\Desktop\\Project\\XCoinGateway\\node_modules\\router\\index.js:582:12)     at next 
(C:\\Users\\UniquePicturePrints\\Desktop\\Project\\XCoinGateway\\node_modules\\router\\index.js:291:5)     at next 
(C:\\Users\\UniquePicturePrints\\Desktop\\Project\\XCoinGateway\\packages\\common\\src\\requestContext.js:68:5)     at 
AsyncLocalStorage.run (node:async_hooks:346:14)     at run 
(C:\\Users\\UniquePicturePrints\\Desktop\\Project\\XCoinGateway\\packages\\common\\src\\requestContext.js:67:21)     at 
Layer.handleRequest (C:\\Users\\UniquePicturePrints\\Desktop\\Project\\XCoinGateway\\node_modules\\router\\lib\\layer.js:152:17)     
at trimPrefix (C:\\Users\\UniquePicturePrints\\Desktop\\Project\\XCoinGateway\\node_modules\\router\\index.js:342:13)     at 
C:\\Users\\UniquePicturePrints\\Desktop\\Project\\XCoinGateway\\node_modules\\router\\index.js:297:9     at processParams 
(C:\\Users\\UniquePicturePrints\\Desktop\\Project\\XCoinGateway\\node_modules\\router\\index.js:582:12)     at next 
(C:\\Users\\UniquePicturePrints\\Desktop\\Project\\XCoinGateway\\node_modules\\router\\index.js:291:5)     at next 
(C:\\Users\\UniquePicturePrints\\Desktop\\Project\\XCoinGateway\\services\\api-server\\src\\app.js:362:3)     at Layer.handleRequest 
(C:\\Users\\UniquePicturePrints\\Desktop\\Project\\XCoinGateway\\node_modules\\router\\lib\\layer.js:152:17)     at trimPrefix 
(C:\\Users\\UniquePicturePrints\\Desktop\\Project\\XCoinGateway\\node_modules\\router\\index.js:342:13)     at 
C:\\Users\\UniquePicturePrints\\Desktop\\Project\\XCoinGateway\\node_modules\\router\\index.js:297:9     at processParams 
(C:\\Users\\UniquePicturePrints\\Desktop\\Project\\XCoinGateway\\node_modules\\router\\index.js:582:12)     at next 
(C:\\Users\\UniquePicturePrints\\Desktop\\Project\\XCoinGateway\\node_modules\\router\\index.js:291:5)     at next 
(C:\\Users\\UniquePicturePrints\\Desktop\\Project\\XCoinGateway\\services\\api-server\\src\\app.js:333:36)     at Layer.handleRequest 
(C:\\Users\\UniquePicturePrints\\Desktop\\Project\\XCoinGateway\\node_modules\\router\\lib\\layer.js:152:17)     at trimPrefix 
(C:\\Users\\UniquePicturePrints\\Desktop\\Project\\XCoinGateway\\node_modules\\router\\index.js:342:13)     at 
C:\\Users\\UniquePicturePrints\\Desktop\\Project\\XCoinGateway\\node_modules\\router\\index.js:297:9     at processParams 
(C:\\Users\\UniquePicturePrints\\Desktop\\Project\\XCoinGateway\\node_modules\\router\\index.js:582:12)     at next 
(C:\\Users\\UniquePicturePrints\\Desktop\\Project\\XCoinGateway\\node_modules\\router\\index.js:291:5)     at next 
(C:\\Users\\UniquePicturePrints\\Desktop\\Project\\XCoinGateway\\services\\api-server\\src\\app.js:320:3)     at Layer.handleRequest 
(C:\\Users\\UniquePicturePrints\\Desktop\\Project\\XCoinGateway\\node_modules\\router\\lib\\layer.js:152:17)     at trimPrefix 
(C:\\Users\\UniquePicturePrints\\Desktop\\Project\\XCoinGateway\\node_modules\\router\\index.js:342:13)     at 
C:\\Users\\UniquePicturePrints\\Desktop\\Project\\XCoinGateway\\node_modules\\router\\index.js:297:9     at processParams 
(C:\\Users\\UniquePicturePrints\\Desktop\\Project\\XCoinGateway\\node_modules\\router\\index.js:582:12)     at next 
(C:\\Users\\UniquePicturePrints\\Desktop\\Project\\XCoinGateway\\node_modules\\router\\index.js:291:5)     at cookieParser 
(C:\\Users\\UniquePicturePrints\\Desktop\\Project\\XCoinGateway\\node_modules\\cookie-parser\\index.js:57:14)     at 
Layer.handleRequest (C:\\Users\\UniquePicturePrints\\Desktop\\Project\\XCoinGateway\\node_modules\\router\\lib\\layer.js:152:17)     
at trimPrefix (C:\\Users\\UniquePicturePrints\\Desktop\\Project\\XCoinGateway\\node_modules\\router\\index.js:342:13)     at 
C:\\Users\\UniquePicturePrints\\Desktop\\Project\\XCoinGateway\\node_modules\\router\\index.js:297:9     at processParams 
(C:\\Users\\UniquePicturePrints\\Desktop\\Project\\XCoinGateway\\node_modules\\router\\index.js:582:12)     at next 
(C:\\Users\\UniquePicturePrints\\Desktop\\Project\\XCoinGateway\\node_modules\\router\\index.js:291:5)     at hpp 
(C:\\Users\\UniquePicturePrints\\Desktop\\Project\\XCoinGateway\\node_modules\\hpp\\lib\\index.js:146:9)     at Layer.handleRequest 
(C:\\Users\\UniquePicturePrints\\Desktop\\Project\\XCoinGateway\\node_modules\\router\\lib\\layer.js:152:17)     at trimPrefix 
(C:\\Users\\UniquePicturePrints\\Desktop\\Project\\XCoinGateway\\node_modules\\router\\index.js:342:13)     at 
C:\\Users\\UniquePicturePrints\\Desktop\\Project\\XCoinGateway\\node_modules\\router\\index.js:297:9     at processParams 
(C:\\Users\\UniquePicturePrints\\Desktop\\Project\\XCoinGateway\\node_modules\\router\\index.js:582:12)     at next 
(C:\\Users\\UniquePicturePrints\\Desktop\\Project\\XCoinGateway\\node_modules\\router\\index.js:291:5)     at next 
(C:\\Users\\UniquePicturePrints\\Desktop\\Project\\XCoinGateway\\services\\api-server\\src\\middleware\\originValidation.js:75:12)    
 at Layer.handleRequest (C:\\Users\\UniquePicturePrints\\Desktop\\Project\\XCoinGateway\\node_modules\\router\\lib\\layer.js:152:17)  
   at trimPrefix (C:\\Users\\UniquePicturePrints\\Desktop\\Project\\XCoinGateway\\node_modules\\router\\index.js:342:13)     at 
C:\\Users\\UniquePicturePrints\\Desktop\\Project\\XCoinGateway\\node_modules\\router\\index.js:297:9     at processParams 
(C:\\Users\\UniquePicturePrints\\Desktop\\Project\\XCoinGateway\\node_modules\\router\\index.js:582:12)     at next 
(C:\\Users\\UniquePicturePrints\\Desktop\\Project\\XCoinGateway\\node_modules\\router\\index.js:291:5)     at next 
(C:\\Users\\UniquePicturePrints\\Desktop\\Project\\XCoinGateway\\services\\api-server\\src\\middleware\\requestHardening.js:165:3)    
 at Layer.handleRequest (C:\\Users\\UniquePicturePrints\\Desktop\\Project\\XCoinGateway\\node_modules\\router\\lib\\layer.js:152:17)  
   at trimPrefix (C:\\Users\\UniquePicturePrints\\Desktop\\Project\\XCoinGateway\\node_modules\\router\\index.js:342:13)     at 
C:\\Users\\UniquePicturePrints\\Desktop\\Project\\XCoinGateway\\node_modules\\router\\index.js:297:9     at processParams 
(C:\\Users\\UniquePicturePrints\\Desktop\\Project\\XCoinGateway\\node_modules\\router\\index.js:582:12)     at next 
(C:\\Users\\UniquePicturePrints\\Desktop\\Project\\XCoinGateway\\node_modules\\router\\index.js:291:5)     at next 
(C:\\Users\\UniquePicturePrints\\Desktop\\Project\\XCoinGateway\\services\\api-server\\src\\middleware\\noSqlSanitize.js:106:3)     
at Layer.handleRequest (C:\\Users\\UniquePicturePrints\\Desktop\\Project\\XCoinGateway\\node_modules\\router\\lib\\layer.js:152:17)   
  at trimPrefix (C:\\Users\\UniquePicturePrints\\Desktop\\Project\\XCoinGateway\\node_modules\\router\\index.js:342:13)     at 
C:\\Users\\UniquePicturePrints\\Desktop\\Project\\XCoinGateway\\node_modules\\router\\index.js:297:9     at processParams 
(C:\\Users\\UniquePicturePrints\\Desktop\\Project\\XCoinGateway\\node_modules\\router\\index.js:582:12)     at next 
(C:\\Users\\UniquePicturePrints\\Desktop\\Project\\XCoinGateway\\node_modules\\router\\index.js:291:5)     at read 
(C:\\Users\\UniquePicturePrints\\Desktop\\Project\\XCoinGateway\\node_modules\\body-parser\\lib\\read.js:42:5)     at 
urlencodedParser 
(C:\\Users\\UniquePicturePrints\\Desktop\\Project\\XCoinGateway\\node_modules\\body-parser\\lib\\types\\urlencoded.js:57:5)     at 
Layer.handleRequest (C:\\Users\\UniquePicturePrints\\Desktop\\Project\\XCoinGateway\\node_modules\\router\\lib\\layer.js:152:17)     
at trimPrefix (C:\\Users\\UniquePicturePrints\\Desktop\\Project\\XCoinGateway\\node_modules\\router\\index.js:342:13)     at 
C:\\Users\\UniquePicturePrints\\Desktop\\Project\\XCoinGateway\\node_modules\\router\\index.js:297:9     at processParams 
(C:\\Users\\UniquePicturePrints\\Desktop\\Project\\XCoinGateway\\node_modules\\router\\index.js:582:12)     at next 
(C:\\Users\\UniquePicturePrints\\Desktop\\Project\\XCoinGateway\\node_modules\\router\\index.js:291:5)     at read 
(C:\\Users\\UniquePicturePrints\\Desktop\\Project\\XCoinGateway\\node_modules\\body-parser\\lib\\read.js:42:5)     at jsonParser 
(C:\\Users\\UniquePicturePrints\\Desktop\\Project\\XCoinGateway\\node_modules\\body-parser\\lib\\types\\json.js:88:5)     at 
Layer.handleRequest (C:\\Users\\UniquePicturePrints\\Desktop\\Project\\XCoinGateway\\node_modules\\router\\lib\\layer.js:152:17)     
at trimPrefix (C:\\Users\\UniquePicturePrints\\Desktop\\Project\\XCoinGateway\\node_modules\\router\\index.js:342:13)     at 
C:\\Users\\UniquePicturePrints\\Desktop\\Project\\XCoinGateway\\node_modules\\router\\index.js:297:9     at processParams 
(C:\\Users\\UniquePicturePrints\\Desktop\\Project\\XCoinGateway\\node_modules\\router\\index.js:582:12)     at next 
(C:\\Users\\UniquePicturePrints\\Desktop\\Project\\XCoinGateway\\node_modules\\router\\index.js:291:5)     at 
C:\\Users\\UniquePicturePrints\\Desktop\\Project\\XCoinGateway\\node_modules\\body-parser\\lib\\read.js:171:5     at 
AsyncResource.runInAsyncScope (node:async_hooks:206:9)     at invokeCallback 
(C:\\Users\\UniquePicturePrints\\Desktop\\Project\\XCoinGateway\\node_modules\\raw-body\\index.js:238:16)     at done 
(C:\\Users\\UniquePicturePrints\\Desktop\\Project\\XCoinGateway\\node_modules\\raw-body\\index.js:227:7)     at IncomingMessage.onEnd 
(C:\\Users\\UniquePicturePrints\\Desktop\\Project\\XCoinGateway\\node_modules\\raw-body\\index.js:287:7)     at IncomingMessage.emit 
(node:events:524:28)     at endReadableNT (node:internal/streams/readable:1698:12)     at processTicksAndRejections 
(node:internal/process/task_queues:82:21)"}
{"timestamp":"2026-04-06T07:15:35.425Z","level":"error","service":"api-server","message":"Unhandled 
error","requestId":"bcf93813-55a6-4f45-9561-0f0f752bb8cb","error":"Cannot read properties of undefined (reading 
'create')","stack":"TypeError: Cannot read properties of undefined (reading 'create')     at create 
(C:\\Users\\UniquePicturePrints\\Desktop\\Project\\XCoinGateway\\services\\api-server\\src\\middleware\\merchantApiAuth.js:289:21)    
 at Layer.handleRequest (C:\\Users\\UniquePicturePrints\\Desktop\\Project\\XCoinGateway\\node_modules\\router\\lib\\layer.js:152:17)  
   at next (C:\\Users\\UniquePicturePrints\\Desktop\\Project\\XCoinGateway\\node_modules\\router\\lib\\route.js:157:13)     at 
Route.dispatch (C:\\Users\\UniquePicturePrints\\Desktop\\Project\\XCoinGateway\\node_modules\\router\\lib\\route.js:117:3)     at 
handle (C:\\Users\\UniquePicturePrints\\Desktop\\Project\\XCoinGateway\\node_modules\\router\\index.js:435:11)     at 
Layer.handleRequest (C:\\Users\\UniquePicturePrints\\Desktop\\Project\\XCoinGateway\\node_modules\\router\\lib\\layer.js:152:17)     
at C:\\Users\\UniquePicturePrints\\Desktop\\Project\\XCoinGateway\\node_modules\\router\\index.js:295:15     at processParams 
(C:\\Users\\UniquePicturePrints\\Desktop\\Project\\XCoinGateway\\node_modules\\router\\index.js:582:12)     at next 
(C:\\Users\\UniquePicturePrints\\Desktop\\Project\\XCoinGateway\\node_modules\\router\\index.js:291:5)     at Function.handle 
(C:\\Users\\UniquePicturePrints\\Desktop\\Project\\XCoinGateway\\node_modules\\router\\index.js:186:3)     at router 
(C:\\Users\\UniquePicturePrints\\Desktop\\Project\\XCoinGateway\\node_modules\\router\\index.js:60:12)     at Layer.handleRequest 
(C:\\Users\\UniquePicturePrints\\Desktop\\Project\\XCoinGateway\\node_modules\\router\\lib\\layer.js:152:17)     at trimPrefix 
(C:\\Users\\UniquePicturePrints\\Desktop\\Project\\XCoinGateway\\node_modules\\router\\index.js:342:13)     at 
C:\\Users\\UniquePicturePrints\\Desktop\\Project\\XCoinGateway\\node_modules\\router\\index.js:297:9     at processParams 
(C:\\Users\\UniquePicturePrints\\Desktop\\Project\\XCoinGateway\\node_modules\\router\\index.js:582:12)     at next 
(C:\\Users\\UniquePicturePrints\\Desktop\\Project\\XCoinGateway\\node_modules\\router\\index.js:291:5)     at next 
(C:\\Users\\UniquePicturePrints\\Desktop\\Project\\XCoinGateway\\services\\api-server\\src\\app.js:393:3)     at Layer.handleRequest 
(C:\\Users\\UniquePicturePrints\\Desktop\\Project\\XCoinGateway\\node_modules\\router\\lib\\layer.js:152:17)     at trimPrefix 
(C:\\Users\\UniquePicturePrints\\Desktop\\Project\\XCoinGateway\\node_modules\\router\\index.js:342:13)     at 
C:\\Users\\UniquePicturePrints\\Desktop\\Project\\XCoinGateway\\node_modules\\router\\index.js:297:9     at processParams 
(C:\\Users\\UniquePicturePrints\\Desktop\\Project\\XCoinGateway\\node_modules\\router\\index.js:582:12)     at next 
(C:\\Users\\UniquePicturePrints\\Desktop\\Project\\XCoinGateway\\node_modules\\router\\index.js:291:5)     at next 
(C:\\Users\\UniquePicturePrints\\Desktop\\Project\\XCoinGateway\\packages\\common\\src\\requestContext.js:68:5)     at 
AsyncLocalStorage.run (node:async_hooks:346:14)     at run 
(C:\\Users\\UniquePicturePrints\\Desktop\\Project\\XCoinGateway\\packages\\common\\src\\requestContext.js:67:21)     at 
Layer.handleRequest (C:\\Users\\UniquePicturePrints\\Desktop\\Project\\XCoinGateway\\node_modules\\router\\lib\\layer.js:152:17)     
at trimPrefix (C:\\Users\\UniquePicturePrints\\Desktop\\Project\\XCoinGateway\\node_modules\\router\\index.js:342:13)     at 
C:\\Users\\UniquePicturePrints\\Desktop\\Project\\XCoinGateway\\node_modules\\router\\index.js:297:9     at processParams 
(C:\\Users\\UniquePicturePrints\\Desktop\\Project\\XCoinGateway\\node_modules\\router\\index.js:582:12)     at next 
(C:\\Users\\UniquePicturePrints\\Desktop\\Project\\XCoinGateway\\node_modules\\router\\index.js:291:5)     at next 
(C:\\Users\\UniquePicturePrints\\Desktop\\Project\\XCoinGateway\\services\\api-server\\src\\app.js:362:3)     at Layer.handleRequest 
(C:\\Users\\UniquePicturePrints\\Desktop\\Project\\XCoinGateway\\node_modules\\router\\lib\\layer.js:152:17)     at trimPrefix 
(C:\\Users\\UniquePicturePrints\\Desktop\\Project\\XCoinGateway\\node_modules\\router\\index.js:342:13)     at 
C:\\Users\\UniquePicturePrints\\Desktop\\Project\\XCoinGateway\\node_modules\\router\\index.js:297:9     at processParams 
(C:\\Users\\UniquePicturePrints\\Desktop\\Project\\XCoinGateway\\node_modules\\router\\index.js:582:12)     at next 
(C:\\Users\\UniquePicturePrints\\Desktop\\Project\\XCoinGateway\\node_modules\\router\\index.js:291:5)     at next 
(C:\\Users\\UniquePicturePrints\\Desktop\\Project\\XCoinGateway\\services\\api-server\\src\\app.js:333:36)     at Layer.handleRequest 
(C:\\Users\\UniquePicturePrints\\Desktop\\Project\\XCoinGateway\\node_modules\\router\\lib\\layer.js:152:17)     at trimPrefix 
(C:\\Users\\UniquePicturePrints\\Desktop\\Project\\XCoinGateway\\node_modules\\router\\index.js:342:13)     at 
C:\\Users\\UniquePicturePrints\\Desktop\\Project\\XCoinGateway\\node_modules\\router\\index.js:297:9     at processParams 
(C:\\Users\\UniquePicturePrints\\Desktop\\Project\\XCoinGateway\\node_modules\\router\\index.js:582:12)     at next 
(C:\\Users\\UniquePicturePrints\\Desktop\\Project\\XCoinGateway\\node_modules\\router\\index.js:291:5)     at next 
(C:\\Users\\UniquePicturePrints\\Desktop\\Project\\XCoinGateway\\services\\api-server\\src\\app.js:320:3)     at Layer.handleRequest 
(C:\\Users\\UniquePicturePrints\\Desktop\\Project\\XCoinGateway\\node_modules\\router\\lib\\layer.js:152:17)     at trimPrefix 
(C:\\Users\\UniquePicturePrints\\Desktop\\Project\\XCoinGateway\\node_modules\\router\\index.js:342:13)     at 
C:\\Users\\UniquePicturePrints\\Desktop\\Project\\XCoinGateway\\node_modules\\router\\index.js:297:9     at processParams 
(C:\\Users\\UniquePicturePrints\\Desktop\\Project\\XCoinGateway\\node_modules\\router\\index.js:582:12)     at next 
(C:\\Users\\UniquePicturePrints\\Desktop\\Project\\XCoinGateway\\node_modules\\router\\index.js:291:5)     at cookieParser 
(C:\\Users\\UniquePicturePrints\\Desktop\\Project\\XCoinGateway\\node_modules\\cookie-parser\\index.js:57:14)     at 
Layer.handleRequest (C:\\Users\\UniquePicturePrints\\Desktop\\Project\\XCoinGateway\\node_modules\\router\\lib\\layer.js:152:17)     
at trimPrefix (C:\\Users\\UniquePicturePrints\\Desktop\\Project\\XCoinGateway\\node_modules\\router\\index.js:342:13)     at 
C:\\Users\\UniquePicturePrints\\Desktop\\Project\\XCoinGateway\\node_modules\\router\\index.js:297:9     at processParams 
(C:\\Users\\UniquePicturePrints\\Desktop\\Project\\XCoinGateway\\node_modules\\router\\index.js:582:12)     at next 
(C:\\Users\\UniquePicturePrints\\Desktop\\Project\\XCoinGateway\\node_modules\\router\\index.js:291:5)     at hpp 
(C:\\Users\\UniquePicturePrints\\Desktop\\Project\\XCoinGateway\\node_modules\\hpp\\lib\\index.js:146:9)     at Layer.handleRequest 
(C:\\Users\\UniquePicturePrints\\Desktop\\Project\\XCoinGateway\\node_modules\\router\\lib\\layer.js:152:17)     at trimPrefix 
(C:\\Users\\UniquePicturePrints\\Desktop\\Project\\XCoinGateway\\node_modules\\router\\index.js:342:13)     at 
C:\\Users\\UniquePicturePrints\\Desktop\\Project\\XCoinGateway\\node_modules\\router\\index.js:297:9     at processParams 
(C:\\Users\\UniquePicturePrints\\Desktop\\Project\\XCoinGateway\\node_modules\\router\\index.js:582:12)     at next 
(C:\\Users\\UniquePicturePrints\\Desktop\\Project\\XCoinGateway\\node_modules\\router\\index.js:291:5)     at next 
(C:\\Users\\UniquePicturePrints\\Desktop\\Project\\XCoinGateway\\services\\api-server\\src\\middleware\\originValidation.js:75:12)    
 at Layer.handleRequest (C:\\Users\\UniquePicturePrints\\Desktop\\Project\\XCoinGateway\\node_modules\\router\\lib\\layer.js:152:17)  
   at trimPrefix (C:\\Users\\UniquePicturePrints\\Desktop\\Project\\XCoinGateway\\node_modules\\router\\index.js:342:13)     at 
C:\\Users\\UniquePicturePrints\\Desktop\\Project\\XCoinGateway\\node_modules\\router\\index.js:297:9     at processParams 
(C:\\Users\\UniquePicturePrints\\Desktop\\Project\\XCoinGateway\\node_modules\\router\\index.js:582:12)     at next 
(C:\\Users\\UniquePicturePrints\\Desktop\\Project\\XCoinGateway\\node_modules\\router\\index.js:291:5)     at next 
(C:\\Users\\UniquePicturePrints\\Desktop\\Project\\XCoinGateway\\services\\api-server\\src\\middleware\\requestHardening.js:165:3)    
 at Layer.handleRequest (C:\\Users\\UniquePicturePrints\\Desktop\\Project\\XCoinGateway\\node_modules\\router\\lib\\layer.js:152:17)  
   at trimPrefix (C:\\Users\\UniquePicturePrints\\Desktop\\Project\\XCoinGateway\\node_modules\\router\\index.js:342:13)     at 
C:\\Users\\UniquePicturePrints\\Desktop\\Project\\XCoinGateway\\node_modules\\router\\index.js:297:9     at processParams 
(C:\\Users\\UniquePicturePrints\\Desktop\\Project\\XCoinGateway\\node_modules\\router\\index.js:582:12)     at next 
(C:\\Users\\UniquePicturePrints\\Desktop\\Project\\XCoinGateway\\node_modules\\router\\index.js:291:5)     at next 
(C:\\Users\\UniquePicturePrints\\Desktop\\Project\\XCoinGateway\\services\\api-server\\src\\middleware\\noSqlSanitize.js:106:3)     
at Layer.handleRequest (C:\\Users\\UniquePicturePrints\\Desktop\\Project\\XCoinGateway\\node_modules\\router\\lib\\layer.js:152:17)   
  at trimPrefix (C:\\Users\\UniquePicturePrints\\Desktop\\Project\\XCoinGateway\\node_modules\\router\\index.js:342:13)     at 
C:\\Users\\UniquePicturePrints\\Desktop\\Project\\XCoinGateway\\node_modules\\router\\index.js:297:9     at processParams 
(C:\\Users\\UniquePicturePrints\\Desktop\\Project\\XCoinGateway\\node_modules\\router\\index.js:582:12)     at next 
(C:\\Users\\UniquePicturePrints\\Desktop\\Project\\XCoinGateway\\node_modules\\router\\index.js:291:5)     at read 
(C:\\Users\\UniquePicturePrints\\Desktop\\Project\\XCoinGateway\\node_modules\\body-parser\\lib\\read.js:42:5)     at 
urlencodedParser 
(C:\\Users\\UniquePicturePrints\\Desktop\\Project\\XCoinGateway\\node_modules\\body-parser\\lib\\types\\urlencoded.js:57:5)     at 
Layer.handleRequest (C:\\Users\\UniquePicturePrints\\Desktop\\Project\\XCoinGateway\\node_modules\\router\\lib\\layer.js:152:17)     
at trimPrefix (C:\\Users\\UniquePicturePrints\\Desktop\\Project\\XCoinGateway\\node_modules\\router\\index.js:342:13)     at 
C:\\Users\\UniquePicturePrints\\Desktop\\Project\\XCoinGateway\\node_modules\\router\\index.js:297:9     at processParams 
(C:\\Users\\UniquePicturePrints\\Desktop\\Project\\XCoinGateway\\node_modules\\router\\index.js:582:12)     at next 
(C:\\Users\\UniquePicturePrints\\Desktop\\Project\\XCoinGateway\\node_modules\\router\\index.js:291:5)     at read 
(C:\\Users\\UniquePicturePrints\\Desktop\\Project\\XCoinGateway\\node_modules\\body-parser\\lib\\read.js:42:5)     at jsonParser 
(C:\\Users\\UniquePicturePrints\\Desktop\\Project\\XCoinGateway\\node_modules\\body-parser\\lib\\types\\json.js:88:5)     at 
Layer.handleRequest (C:\\Users\\UniquePicturePrints\\Desktop\\Project\\XCoinGateway\\node_modules\\router\\lib\\layer.js:152:17)     
at trimPrefix (C:\\Users\\UniquePicturePrints\\Desktop\\Project\\XCoinGateway\\node_modules\\router\\index.js:342:13)     at 
C:\\Users\\UniquePicturePrints\\Desktop\\Project\\XCoinGateway\\node_modules\\router\\index.js:297:9     at processParams 
(C:\\Users\\UniquePicturePrints\\Desktop\\Project\\XCoinGateway\\node_modules\\router\\index.js:582:12)     at next 
(C:\\Users\\UniquePicturePrints\\Desktop\\Project\\XCoinGateway\\node_modules\\router\\index.js:291:5)     at 
C:\\Users\\UniquePicturePrints\\Desktop\\Project\\XCoinGateway\\node_modules\\body-parser\\lib\\read.js:171:5     at 
AsyncResource.runInAsyncScope (node:async_hooks:206:9)     at invokeCallback 
(C:\\Users\\UniquePicturePrints\\Desktop\\Project\\XCoinGateway\\node_modules\\raw-body\\index.js:238:16)     at done 
(C:\\Users\\UniquePicturePrints\\Desktop\\Project\\XCoinGateway\\node_modules\\raw-body\\index.js:227:7)     at IncomingMessage.onEnd 
(C:\\Users\\UniquePicturePrints\\Desktop\\Project\\XCoinGateway\\node_modules\\raw-body\\index.js:287:7)     at IncomingMessage.emit 
(node:events:524:28)     at endReadableNT (node:internal/streams/readable:1698:12)     at processTicksAndRejections 
(node:internal/process/task_queues:82:21)"}
{"timestamp":"2026-04-06T07:15:35.438Z","level":"error","service":"api-server","message":"Unhandled 
error","requestId":"d3c0ed02-ac8e-4c78-9236-9fdc09b19a80","error":"Cannot read properties of undefined (reading 
'create')","stack":"TypeError: Cannot read properties of undefined (reading 'create')     at create 
(C:\\Users\\UniquePicturePrints\\Desktop\\Project\\XCoinGateway\\services\\api-server\\src\\middleware\\merchantApiAuth.js:289:21)    
 at Layer.handleRequest (C:\\Users\\UniquePicturePrints\\Desktop\\Project\\XCoinGateway\\node_modules\\router\\lib\\layer.js:152:17)  
   at next (C:\\Users\\UniquePicturePrints\\Desktop\\Project\\XCoinGateway\\node_modules\\router\\lib\\route.js:157:13)     at 
Route.dispatch (C:\\Users\\UniquePicturePrints\\Desktop\\Project\\XCoinGateway\\node_modules\\router\\lib\\route.js:117:3)     at 
handle (C:\\Users\\UniquePicturePrints\\Desktop\\Project\\XCoinGateway\\node_modules\\router\\index.js:435:11)     at 
Layer.handleRequest (C:\\Users\\UniquePicturePrints\\Desktop\\Project\\XCoinGateway\\node_modules\\router\\lib\\layer.js:152:17)     
at C:\\Users\\UniquePicturePrints\\Desktop\\Project\\XCoinGateway\\node_modules\\router\\index.js:295:15     at processParams 
(C:\\Users\\UniquePicturePrints\\Desktop\\Project\\XCoinGateway\\node_modules\\router\\index.js:582:12)     at next 
(C:\\Users\\UniquePicturePrints\\Desktop\\Project\\XCoinGateway\\node_modules\\router\\index.js:291:5)     at Function.handle 
(C:\\Users\\UniquePicturePrints\\Desktop\\Project\\XCoinGateway\\node_modules\\router\\index.js:186:3)     at router 
(C:\\Users\\UniquePicturePrints\\Desktop\\Project\\XCoinGateway\\node_modules\\router\\index.js:60:12)     at Layer.handleRequest 
(C:\\Users\\UniquePicturePrints\\Desktop\\Project\\XCoinGateway\\node_modules\\router\\lib\\layer.js:152:17)     at trimPrefix 
(C:\\Users\\UniquePicturePrints\\Desktop\\Project\\XCoinGateway\\node_modules\\router\\index.js:342:13)     at 
C:\\Users\\UniquePicturePrints\\Desktop\\Project\\XCoinGateway\\node_modules\\router\\index.js:297:9     at processParams 
(C:\\Users\\UniquePicturePrints\\Desktop\\Project\\XCoinGateway\\node_modules\\router\\index.js:582:12)     at next 
(C:\\Users\\UniquePicturePrints\\Desktop\\Project\\XCoinGateway\\node_modules\\router\\index.js:291:5)     at next 
(C:\\Users\\UniquePicturePrints\\Desktop\\Project\\XCoinGateway\\services\\api-server\\src\\app.js:393:3)     at Layer.handleRequest 
(C:\\Users\\UniquePicturePrints\\Desktop\\Project\\XCoinGateway\\node_modules\\router\\lib\\layer.js:152:17)     at trimPrefix 
(C:\\Users\\UniquePicturePrints\\Desktop\\Project\\XCoinGateway\\node_modules\\router\\index.js:342:13)     at 
C:\\Users\\UniquePicturePrints\\Desktop\\Project\\XCoinGateway\\node_modules\\router\\index.js:297:9     at processParams 
(C:\\Users\\UniquePicturePrints\\Desktop\\Project\\XCoinGateway\\node_modules\\router\\index.js:582:12)     at next 
(C:\\Users\\UniquePicturePrints\\Desktop\\Project\\XCoinGateway\\node_modules\\router\\index.js:291:5)     at next 
(C:\\Users\\UniquePicturePrints\\Desktop\\Project\\XCoinGateway\\packages\\common\\src\\requestContext.js:68:5)     at 
AsyncLocalStorage.run (node:async_hooks:346:14)     at run 
(C:\\Users\\UniquePicturePrints\\Desktop\\Project\\XCoinGateway\\packages\\common\\src\\requestContext.js:67:21)     at 
Layer.handleRequest (C:\\Users\\UniquePicturePrints\\Desktop\\Project\\XCoinGateway\\node_modules\\router\\lib\\layer.js:152:17)     
at trimPrefix (C:\\Users\\UniquePicturePrints\\Desktop\\Project\\XCoinGateway\\node_modules\\router\\index.js:342:13)     at 
C:\\Users\\UniquePicturePrints\\Desktop\\Project\\XCoinGateway\\node_modules\\router\\index.js:297:9     at processParams 
(C:\\Users\\UniquePicturePrints\\Desktop\\Project\\XCoinGateway\\node_modules\\router\\index.js:582:12)     at next 
(C:\\Users\\UniquePicturePrints\\Desktop\\Project\\XCoinGateway\\node_modules\\router\\index.js:291:5)     at next 
(C:\\Users\\UniquePicturePrints\\Desktop\\Project\\XCoinGateway\\services\\api-server\\src\\app.js:362:3)     at Layer.handleRequest 
(C:\\Users\\UniquePicturePrints\\Desktop\\Project\\XCoinGateway\\node_modules\\router\\lib\\layer.js:152:17)     at trimPrefix 
(C:\\Users\\UniquePicturePrints\\Desktop\\Project\\XCoinGateway\\node_modules\\router\\index.js:342:13)     at 
C:\\Users\\UniquePicturePrints\\Desktop\\Project\\XCoinGateway\\node_modules\\router\\index.js:297:9     at processParams 
(C:\\Users\\UniquePicturePrints\\Desktop\\Project\\XCoinGateway\\node_modules\\router\\index.js:582:12)     at next 
(C:\\Users\\UniquePicturePrints\\Desktop\\Project\\XCoinGateway\\node_modules\\router\\index.js:291:5)     at next 
(C:\\Users\\UniquePicturePrints\\Desktop\\Project\\XCoinGateway\\services\\api-server\\src\\app.js:333:36)     at Layer.handleRequest 
(C:\\Users\\UniquePicturePrints\\Desktop\\Project\\XCoinGateway\\node_modules\\router\\lib\\layer.js:152:17)     at trimPrefix 
(C:\\Users\\UniquePicturePrints\\Desktop\\Project\\XCoinGateway\\node_modules\\router\\index.js:342:13)     at 
C:\\Users\\UniquePicturePrints\\Desktop\\Project\\XCoinGateway\\node_modules\\router\\index.js:297:9     at processParams 
(C:\\Users\\UniquePicturePrints\\Desktop\\Project\\XCoinGateway\\node_modules\\router\\index.js:582:12)     at next 
(C:\\Users\\UniquePicturePrints\\Desktop\\Project\\XCoinGateway\\node_modules\\router\\index.js:291:5)     at next 
(C:\\Users\\UniquePicturePrints\\Desktop\\Project\\XCoinGateway\\services\\api-server\\src\\app.js:320:3)     at Layer.handleRequest 
(C:\\Users\\UniquePicturePrints\\Desktop\\Project\\XCoinGateway\\node_modules\\router\\lib\\layer.js:152:17)     at trimPrefix 
(C:\\Users\\UniquePicturePrints\\Desktop\\Project\\XCoinGateway\\node_modules\\router\\index.js:342:13)     at 
C:\\Users\\UniquePicturePrints\\Desktop\\Project\\XCoinGateway\\node_modules\\router\\index.js:297:9     at processParams 
(C:\\Users\\UniquePicturePrints\\Desktop\\Project\\XCoinGateway\\node_modules\\router\\index.js:582:12)     at next 
(C:\\Users\\UniquePicturePrints\\Desktop\\Project\\XCoinGateway\\node_modules\\router\\index.js:291:5)     at cookieParser 
(C:\\Users\\UniquePicturePrints\\Desktop\\Project\\XCoinGateway\\node_modules\\cookie-parser\\index.js:57:14)     at 
Layer.handleRequest (C:\\Users\\UniquePicturePrints\\Desktop\\Project\\XCoinGateway\\node_modules\\router\\lib\\layer.js:152:17)     
at trimPrefix (C:\\Users\\UniquePicturePrints\\Desktop\\Project\\XCoinGateway\\node_modules\\router\\index.js:342:13)     at 
C:\\Users\\UniquePicturePrints\\Desktop\\Project\\XCoinGateway\\node_modules\\router\\index.js:297:9     at processParams 
(C:\\Users\\UniquePicturePrints\\Desktop\\Project\\XCoinGateway\\node_modules\\router\\index.js:582:12)     at next 
(C:\\Users\\UniquePicturePrints\\Desktop\\Project\\XCoinGateway\\node_modules\\router\\index.js:291:5)     at hpp 
(C:\\Users\\UniquePicturePrints\\Desktop\\Project\\XCoinGateway\\node_modules\\hpp\\lib\\index.js:146:9)     at Layer.handleRequest 
(C:\\Users\\UniquePicturePrints\\Desktop\\Project\\XCoinGateway\\node_modules\\router\\lib\\layer.js:152:17)     at trimPrefix 
(C:\\Users\\UniquePicturePrints\\Desktop\\Project\\XCoinGateway\\node_modules\\router\\index.js:342:13)     at 
C:\\Users\\UniquePicturePrints\\Desktop\\Project\\XCoinGateway\\node_modules\\router\\index.js:297:9     at processParams 
(C:\\Users\\UniquePicturePrints\\Desktop\\Project\\XCoinGateway\\node_modules\\router\\index.js:582:12)     at next 
(C:\\Users\\UniquePicturePrints\\Desktop\\Project\\XCoinGateway\\node_modules\\router\\index.js:291:5)     at next 
(C:\\Users\\UniquePicturePrints\\Desktop\\Project\\XCoinGateway\\services\\api-server\\src\\middleware\\originValidation.js:75:12)    
 at Layer.handleRequest (C:\\Users\\UniquePicturePrints\\Desktop\\Project\\XCoinGateway\\node_modules\\router\\lib\\layer.js:152:17)  
   at trimPrefix (C:\\Users\\UniquePicturePrints\\Desktop\\Project\\XCoinGateway\\node_modules\\router\\index.js:342:13)     at 
C:\\Users\\UniquePicturePrints\\Desktop\\Project\\XCoinGateway\\node_modules\\router\\index.js:297:9     at processParams 
(C:\\Users\\UniquePicturePrints\\Desktop\\Project\\XCoinGateway\\node_modules\\router\\index.js:582:12)     at next 
(C:\\Users\\UniquePicturePrints\\Desktop\\Project\\XCoinGateway\\node_modules\\router\\index.js:291:5)     at next 
(C:\\Users\\UniquePicturePrints\\Desktop\\Project\\XCoinGateway\\services\\api-server\\src\\middleware\\requestHardening.js:165:3)    
 at Layer.handleRequest (C:\\Users\\UniquePicturePrints\\Desktop\\Project\\XCoinGateway\\node_modules\\router\\lib\\layer.js:152:17)  
   at trimPrefix (C:\\Users\\UniquePicturePrints\\Desktop\\Project\\XCoinGateway\\node_modules\\router\\index.js:342:13)     at 
C:\\Users\\UniquePicturePrints\\Desktop\\Project\\XCoinGateway\\node_modules\\router\\index.js:297:9     at processParams 
(C:\\Users\\UniquePicturePrints\\Desktop\\Project\\XCoinGateway\\node_modules\\router\\index.js:582:12)     at next 
(C:\\Users\\UniquePicturePrints\\Desktop\\Project\\XCoinGateway\\node_modules\\router\\index.js:291:5)     at next 
(C:\\Users\\UniquePicturePrints\\Desktop\\Project\\XCoinGateway\\services\\api-server\\src\\middleware\\noSqlSanitize.js:106:3)     
at Layer.handleRequest (C:\\Users\\UniquePicturePrints\\Desktop\\Project\\XCoinGateway\\node_modules\\router\\lib\\layer.js:152:17)   
  at trimPrefix (C:\\Users\\UniquePicturePrints\\Desktop\\Project\\XCoinGateway\\node_modules\\router\\index.js:342:13)     at 
C:\\Users\\UniquePicturePrints\\Desktop\\Project\\XCoinGateway\\node_modules\\router\\index.js:297:9     at processParams 
(C:\\Users\\UniquePicturePrints\\Desktop\\Project\\XCoinGateway\\node_modules\\router\\index.js:582:12)     at next 
(C:\\Users\\UniquePicturePrints\\Desktop\\Project\\XCoinGateway\\node_modules\\router\\index.js:291:5)     at read 
(C:\\Users\\UniquePicturePrints\\Desktop\\Project\\XCoinGateway\\node_modules\\body-parser\\lib\\read.js:42:5)     at 
urlencodedParser 
(C:\\Users\\UniquePicturePrints\\Desktop\\Project\\XCoinGateway\\node_modules\\body-parser\\lib\\types\\urlencoded.js:57:5)     at 
Layer.handleRequest (C:\\Users\\UniquePicturePrints\\Desktop\\Project\\XCoinGateway\\node_modules\\router\\lib\\layer.js:152:17)     
at trimPrefix (C:\\Users\\UniquePicturePrints\\Desktop\\Project\\XCoinGateway\\node_modules\\router\\index.js:342:13)     at 
C:\\Users\\UniquePicturePrints\\Desktop\\Project\\XCoinGateway\\node_modules\\router\\index.js:297:9     at processParams 
(C:\\Users\\UniquePicturePrints\\Desktop\\Project\\XCoinGateway\\node_modules\\router\\index.js:582:12)     at next 
(C:\\Users\\UniquePicturePrints\\Desktop\\Project\\XCoinGateway\\node_modules\\router\\index.js:291:5)     at read 
(C:\\Users\\UniquePicturePrints\\Desktop\\Project\\XCoinGateway\\node_modules\\body-parser\\lib\\read.js:42:5)     at jsonParser 
(C:\\Users\\UniquePicturePrints\\Desktop\\Project\\XCoinGateway\\node_modules\\body-parser\\lib\\types\\json.js:88:5)     at 
Layer.handleRequest (C:\\Users\\UniquePicturePrints\\Desktop\\Project\\XCoinGateway\\node_modules\\router\\lib\\layer.js:152:17)     
at trimPrefix (C:\\Users\\UniquePicturePrints\\Desktop\\Project\\XCoinGateway\\node_modules\\router\\index.js:342:13)     at 
C:\\Users\\UniquePicturePrints\\Desktop\\Project\\XCoinGateway\\node_modules\\router\\index.js:297:9     at processParams 
(C:\\Users\\UniquePicturePrints\\Desktop\\Project\\XCoinGateway\\node_modules\\router\\index.js:582:12)     at next 
(C:\\Users\\UniquePicturePrints\\Desktop\\Project\\XCoinGateway\\node_modules\\router\\index.js:291:5)     at 
C:\\Users\\UniquePicturePrints\\Desktop\\Project\\XCoinGateway\\node_modules\\body-parser\\lib\\read.js:171:5     at 
AsyncResource.runInAsyncScope (node:async_hooks:206:9)     at invokeCallback 
(C:\\Users\\UniquePicturePrints\\Desktop\\Project\\XCoinGateway\\node_modules\\raw-body\\index.js:238:16)     at done 
(C:\\Users\\UniquePicturePrints\\Desktop\\Project\\XCoinGateway\\node_modules\\raw-body\\index.js:227:7)     at IncomingMessage.onEnd 
(C:\\Users\\UniquePicturePrints\\Desktop\\Project\\XCoinGateway\\node_modules\\raw-body\\index.js:287:7)     at IncomingMessage.emit 
(node:events:524:28)     at endReadableNT (node:internal/streams/readable:1698:12)     at processTicksAndRejections 
(node:internal/process/task_queues:82:21)"}
{"timestamp":"2026-04-06T07:15:35.446Z","level":"error","service":"api-server","message":"Unhandled 
error","requestId":"035c05bd-a954-4e55-8fc4-fa57c4e0230e","error":"Cannot read properties of undefined (reading 
'create')","stack":"TypeError: Cannot read properties of undefined (reading 'create')     at create 
(C:\\Users\\UniquePicturePrints\\Desktop\\Project\\XCoinGateway\\services\\api-server\\src\\middleware\\merchantApiAuth.js:289:21)    
 at Layer.handleRequest (C:\\Users\\UniquePicturePrints\\Desktop\\Project\\XCoinGateway\\node_modules\\router\\lib\\layer.js:152:17)  
   at next (C:\\Users\\UniquePicturePrints\\Desktop\\Project\\XCoinGateway\\node_modules\\router\\lib\\route.js:157:13)     at 
Route.dispatch (C:\\Users\\UniquePicturePrints\\Desktop\\Project\\XCoinGateway\\node_modules\\router\\lib\\route.js:117:3)     at 
handle (C:\\Users\\UniquePicturePrints\\Desktop\\Project\\XCoinGateway\\node_modules\\router\\index.js:435:11)     at 
Layer.handleRequest (C:\\Users\\UniquePicturePrints\\Desktop\\Project\\XCoinGateway\\node_modules\\router\\lib\\layer.js:152:17)     
at C:\\Users\\UniquePicturePrints\\Desktop\\Project\\XCoinGateway\\node_modules\\router\\index.js:295:15     at processParams 
(C:\\Users\\UniquePicturePrints\\Desktop\\Project\\XCoinGateway\\node_modules\\router\\index.js:582:12)     at next 
(C:\\Users\\UniquePicturePrints\\Desktop\\Project\\XCoinGateway\\node_modules\\router\\index.js:291:5)     at Function.handle 
(C:\\Users\\UniquePicturePrints\\Desktop\\Project\\XCoinGateway\\node_modules\\router\\index.js:186:3)     at router 
(C:\\Users\\UniquePicturePrints\\Desktop\\Project\\XCoinGateway\\node_modules\\router\\index.js:60:12)     at Layer.handleRequest 
(C:\\Users\\UniquePicturePrints\\Desktop\\Project\\XCoinGateway\\node_modules\\router\\lib\\layer.js:152:17)     at trimPrefix 
(C:\\Users\\UniquePicturePrints\\Desktop\\Project\\XCoinGateway\\node_modules\\router\\index.js:342:13)     at 
C:\\Users\\UniquePicturePrints\\Desktop\\Project\\XCoinGateway\\node_modules\\router\\index.js:297:9     at processParams 
(C:\\Users\\UniquePicturePrints\\Desktop\\Project\\XCoinGateway\\node_modules\\router\\index.js:582:12)     at next 
(C:\\Users\\UniquePicturePrints\\Desktop\\Project\\XCoinGateway\\node_modules\\router\\index.js:291:5)     at next 
(C:\\Users\\UniquePicturePrints\\Desktop\\Project\\XCoinGateway\\services\\api-server\\src\\app.js:393:3)     at Layer.handleRequest 
(C:\\Users\\UniquePicturePrints\\Desktop\\Project\\XCoinGateway\\node_modules\\router\\lib\\layer.js:152:17)     at trimPrefix 
(C:\\Users\\UniquePicturePrints\\Desktop\\Project\\XCoinGateway\\node_modules\\router\\index.js:342:13)     at 
C:\\Users\\UniquePicturePrints\\Desktop\\Project\\XCoinGateway\\node_modules\\router\\index.js:297:9     at processParams 
(C:\\Users\\UniquePicturePrints\\Desktop\\Project\\XCoinGateway\\node_modules\\router\\index.js:582:12)     at next 
(C:\\Users\\UniquePicturePrints\\Desktop\\Project\\XCoinGateway\\node_modules\\router\\index.js:291:5)     at next 
(C:\\Users\\UniquePicturePrints\\Desktop\\Project\\XCoinGateway\\packages\\common\\src\\requestContext.js:68:5)     at 
AsyncLocalStorage.run (node:async_hooks:346:14)     at run 
(C:\\Users\\UniquePicturePrints\\Desktop\\Project\\XCoinGateway\\packages\\common\\src\\requestContext.js:67:21)     at 
Layer.handleRequest (C:\\Users\\UniquePicturePrints\\Desktop\\Project\\XCoinGateway\\node_modules\\router\\lib\\layer.js:152:17)     
at trimPrefix (C:\\Users\\UniquePicturePrints\\Desktop\\Project\\XCoinGateway\\node_modules\\router\\index.js:342:13)     at 
C:\\Users\\UniquePicturePrints\\Desktop\\Project\\XCoinGateway\\node_modules\\router\\index.js:297:9     at processParams 
(C:\\Users\\UniquePicturePrints\\Desktop\\Project\\XCoinGateway\\node_modules\\router\\index.js:582:12)     at next 
(C:\\Users\\UniquePicturePrints\\Desktop\\Project\\XCoinGateway\\node_modules\\router\\index.js:291:5)     at next 
(C:\\Users\\UniquePicturePrints\\Desktop\\Project\\XCoinGateway\\services\\api-server\\src\\app.js:362:3)     at Layer.handleRequest 
(C:\\Users\\UniquePicturePrints\\Desktop\\Project\\XCoinGateway\\node_modules\\router\\lib\\layer.js:152:17)     at trimPrefix 
(C:\\Users\\UniquePicturePrints\\Desktop\\Project\\XCoinGateway\\node_modules\\router\\index.js:342:13)     at 
C:\\Users\\UniquePicturePrints\\Desktop\\Project\\XCoinGateway\\node_modules\\router\\index.js:297:9     at processParams 
(C:\\Users\\UniquePicturePrints\\Desktop\\Project\\XCoinGateway\\node_modules\\router\\index.js:582:12)     at next 
(C:\\Users\\UniquePicturePrints\\Desktop\\Project\\XCoinGateway\\node_modules\\router\\index.js:291:5)     at next 
(C:\\Users\\UniquePicturePrints\\Desktop\\Project\\XCoinGateway\\services\\api-server\\src\\app.js:333:36)     at Layer.handleRequest 
(C:\\Users\\UniquePicturePrints\\Desktop\\Project\\XCoinGateway\\node_modules\\router\\lib\\layer.js:152:17)     at trimPrefix 
(C:\\Users\\UniquePicturePrints\\Desktop\\Project\\XCoinGateway\\node_modules\\router\\index.js:342:13)     at 
C:\\Users\\UniquePicturePrints\\Desktop\\Project\\XCoinGateway\\node_modules\\router\\index.js:297:9     at processParams 
(C:\\Users\\UniquePicturePrints\\Desktop\\Project\\XCoinGateway\\node_modules\\router\\index.js:582:12)     at next 
(C:\\Users\\UniquePicturePrints\\Desktop\\Project\\XCoinGateway\\node_modules\\router\\index.js:291:5)     at next 
(C:\\Users\\UniquePicturePrints\\Desktop\\Project\\XCoinGateway\\services\\api-server\\src\\app.js:320:3)     at Layer.handleRequest 
(C:\\Users\\UniquePicturePrints\\Desktop\\Project\\XCoinGateway\\node_modules\\router\\lib\\layer.js:152:17)     at trimPrefix 
(C:\\Users\\UniquePicturePrints\\Desktop\\Project\\XCoinGateway\\node_modules\\router\\index.js:342:13)     at 
C:\\Users\\UniquePicturePrints\\Desktop\\Project\\XCoinGateway\\node_modules\\router\\index.js:297:9     at processParams 
(C:\\Users\\UniquePicturePrints\\Desktop\\Project\\XCoinGateway\\node_modules\\router\\index.js:582:12)     at next 
(C:\\Users\\UniquePicturePrints\\Desktop\\Project\\XCoinGateway\\node_modules\\router\\index.js:291:5)     at cookieParser 
(C:\\Users\\UniquePicturePrints\\Desktop\\Project\\XCoinGateway\\node_modules\\cookie-parser\\index.js:57:14)     at 
Layer.handleRequest (C:\\Users\\UniquePicturePrints\\Desktop\\Project\\XCoinGateway\\node_modules\\router\\lib\\layer.js:152:17)     
at trimPrefix (C:\\Users\\UniquePicturePrints\\Desktop\\Project\\XCoinGateway\\node_modules\\router\\index.js:342:13)     at 
C:\\Users\\UniquePicturePrints\\Desktop\\Project\\XCoinGateway\\node_modules\\router\\index.js:297:9     at processParams 
(C:\\Users\\UniquePicturePrints\\Desktop\\Project\\XCoinGateway\\node_modules\\router\\index.js:582:12)     at next 
(C:\\Users\\UniquePicturePrints\\Desktop\\Project\\XCoinGateway\\node_modules\\router\\index.js:291:5)     at hpp 
(C:\\Users\\UniquePicturePrints\\Desktop\\Project\\XCoinGateway\\node_modules\\hpp\\lib\\index.js:146:9)     at Layer.handleRequest 
(C:\\Users\\UniquePicturePrints\\Desktop\\Project\\XCoinGateway\\node_modules\\router\\lib\\layer.js:152:17)     at trimPrefix 
(C:\\Users\\UniquePicturePrints\\Desktop\\Project\\XCoinGateway\\node_modules\\router\\index.js:342:13)     at 
C:\\Users\\UniquePicturePrints\\Desktop\\Project\\XCoinGateway\\node_modules\\router\\index.js:297:9     at processParams 
(C:\\Users\\UniquePicturePrints\\Desktop\\Project\\XCoinGateway\\node_modules\\router\\index.js:582:12)     at next 
(C:\\Users\\UniquePicturePrints\\Desktop\\Project\\XCoinGateway\\node_modules\\router\\index.js:291:5)     at next 
(C:\\Users\\UniquePicturePrints\\Desktop\\Project\\XCoinGateway\\services\\api-server\\src\\middleware\\originValidation.js:75:12)    
 at Layer.handleRequest (C:\\Users\\UniquePicturePrints\\Desktop\\Project\\XCoinGateway\\node_modules\\router\\lib\\layer.js:152:17)  
   at trimPrefix (C:\\Users\\UniquePicturePrints\\Desktop\\Project\\XCoinGateway\\node_modules\\router\\index.js:342:13)     at 
C:\\Users\\UniquePicturePrints\\Desktop\\Project\\XCoinGateway\\node_modules\\router\\index.js:297:9     at processParams 
(C:\\Users\\UniquePicturePrints\\Desktop\\Project\\XCoinGateway\\node_modules\\router\\index.js:582:12)     at next 
(C:\\Users\\UniquePicturePrints\\Desktop\\Project\\XCoinGateway\\node_modules\\router\\index.js:291:5)     at next 
(C:\\Users\\UniquePicturePrints\\Desktop\\Project\\XCoinGateway\\services\\api-server\\src\\middleware\\requestHardening.js:165:3)    
 at Layer.handleRequest (C:\\Users\\UniquePicturePrints\\Desktop\\Project\\XCoinGateway\\node_modules\\router\\lib\\layer.js:152:17)  
   at trimPrefix (C:\\Users\\UniquePicturePrints\\Desktop\\Project\\XCoinGateway\\node_modules\\router\\index.js:342:13)     at 
C:\\Users\\UniquePicturePrints\\Desktop\\Project\\XCoinGateway\\node_modules\\router\\index.js:297:9     at processParams 
(C:\\Users\\UniquePicturePrints\\Desktop\\Project\\XCoinGateway\\node_modules\\router\\index.js:582:12)     at next 
(C:\\Users\\UniquePicturePrints\\Desktop\\Project\\XCoinGateway\\node_modules\\router\\index.js:291:5)     at next 
(C:\\Users\\UniquePicturePrints\\Desktop\\Project\\XCoinGateway\\services\\api-server\\src\\middleware\\noSqlSanitize.js:106:3)     
at Layer.handleRequest (C:\\Users\\UniquePicturePrints\\Desktop\\Project\\XCoinGateway\\node_modules\\router\\lib\\layer.js:152:17)   
  at trimPrefix (C:\\Users\\UniquePicturePrints\\Desktop\\Project\\XCoinGateway\\node_modules\\router\\index.js:342:13)     at 
C:\\Users\\UniquePicturePrints\\Desktop\\Project\\XCoinGateway\\node_modules\\router\\index.js:297:9     at processParams 
(C:\\Users\\UniquePicturePrints\\Desktop\\Project\\XCoinGateway\\node_modules\\router\\index.js:582:12)     at next 
(C:\\Users\\UniquePicturePrints\\Desktop\\Project\\XCoinGateway\\node_modules\\router\\index.js:291:5)     at read 
(C:\\Users\\UniquePicturePrints\\Desktop\\Project\\XCoinGateway\\node_modules\\body-parser\\lib\\read.js:42:5)     at 
urlencodedParser 
(C:\\Users\\UniquePicturePrints\\Desktop\\Project\\XCoinGateway\\node_modules\\body-parser\\lib\\types\\urlencoded.js:57:5)     at 
Layer.handleRequest (C:\\Users\\UniquePicturePrints\\Desktop\\Project\\XCoinGateway\\node_modules\\router\\lib\\layer.js:152:17)     
at trimPrefix (C:\\Users\\UniquePicturePrints\\Desktop\\Project\\XCoinGateway\\node_modules\\router\\index.js:342:13)     at 
C:\\Users\\UniquePicturePrints\\Desktop\\Project\\XCoinGateway\\node_modules\\router\\index.js:297:9     at processParams 
(C:\\Users\\UniquePicturePrints\\Desktop\\Project\\XCoinGateway\\node_modules\\router\\index.js:582:12)     at next 
(C:\\Users\\UniquePicturePrints\\Desktop\\Project\\XCoinGateway\\node_modules\\router\\index.js:291:5)     at read 
(C:\\Users\\UniquePicturePrints\\Desktop\\Project\\XCoinGateway\\node_modules\\body-parser\\lib\\read.js:42:5)     at jsonParser 
(C:\\Users\\UniquePicturePrints\\Desktop\\Project\\XCoinGateway\\node_modules\\body-parser\\lib\\types\\json.js:88:5)     at 
Layer.handleRequest (C:\\Users\\UniquePicturePrints\\Desktop\\Project\\XCoinGateway\\node_modules\\router\\lib\\layer.js:152:17)     
at trimPrefix (C:\\Users\\UniquePicturePrints\\Desktop\\Project\\XCoinGateway\\node_modules\\router\\index.js:342:13)     at 
C:\\Users\\UniquePicturePrints\\Desktop\\Project\\XCoinGateway\\node_modules\\router\\index.js:297:9     at processParams 
(C:\\Users\\UniquePicturePrints\\Desktop\\Project\\XCoinGateway\\node_modules\\router\\index.js:582:12)     at next 
(C:\\Users\\UniquePicturePrints\\Desktop\\Project\\XCoinGateway\\node_modules\\router\\index.js:291:5)     at 
C:\\Users\\UniquePicturePrints\\Desktop\\Project\\XCoinGateway\\node_modules\\body-parser\\lib\\read.js:171:5     at 
AsyncResource.runInAsyncScope (node:async_hooks:206:9)     at invokeCallback 
(C:\\Users\\UniquePicturePrints\\Desktop\\Project\\XCoinGateway\\node_modules\\raw-body\\index.js:238:16)     at done 
(C:\\Users\\UniquePicturePrints\\Desktop\\Project\\XCoinGateway\\node_modules\\raw-body\\index.js:227:7)     at IncomingMessage.onEnd 
(C:\\Users\\UniquePicturePrints\\Desktop\\Project\\XCoinGateway\\node_modules\\raw-body\\index.js:287:7)     at IncomingMessage.emit 
(node:events:524:28)     at endReadableNT (node:internal/streams/readable:1698:12)     at processTicksAndRejections 
(node:internal/process/task_queues:82:21)"}
{"timestamp":"2026-04-06T07:15:35.454Z","level":"error","service":"api-server","message":"Unhandled 
error","requestId":"52dd24d4-ad6f-4465-b48e-36a410326c13","error":"Cannot read properties of undefined (reading 
'create')","stack":"TypeError: Cannot read properties of undefined (reading 'create')     at create 
(C:\\Users\\UniquePicturePrints\\Desktop\\Project\\XCoinGateway\\services\\api-server\\src\\middleware\\merchantApiAuth.js:289:21)    
 at Layer.handleRequest (C:\\Users\\UniquePicturePrints\\Desktop\\Project\\XCoinGateway\\node_modules\\router\\lib\\layer.js:152:17)  
   at next (C:\\Users\\UniquePicturePrints\\Desktop\\Project\\XCoinGateway\\node_modules\\router\\lib\\route.js:157:13)     at 
Route.dispatch (C:\\Users\\UniquePicturePrints\\Desktop\\Project\\XCoinGateway\\node_modules\\router\\lib\\route.js:117:3)     at 
handle (C:\\Users\\UniquePicturePrints\\Desktop\\Project\\XCoinGateway\\node_modules\\router\\index.js:435:11)     at 
Layer.handleRequest (C:\\Users\\UniquePicturePrints\\Desktop\\Project\\XCoinGateway\\node_modules\\router\\lib\\layer.js:152:17)     
at C:\\Users\\UniquePicturePrints\\Desktop\\Project\\XCoinGateway\\node_modules\\router\\index.js:295:15     at processParams 
(C:\\Users\\UniquePicturePrints\\Desktop\\Project\\XCoinGateway\\node_modules\\router\\index.js:582:12)     at next 
(C:\\Users\\UniquePicturePrints\\Desktop\\Project\\XCoinGateway\\node_modules\\router\\index.js:291:5)     at Function.handle 
(C:\\Users\\UniquePicturePrints\\Desktop\\Project\\XCoinGateway\\node_modules\\router\\index.js:186:3)     at router 
(C:\\Users\\UniquePicturePrints\\Desktop\\Project\\XCoinGateway\\node_modules\\router\\index.js:60:12)     at Layer.handleRequest 
(C:\\Users\\UniquePicturePrints\\Desktop\\Project\\XCoinGateway\\node_modules\\router\\lib\\layer.js:152:17)     at trimPrefix 
(C:\\Users\\UniquePicturePrints\\Desktop\\Project\\XCoinGateway\\node_modules\\router\\index.js:342:13)     at 
C:\\Users\\UniquePicturePrints\\Desktop\\Project\\XCoinGateway\\node_modules\\router\\index.js:297:9     at processParams 
(C:\\Users\\UniquePicturePrints\\Desktop\\Project\\XCoinGateway\\node_modules\\router\\index.js:582:12)     at next 
(C:\\Users\\UniquePicturePrints\\Desktop\\Project\\XCoinGateway\\node_modules\\router\\index.js:291:5)     at next 
(C:\\Users\\UniquePicturePrints\\Desktop\\Project\\XCoinGateway\\services\\api-server\\src\\app.js:393:3)     at Layer.handleRequest 
(C:\\Users\\UniquePicturePrints\\Desktop\\Project\\XCoinGateway\\node_modules\\router\\lib\\layer.js:152:17)     at trimPrefix 
(C:\\Users\\UniquePicturePrints\\Desktop\\Project\\XCoinGateway\\node_modules\\router\\index.js:342:13)     at 
C:\\Users\\UniquePicturePrints\\Desktop\\Project\\XCoinGateway\\node_modules\\router\\index.js:297:9     at processParams 
(C:\\Users\\UniquePicturePrints\\Desktop\\Project\\XCoinGateway\\node_modules\\router\\index.js:582:12)     at next 
(C:\\Users\\UniquePicturePrints\\Desktop\\Project\\XCoinGateway\\node_modules\\router\\index.js:291:5)     at next 
(C:\\Users\\UniquePicturePrints\\Desktop\\Project\\XCoinGateway\\packages\\common\\src\\requestContext.js:68:5)     at 
AsyncLocalStorage.run (node:async_hooks:346:14)     at run 
(C:\\Users\\UniquePicturePrints\\Desktop\\Project\\XCoinGateway\\packages\\common\\src\\requestContext.js:67:21)     at 
Layer.handleRequest (C:\\Users\\UniquePicturePrints\\Desktop\\Project\\XCoinGateway\\node_modules\\router\\lib\\layer.js:152:17)     
at trimPrefix (C:\\Users\\UniquePicturePrints\\Desktop\\Project\\XCoinGateway\\node_modules\\router\\index.js:342:13)     at 
C:\\Users\\UniquePicturePrints\\Desktop\\Project\\XCoinGateway\\node_modules\\router\\index.js:297:9     at processParams 
(C:\\Users\\UniquePicturePrints\\Desktop\\Project\\XCoinGateway\\node_modules\\router\\index.js:582:12)     at next 
(C:\\Users\\UniquePicturePrints\\Desktop\\Project\\XCoinGateway\\node_modules\\router\\index.js:291:5)     at next 
(C:\\Users\\UniquePicturePrints\\Desktop\\Project\\XCoinGateway\\services\\api-server\\src\\app.js:362:3)     at Layer.handleRequest 
(C:\\Users\\UniquePicturePrints\\Desktop\\Project\\XCoinGateway\\node_modules\\router\\lib\\layer.js:152:17)     at trimPrefix 
(C:\\Users\\UniquePicturePrints\\Desktop\\Project\\XCoinGateway\\node_modules\\router\\index.js:342:13)     at 
C:\\Users\\UniquePicturePrints\\Desktop\\Project\\XCoinGateway\\node_modules\\router\\index.js:297:9     at processParams 
(C:\\Users\\UniquePicturePrints\\Desktop\\Project\\XCoinGateway\\node_modules\\router\\index.js:582:12)     at next 
(C:\\Users\\UniquePicturePrints\\Desktop\\Project\\XCoinGateway\\node_modules\\router\\index.js:291:5)     at next 
(C:\\Users\\UniquePicturePrints\\Desktop\\Project\\XCoinGateway\\services\\api-server\\src\\app.js:333:36)     at Layer.handleRequest 
(C:\\Users\\UniquePicturePrints\\Desktop\\Project\\XCoinGateway\\node_modules\\router\\lib\\layer.js:152:17)     at trimPrefix 
(C:\\Users\\UniquePicturePrints\\Desktop\\Project\\XCoinGateway\\node_modules\\router\\index.js:342:13)     at 
C:\\Users\\UniquePicturePrints\\Desktop\\Project\\XCoinGateway\\node_modules\\router\\index.js:297:9     at processParams 
(C:\\Users\\UniquePicturePrints\\Desktop\\Project\\XCoinGateway\\node_modules\\router\\index.js:582:12)     at next 
(C:\\Users\\UniquePicturePrints\\Desktop\\Project\\XCoinGateway\\node_modules\\router\\index.js:291:5)     at next 
(C:\\Users\\UniquePicturePrints\\Desktop\\Project\\XCoinGateway\\services\\api-server\\src\\app.js:320:3)     at Layer.handleRequest 
(C:\\Users\\UniquePicturePrints\\Desktop\\Project\\XCoinGateway\\node_modules\\router\\lib\\layer.js:152:17)     at trimPrefix 
(C:\\Users\\UniquePicturePrints\\Desktop\\Project\\XCoinGateway\\node_modules\\router\\index.js:342:13)     at 
C:\\Users\\UniquePicturePrints\\Desktop\\Project\\XCoinGateway\\node_modules\\router\\index.js:297:9     at processParams 
(C:\\Users\\UniquePicturePrints\\Desktop\\Project\\XCoinGateway\\node_modules\\router\\index.js:582:12)     at next 
(C:\\Users\\UniquePicturePrints\\Desktop\\Project\\XCoinGateway\\node_modules\\router\\index.js:291:5)     at cookieParser 
(C:\\Users\\UniquePicturePrints\\Desktop\\Project\\XCoinGateway\\node_modules\\cookie-parser\\index.js:57:14)     at 
Layer.handleRequest (C:\\Users\\UniquePicturePrints\\Desktop\\Project\\XCoinGateway\\node_modules\\router\\lib\\layer.js:152:17)     
at trimPrefix (C:\\Users\\UniquePicturePrints\\Desktop\\Project\\XCoinGateway\\node_modules\\router\\index.js:342:13)     at 
C:\\Users\\UniquePicturePrints\\Desktop\\Project\\XCoinGateway\\node_modules\\router\\index.js:297:9     at processParams 
(C:\\Users\\UniquePicturePrints\\Desktop\\Project\\XCoinGateway\\node_modules\\router\\index.js:582:12)     at next 
(C:\\Users\\UniquePicturePrints\\Desktop\\Project\\XCoinGateway\\node_modules\\router\\index.js:291:5)     at hpp 
(C:\\Users\\UniquePicturePrints\\Desktop\\Project\\XCoinGateway\\node_modules\\hpp\\lib\\index.js:146:9)     at Layer.handleRequest 
(C:\\Users\\UniquePicturePrints\\Desktop\\Project\\XCoinGateway\\node_modules\\router\\lib\\layer.js:152:17)     at trimPrefix 
(C:\\Users\\UniquePicturePrints\\Desktop\\Project\\XCoinGateway\\node_modules\\router\\index.js:342:13)     at 
C:\\Users\\UniquePicturePrints\\Desktop\\Project\\XCoinGateway\\node_modules\\router\\index.js:297:9     at processParams 
(C:\\Users\\UniquePicturePrints\\Desktop\\Project\\XCoinGateway\\node_modules\\router\\index.js:582:12)     at next 
(C:\\Users\\UniquePicturePrints\\Desktop\\Project\\XCoinGateway\\node_modules\\router\\index.js:291:5)     at next 
(C:\\Users\\UniquePicturePrints\\Desktop\\Project\\XCoinGateway\\services\\api-server\\src\\middleware\\originValidation.js:75:12)    
 at Layer.handleRequest (C:\\Users\\UniquePicturePrints\\Desktop\\Project\\XCoinGateway\\node_modules\\router\\lib\\layer.js:152:17)  
   at trimPrefix (C:\\Users\\UniquePicturePrints\\Desktop\\Project\\XCoinGateway\\node_modules\\router\\index.js:342:13)     at 
C:\\Users\\UniquePicturePrints\\Desktop\\Project\\XCoinGateway\\node_modules\\router\\index.js:297:9     at processParams 
(C:\\Users\\UniquePicturePrints\\Desktop\\Project\\XCoinGateway\\node_modules\\router\\index.js:582:12)     at next 
(C:\\Users\\UniquePicturePrints\\Desktop\\Project\\XCoinGateway\\node_modules\\router\\index.js:291:5)     at next 
(C:\\Users\\UniquePicturePrints\\Desktop\\Project\\XCoinGateway\\services\\api-server\\src\\middleware\\requestHardening.js:165:3)    
 at Layer.handleRequest (C:\\Users\\UniquePicturePrints\\Desktop\\Project\\XCoinGateway\\node_modules\\router\\lib\\layer.js:152:17)  
   at trimPrefix (C:\\Users\\UniquePicturePrints\\Desktop\\Project\\XCoinGateway\\node_modules\\router\\index.js:342:13)     at 
C:\\Users\\UniquePicturePrints\\Desktop\\Project\\XCoinGateway\\node_modules\\router\\index.js:297:9     at processParams 
(C:\\Users\\UniquePicturePrints\\Desktop\\Project\\XCoinGateway\\node_modules\\router\\index.js:582:12)     at next 
(C:\\Users\\UniquePicturePrints\\Desktop\\Project\\XCoinGateway\\node_modules\\router\\index.js:291:5)     at next 
(C:\\Users\\UniquePicturePrints\\Desktop\\Project\\XCoinGateway\\services\\api-server\\src\\middleware\\noSqlSanitize.js:106:3)     
at Layer.handleRequest (C:\\Users\\UniquePicturePrints\\Desktop\\Project\\XCoinGateway\\node_modules\\router\\lib\\layer.js:152:17)   
  at trimPrefix (C:\\Users\\UniquePicturePrints\\Desktop\\Project\\XCoinGateway\\node_modules\\router\\index.js:342:13)     at 
C:\\Users\\UniquePicturePrints\\Desktop\\Project\\XCoinGateway\\node_modules\\router\\index.js:297:9     at processParams 
(C:\\Users\\UniquePicturePrints\\Desktop\\Project\\XCoinGateway\\node_modules\\router\\index.js:582:12)     at next 
(C:\\Users\\UniquePicturePrints\\Desktop\\Project\\XCoinGateway\\node_modules\\router\\index.js:291:5)     at read 
(C:\\Users\\UniquePicturePrints\\Desktop\\Project\\XCoinGateway\\node_modules\\body-parser\\lib\\read.js:42:5)     at 
urlencodedParser 
(C:\\Users\\UniquePicturePrints\\Desktop\\Project\\XCoinGateway\\node_modules\\body-parser\\lib\\types\\urlencoded.js:57:5)     at 
Layer.handleRequest (C:\\Users\\UniquePicturePrints\\Desktop\\Project\\XCoinGateway\\node_modules\\router\\lib\\layer.js:152:17)     
at trimPrefix (C:\\Users\\UniquePicturePrints\\Desktop\\Project\\XCoinGateway\\node_modules\\router\\index.js:342:13)     at 
C:\\Users\\UniquePicturePrints\\Desktop\\Project\\XCoinGateway\\node_modules\\router\\index.js:297:9     at processParams 
(C:\\Users\\UniquePicturePrints\\Desktop\\Project\\XCoinGateway\\node_modules\\router\\index.js:582:12)     at next 
(C:\\Users\\UniquePicturePrints\\Desktop\\Project\\XCoinGateway\\node_modules\\router\\index.js:291:5)     at read 
(C:\\Users\\UniquePicturePrints\\Desktop\\Project\\XCoinGateway\\node_modules\\body-parser\\lib\\read.js:42:5)     at jsonParser 
(C:\\Users\\UniquePicturePrints\\Desktop\\Project\\XCoinGateway\\node_modules\\body-parser\\lib\\types\\json.js:88:5)     at 
Layer.handleRequest (C:\\Users\\UniquePicturePrints\\Desktop\\Project\\XCoinGateway\\node_modules\\router\\lib\\layer.js:152:17)     
at trimPrefix (C:\\Users\\UniquePicturePrints\\Desktop\\Project\\XCoinGateway\\node_modules\\router\\index.js:342:13)     at 
C:\\Users\\UniquePicturePrints\\Desktop\\Project\\XCoinGateway\\node_modules\\router\\index.js:297:9     at processParams 
(C:\\Users\\UniquePicturePrints\\Desktop\\Project\\XCoinGateway\\node_modules\\router\\index.js:582:12)     at next 
(C:\\Users\\UniquePicturePrints\\Desktop\\Project\\XCoinGateway\\node_modules\\router\\index.js:291:5)     at 
C:\\Users\\UniquePicturePrints\\Desktop\\Project\\XCoinGateway\\node_modules\\body-parser\\lib\\read.js:171:5     at 
AsyncResource.runInAsyncScope (node:async_hooks:206:9)     at invokeCallback 
(C:\\Users\\UniquePicturePrints\\Desktop\\Project\\XCoinGateway\\node_modules\\raw-body\\index.js:238:16)     at done 
(C:\\Users\\UniquePicturePrints\\Desktop\\Project\\XCoinGateway\\node_modules\\raw-body\\index.js:227:7)     at IncomingMessage.onEnd 
(C:\\Users\\UniquePicturePrints\\Desktop\\Project\\XCoinGateway\\node_modules\\raw-body\\index.js:287:7)     at IncomingMessage.emit 
(node:events:524:28)     at endReadableNT (node:internal/streams/readable:1698:12)     at processTicksAndRejections 
(node:internal/process/task_queues:82:21)"}
{"timestamp":"2026-04-06T07:15:35.458Z","level":"error","service":"api-server","message":"Unhandled 
error","requestId":"530c7e84-9a6a-4de9-8253-94d1f9328ac4","error":"Cannot read properties of undefined (reading 
'create')","stack":"TypeError: Cannot read properties of undefined (reading 'create')     at create 
(C:\\Users\\UniquePicturePrints\\Desktop\\Project\\XCoinGateway\\services\\api-server\\src\\middleware\\merchantApiAuth.js:289:21)    
 at Layer.handleRequest (C:\\Users\\UniquePicturePrints\\Desktop\\Project\\XCoinGateway\\node_modules\\router\\lib\\layer.js:152:17)  
   at next (C:\\Users\\UniquePicturePrints\\Desktop\\Project\\XCoinGateway\\node_modules\\router\\lib\\route.js:157:13)     at 
Route.dispatch (C:\\Users\\UniquePicturePrints\\Desktop\\Project\\XCoinGateway\\node_modules\\router\\lib\\route.js:117:3)     at 
handle (C:\\Users\\UniquePicturePrints\\Desktop\\Project\\XCoinGateway\\node_modules\\router\\index.js:435:11)     at 
Layer.handleRequest (C:\\Users\\UniquePicturePrints\\Desktop\\Project\\XCoinGateway\\node_modules\\router\\lib\\layer.js:152:17)     
at C:\\Users\\UniquePicturePrints\\Desktop\\Project\\XCoinGateway\\node_modules\\router\\index.js:295:15     at processParams 
(C:\\Users\\UniquePicturePrints\\Desktop\\Project\\XCoinGateway\\node_modules\\router\\index.js:582:12)     at next 
(C:\\Users\\UniquePicturePrints\\Desktop\\Project\\XCoinGateway\\node_modules\\router\\index.js:291:5)     at Function.handle 
(C:\\Users\\UniquePicturePrints\\Desktop\\Project\\XCoinGateway\\node_modules\\router\\index.js:186:3)     at router 
(C:\\Users\\UniquePicturePrints\\Desktop\\Project\\XCoinGateway\\node_modules\\router\\index.js:60:12)     at Layer.handleRequest 
(C:\\Users\\UniquePicturePrints\\Desktop\\Project\\XCoinGateway\\node_modules\\router\\lib\\layer.js:152:17)     at trimPrefix 
(C:\\Users\\UniquePicturePrints\\Desktop\\Project\\XCoinGateway\\node_modules\\router\\index.js:342:13)     at 
C:\\Users\\UniquePicturePrints\\Desktop\\Project\\XCoinGateway\\node_modules\\router\\index.js:297:9     at processParams 
(C:\\Users\\UniquePicturePrints\\Desktop\\Project\\XCoinGateway\\node_modules\\router\\index.js:582:12)     at next 
(C:\\Users\\UniquePicturePrints\\Desktop\\Project\\XCoinGateway\\node_modules\\router\\index.js:291:5)     at next 
(C:\\Users\\UniquePicturePrints\\Desktop\\Project\\XCoinGateway\\services\\api-server\\src\\app.js:393:3)     at Layer.handleRequest 
(C:\\Users\\UniquePicturePrints\\Desktop\\Project\\XCoinGateway\\node_modules\\router\\lib\\layer.js:152:17)     at trimPrefix 
(C:\\Users\\UniquePicturePrints\\Desktop\\Project\\XCoinGateway\\node_modules\\router\\index.js:342:13)     at 
C:\\Users\\UniquePicturePrints\\Desktop\\Project\\XCoinGateway\\node_modules\\router\\index.js:297:9     at processParams 
(C:\\Users\\UniquePicturePrints\\Desktop\\Project\\XCoinGateway\\node_modules\\router\\index.js:582:12)     at next 
(C:\\Users\\UniquePicturePrints\\Desktop\\Project\\XCoinGateway\\node_modules\\router\\index.js:291:5)     at next 
(C:\\Users\\UniquePicturePrints\\Desktop\\Project\\XCoinGateway\\packages\\common\\src\\requestContext.js:68:5)     at 
AsyncLocalStorage.run (node:async_hooks:346:14)     at run 
(C:\\Users\\UniquePicturePrints\\Desktop\\Project\\XCoinGateway\\packages\\common\\src\\requestContext.js:67:21)     at 
Layer.handleRequest (C:\\Users\\UniquePicturePrints\\Desktop\\Project\\XCoinGateway\\node_modules\\router\\lib\\layer.js:152:17)     
at trimPrefix (C:\\Users\\UniquePicturePrints\\Desktop\\Project\\XCoinGateway\\node_modules\\router\\index.js:342:13)     at 
C:\\Users\\UniquePicturePrints\\Desktop\\Project\\XCoinGateway\\node_modules\\router\\index.js:297:9     at processParams 
(C:\\Users\\UniquePicturePrints\\Desktop\\Project\\XCoinGateway\\node_modules\\router\\index.js:582:12)     at next 
(C:\\Users\\UniquePicturePrints\\Desktop\\Project\\XCoinGateway\\node_modules\\router\\index.js:291:5)     at next 
(C:\\Users\\UniquePicturePrints\\Desktop\\Project\\XCoinGateway\\services\\api-server\\src\\app.js:362:3)     at Layer.handleRequest 
(C:\\Users\\UniquePicturePrints\\Desktop\\Project\\XCoinGateway\\node_modules\\router\\lib\\layer.js:152:17)     at trimPrefix 
(C:\\Users\\UniquePicturePrints\\Desktop\\Project\\XCoinGateway\\node_modules\\router\\index.js:342:13)     at 
C:\\Users\\UniquePicturePrints\\Desktop\\Project\\XCoinGateway\\node_modules\\router\\index.js:297:9     at processParams 
(C:\\Users\\UniquePicturePrints\\Desktop\\Project\\XCoinGateway\\node_modules\\router\\index.js:582:12)     at next 
(C:\\Users\\UniquePicturePrints\\Desktop\\Project\\XCoinGateway\\node_modules\\router\\index.js:291:5)     at next 
(C:\\Users\\UniquePicturePrints\\Desktop\\Project\\XCoinGateway\\services\\api-server\\src\\app.js:333:36)     at Layer.handleRequest 
(C:\\Users\\UniquePicturePrints\\Desktop\\Project\\XCoinGateway\\node_modules\\router\\lib\\layer.js:152:17)     at trimPrefix 
(C:\\Users\\UniquePicturePrints\\Desktop\\Project\\XCoinGateway\\node_modules\\router\\index.js:342:13)     at 
C:\\Users\\UniquePicturePrints\\Desktop\\Project\\XCoinGateway\\node_modules\\router\\index.js:297:9     at processParams 
(C:\\Users\\UniquePicturePrints\\Desktop\\Project\\XCoinGateway\\node_modules\\router\\index.js:582:12)     at next 
(C:\\Users\\UniquePicturePrints\\Desktop\\Project\\XCoinGateway\\node_modules\\router\\index.js:291:5)     at next 
(C:\\Users\\UniquePicturePrints\\Desktop\\Project\\XCoinGateway\\services\\api-server\\src\\app.js:320:3)     at Layer.handleRequest 
(C:\\Users\\UniquePicturePrints\\Desktop\\Project\\XCoinGateway\\node_modules\\router\\lib\\layer.js:152:17)     at trimPrefix 
(C:\\Users\\UniquePicturePrints\\Desktop\\Project\\XCoinGateway\\node_modules\\router\\index.js:342:13)     at 
C:\\Users\\UniquePicturePrints\\Desktop\\Project\\XCoinGateway\\node_modules\\router\\index.js:297:9     at processParams 
(C:\\Users\\UniquePicturePrints\\Desktop\\Project\\XCoinGateway\\node_modules\\router\\index.js:582:12)     at next 
(C:\\Users\\UniquePicturePrints\\Desktop\\Project\\XCoinGateway\\node_modules\\router\\index.js:291:5)     at cookieParser 
(C:\\Users\\UniquePicturePrints\\Desktop\\Project\\XCoinGateway\\node_modules\\cookie-parser\\index.js:57:14)     at 
Layer.handleRequest (C:\\Users\\UniquePicturePrints\\Desktop\\Project\\XCoinGateway\\node_modules\\router\\lib\\layer.js:152:17)     
at trimPrefix (C:\\Users\\UniquePicturePrints\\Desktop\\Project\\XCoinGateway\\node_modules\\router\\index.js:342:13)     at 
C:\\Users\\UniquePicturePrints\\Desktop\\Project\\XCoinGateway\\node_modules\\router\\index.js:297:9     at processParams 
(C:\\Users\\UniquePicturePrints\\Desktop\\Project\\XCoinGateway\\node_modules\\router\\index.js:582:12)     at next 
(C:\\Users\\UniquePicturePrints\\Desktop\\Project\\XCoinGateway\\node_modules\\router\\index.js:291:5)     at hpp 
(C:\\Users\\UniquePicturePrints\\Desktop\\Project\\XCoinGateway\\node_modules\\hpp\\lib\\index.js:146:9)     at Layer.handleRequest 
(C:\\Users\\UniquePicturePrints\\Desktop\\Project\\XCoinGateway\\node_modules\\router\\lib\\layer.js:152:17)     at trimPrefix 
(C:\\Users\\UniquePicturePrints\\Desktop\\Project\\XCoinGateway\\node_modules\\router\\index.js:342:13)     at 
C:\\Users\\UniquePicturePrints\\Desktop\\Project\\XCoinGateway\\node_modules\\router\\index.js:297:9     at processParams 
(C:\\Users\\UniquePicturePrints\\Desktop\\Project\\XCoinGateway\\node_modules\\router\\index.js:582:12)     at next 
(C:\\Users\\UniquePicturePrints\\Desktop\\Project\\XCoinGateway\\node_modules\\router\\index.js:291:5)     at next 
(C:\\Users\\UniquePicturePrints\\Desktop\\Project\\XCoinGateway\\services\\api-server\\src\\middleware\\originValidation.js:75:12)    
 at Layer.handleRequest (C:\\Users\\UniquePicturePrints\\Desktop\\Project\\XCoinGateway\\node_modules\\router\\lib\\layer.js:152:17)  
   at trimPrefix (C:\\Users\\UniquePicturePrints\\Desktop\\Project\\XCoinGateway\\node_modules\\router\\index.js:342:13)     at 
C:\\Users\\UniquePicturePrints\\Desktop\\Project\\XCoinGateway\\node_modules\\router\\index.js:297:9     at processParams 
(C:\\Users\\UniquePicturePrints\\Desktop\\Project\\XCoinGateway\\node_modules\\router\\index.js:582:12)     at next 
(C:\\Users\\UniquePicturePrints\\Desktop\\Project\\XCoinGateway\\node_modules\\router\\index.js:291:5)     at next 
(C:\\Users\\UniquePicturePrints\\Desktop\\Project\\XCoinGateway\\services\\api-server\\src\\middleware\\requestHardening.js:165:3)    
 at Layer.handleRequest (C:\\Users\\UniquePicturePrints\\Desktop\\Project\\XCoinGateway\\node_modules\\router\\lib\\layer.js:152:17)  
   at trimPrefix (C:\\Users\\UniquePicturePrints\\Desktop\\Project\\XCoinGateway\\node_modules\\router\\index.js:342:13)     at 
C:\\Users\\UniquePicturePrints\\Desktop\\Project\\XCoinGateway\\node_modules\\router\\index.js:297:9     at processParams 
(C:\\Users\\UniquePicturePrints\\Desktop\\Project\\XCoinGateway\\node_modules\\router\\index.js:582:12)     at next 
(C:\\Users\\UniquePicturePrints\\Desktop\\Project\\XCoinGateway\\node_modules\\router\\index.js:291:5)     at next 
(C:\\Users\\UniquePicturePrints\\Desktop\\Project\\XCoinGateway\\services\\api-server\\src\\middleware\\noSqlSanitize.js:106:3)     
at Layer.handleRequest (C:\\Users\\UniquePicturePrints\\Desktop\\Project\\XCoinGateway\\node_modules\\router\\lib\\layer.js:152:17)   
  at trimPrefix (C:\\Users\\UniquePicturePrints\\Desktop\\Project\\XCoinGateway\\node_modules\\router\\index.js:342:13)     at 
C:\\Users\\UniquePicturePrints\\Desktop\\Project\\XCoinGateway\\node_modules\\router\\index.js:297:9     at processParams 
(C:\\Users\\UniquePicturePrints\\Desktop\\Project\\XCoinGateway\\node_modules\\router\\index.js:582:12)     at next 
(C:\\Users\\UniquePicturePrints\\Desktop\\Project\\XCoinGateway\\node_modules\\router\\index.js:291:5)     at read 
(C:\\Users\\UniquePicturePrints\\Desktop\\Project\\XCoinGateway\\node_modules\\body-parser\\lib\\read.js:42:5)     at 
urlencodedParser 
(C:\\Users\\UniquePicturePrints\\Desktop\\Project\\XCoinGateway\\node_modules\\body-parser\\lib\\types\\urlencoded.js:57:5)     at 
Layer.handleRequest (C:\\Users\\UniquePicturePrints\\Desktop\\Project\\XCoinGateway\\node_modules\\router\\lib\\layer.js:152:17)     
at trimPrefix (C:\\Users\\UniquePicturePrints\\Desktop\\Project\\XCoinGateway\\node_modules\\router\\index.js:342:13)     at 
C:\\Users\\UniquePicturePrints\\Desktop\\Project\\XCoinGateway\\node_modules\\router\\index.js:297:9     at processParams 
(C:\\Users\\UniquePicturePrints\\Desktop\\Project\\XCoinGateway\\node_modules\\router\\index.js:582:12)     at next 
(C:\\Users\\UniquePicturePrints\\Desktop\\Project\\XCoinGateway\\node_modules\\router\\index.js:291:5)     at read 
(C:\\Users\\UniquePicturePrints\\Desktop\\Project\\XCoinGateway\\node_modules\\body-parser\\lib\\read.js:42:5)     at jsonParser 
(C:\\Users\\UniquePicturePrints\\Desktop\\Project\\XCoinGateway\\node_modules\\body-parser\\lib\\types\\json.js:88:5)     at 
Layer.handleRequest (C:\\Users\\UniquePicturePrints\\Desktop\\Project\\XCoinGateway\\node_modules\\router\\lib\\layer.js:152:17)     
at trimPrefix (C:\\Users\\UniquePicturePrints\\Desktop\\Project\\XCoinGateway\\node_modules\\router\\index.js:342:13)     at 
C:\\Users\\UniquePicturePrints\\Desktop\\Project\\XCoinGateway\\node_modules\\router\\index.js:297:9     at processParams 
(C:\\Users\\UniquePicturePrints\\Desktop\\Project\\XCoinGateway\\node_modules\\router\\index.js:582:12)     at next 
(C:\\Users\\UniquePicturePrints\\Desktop\\Project\\XCoinGateway\\node_modules\\router\\index.js:291:5)     at 
C:\\Users\\UniquePicturePrints\\Desktop\\Project\\XCoinGateway\\node_modules\\body-parser\\lib\\read.js:171:5     at 
AsyncResource.runInAsyncScope (node:async_hooks:206:9)     at invokeCallback 
(C:\\Users\\UniquePicturePrints\\Desktop\\Project\\XCoinGateway\\node_modules\\raw-body\\index.js:238:16)     at done 
(C:\\Users\\UniquePicturePrints\\Desktop\\Project\\XCoinGateway\\node_modules\\raw-body\\index.js:227:7)     at IncomingMessage.onEnd 
(C:\\Users\\UniquePicturePrints\\Desktop\\Project\\XCoinGateway\\node_modules\\raw-body\\index.js:287:7)     at IncomingMessage.emit 
(node:events:524:28)     at endReadableNT (node:internal/streams/readable:1698:12)     at processTicksAndRejections 
(node:internal/process/task_queues:82:21)"}
{"timestamp":"2026-04-06T07:15:35.463Z","level":"error","service":"api-server","message":"Unhandled 
error","requestId":"8f191892-c7d3-4667-90ec-25c1ba54cc89","error":"Cannot read properties of undefined (reading 
'create')","stack":"TypeError: Cannot read properties of undefined (reading 'create')     at create 
(C:\\Users\\UniquePicturePrints\\Desktop\\Project\\XCoinGateway\\services\\api-server\\src\\middleware\\merchantApiAuth.js:289:21)    
 at Layer.handleRequest (C:\\Users\\UniquePicturePrints\\Desktop\\Project\\XCoinGateway\\node_modules\\router\\lib\\layer.js:152:17)  
   at next (C:\\Users\\UniquePicturePrints\\Desktop\\Project\\XCoinGateway\\node_modules\\router\\lib\\route.js:157:13)     at 
Route.dispatch (C:\\Users\\UniquePicturePrints\\Desktop\\Project\\XCoinGateway\\node_modules\\router\\lib\\route.js:117:3)     at 
handle (C:\\Users\\UniquePicturePrints\\Desktop\\Project\\XCoinGateway\\node_modules\\router\\index.js:435:11)     at 
Layer.handleRequest (C:\\Users\\UniquePicturePrints\\Desktop\\Project\\XCoinGateway\\node_modules\\router\\lib\\layer.js:152:17)     
at C:\\Users\\UniquePicturePrints\\Desktop\\Project\\XCoinGateway\\node_modules\\router\\index.js:295:15     at processParams 
(C:\\Users\\UniquePicturePrints\\Desktop\\Project\\XCoinGateway\\node_modules\\router\\index.js:582:12)     at next 
(C:\\Users\\UniquePicturePrints\\Desktop\\Project\\XCoinGateway\\node_modules\\router\\index.js:291:5)     at Function.handle 
(C:\\Users\\UniquePicturePrints\\Desktop\\Project\\XCoinGateway\\node_modules\\router\\index.js:186:3)     at router 
(C:\\Users\\UniquePicturePrints\\Desktop\\Project\\XCoinGateway\\node_modules\\router\\index.js:60:12)     at Layer.handleRequest 
(C:\\Users\\UniquePicturePrints\\Desktop\\Project\\XCoinGateway\\node_modules\\router\\lib\\layer.js:152:17)     at trimPrefix 
(C:\\Users\\UniquePicturePrints\\Desktop\\Project\\XCoinGateway\\node_modules\\router\\index.js:342:13)     at 
C:\\Users\\UniquePicturePrints\\Desktop\\Project\\XCoinGateway\\node_modules\\router\\index.js:297:9     at processParams 
(C:\\Users\\UniquePicturePrints\\Desktop\\Project\\XCoinGateway\\node_modules\\router\\index.js:582:12)     at next 
(C:\\Users\\UniquePicturePrints\\Desktop\\Project\\XCoinGateway\\node_modules\\router\\index.js:291:5)     at next 
(C:\\Users\\UniquePicturePrints\\Desktop\\Project\\XCoinGateway\\services\\api-server\\src\\app.js:393:3)     at Layer.handleRequest 
(C:\\Users\\UniquePicturePrints\\Desktop\\Project\\XCoinGateway\\node_modules\\router\\lib\\layer.js:152:17)     at trimPrefix 
(C:\\Users\\UniquePicturePrints\\Desktop\\Project\\XCoinGateway\\node_modules\\router\\index.js:342:13)     at 
C:\\Users\\UniquePicturePrints\\Desktop\\Project\\XCoinGateway\\node_modules\\router\\index.js:297:9     at processParams 
(C:\\Users\\UniquePicturePrints\\Desktop\\Project\\XCoinGateway\\node_modules\\router\\index.js:582:12)     at next 
(C:\\Users\\UniquePicturePrints\\Desktop\\Project\\XCoinGateway\\node_modules\\router\\index.js:291:5)     at next 
(C:\\Users\\UniquePicturePrints\\Desktop\\Project\\XCoinGateway\\packages\\common\\src\\requestContext.js:68:5)     at 
AsyncLocalStorage.run (node:async_hooks:346:14)     at run 
(C:\\Users\\UniquePicturePrints\\Desktop\\Project\\XCoinGateway\\packages\\common\\src\\requestContext.js:67:21)     at 
Layer.handleRequest (C:\\Users\\UniquePicturePrints\\Desktop\\Project\\XCoinGateway\\node_modules\\router\\lib\\layer.js:152:17)     
at trimPrefix (C:\\Users\\UniquePicturePrints\\Desktop\\Project\\XCoinGateway\\node_modules\\router\\index.js:342:13)     at 
C:\\Users\\UniquePicturePrints\\Desktop\\Project\\XCoinGateway\\node_modules\\router\\index.js:297:9     at processParams 
(C:\\Users\\UniquePicturePrints\\Desktop\\Project\\XCoinGateway\\node_modules\\router\\index.js:582:12)     at next 
(C:\\Users\\UniquePicturePrints\\Desktop\\Project\\XCoinGateway\\node_modules\\router\\index.js:291:5)     at next 
(C:\\Users\\UniquePicturePrints\\Desktop\\Project\\XCoinGateway\\services\\api-server\\src\\app.js:362:3)     at Layer.handleRequest 
(C:\\Users\\UniquePicturePrints\\Desktop\\Project\\XCoinGateway\\node_modules\\router\\lib\\layer.js:152:17)     at trimPrefix 
(C:\\Users\\UniquePicturePrints\\Desktop\\Project\\XCoinGateway\\node_modules\\router\\index.js:342:13)     at 
C:\\Users\\UniquePicturePrints\\Desktop\\Project\\XCoinGateway\\node_modules\\router\\index.js:297:9     at processParams 
(C:\\Users\\UniquePicturePrints\\Desktop\\Project\\XCoinGateway\\node_modules\\router\\index.js:582:12)     at next 
(C:\\Users\\UniquePicturePrints\\Desktop\\Project\\XCoinGateway\\node_modules\\router\\index.js:291:5)     at next 
(C:\\Users\\UniquePicturePrints\\Desktop\\Project\\XCoinGateway\\services\\api-server\\src\\app.js:333:36)     at Layer.handleRequest 
(C:\\Users\\UniquePicturePrints\\Desktop\\Project\\XCoinGateway\\node_modules\\router\\lib\\layer.js:152:17)     at trimPrefix 
(C:\\Users\\UniquePicturePrints\\Desktop\\Project\\XCoinGateway\\node_modules\\router\\index.js:342:13)     at 
C:\\Users\\UniquePicturePrints\\Desktop\\Project\\XCoinGateway\\node_modules\\router\\index.js:297:9     at processParams 
(C:\\Users\\UniquePicturePrints\\Desktop\\Project\\XCoinGateway\\node_modules\\router\\index.js:582:12)     at next 
(C:\\Users\\UniquePicturePrints\\Desktop\\Project\\XCoinGateway\\node_modules\\router\\index.js:291:5)     at next 
(C:\\Users\\UniquePicturePrints\\Desktop\\Project\\XCoinGateway\\services\\api-server\\src\\app.js:320:3)     at Layer.handleRequest 
(C:\\Users\\UniquePicturePrints\\Desktop\\Project\\XCoinGateway\\node_modules\\router\\lib\\layer.js:152:17)     at trimPrefix 
(C:\\Users\\UniquePicturePrints\\Desktop\\Project\\XCoinGateway\\node_modules\\router\\index.js:342:13)     at 
C:\\Users\\UniquePicturePrints\\Desktop\\Project\\XCoinGateway\\node_modules\\router\\index.js:297:9     at processParams 
(C:\\Users\\UniquePicturePrints\\Desktop\\Project\\XCoinGateway\\node_modules\\router\\index.js:582:12)     at next 
(C:\\Users\\UniquePicturePrints\\Desktop\\Project\\XCoinGateway\\node_modules\\router\\index.js:291:5)     at cookieParser 
(C:\\Users\\UniquePicturePrints\\Desktop\\Project\\XCoinGateway\\node_modules\\cookie-parser\\index.js:57:14)     at 
Layer.handleRequest (C:\\Users\\UniquePicturePrints\\Desktop\\Project\\XCoinGateway\\node_modules\\router\\lib\\layer.js:152:17)     
at trimPrefix (C:\\Users\\UniquePicturePrints\\Desktop\\Project\\XCoinGateway\\node_modules\\router\\index.js:342:13)     at 
C:\\Users\\UniquePicturePrints\\Desktop\\Project\\XCoinGateway\\node_modules\\router\\index.js:297:9     at processParams 
(C:\\Users\\UniquePicturePrints\\Desktop\\Project\\XCoinGateway\\node_modules\\router\\index.js:582:12)     at next 
(C:\\Users\\UniquePicturePrints\\Desktop\\Project\\XCoinGateway\\node_modules\\router\\index.js:291:5)     at hpp 
(C:\\Users\\UniquePicturePrints\\Desktop\\Project\\XCoinGateway\\node_modules\\hpp\\lib\\index.js:146:9)     at Layer.handleRequest 
(C:\\Users\\UniquePicturePrints\\Desktop\\Project\\XCoinGateway\\node_modules\\router\\lib\\layer.js:152:17)     at trimPrefix 
(C:\\Users\\UniquePicturePrints\\Desktop\\Project\\XCoinGateway\\node_modules\\router\\index.js:342:13)     at 
C:\\Users\\UniquePicturePrints\\Desktop\\Project\\XCoinGateway\\node_modules\\router\\index.js:297:9     at processParams 
(C:\\Users\\UniquePicturePrints\\Desktop\\Project\\XCoinGateway\\node_modules\\router\\index.js:582:12)     at next 
(C:\\Users\\UniquePicturePrints\\Desktop\\Project\\XCoinGateway\\node_modules\\router\\index.js:291:5)     at next 
(C:\\Users\\UniquePicturePrints\\Desktop\\Project\\XCoinGateway\\services\\api-server\\src\\middleware\\originValidation.js:75:12)    
 at Layer.handleRequest (C:\\Users\\UniquePicturePrints\\Desktop\\Project\\XCoinGateway\\node_modules\\router\\lib\\layer.js:152:17)  
   at trimPrefix (C:\\Users\\UniquePicturePrints\\Desktop\\Project\\XCoinGateway\\node_modules\\router\\index.js:342:13)     at 
C:\\Users\\UniquePicturePrints\\Desktop\\Project\\XCoinGateway\\node_modules\\router\\index.js:297:9     at processParams 
(C:\\Users\\UniquePicturePrints\\Desktop\\Project\\XCoinGateway\\node_modules\\router\\index.js:582:12)     at next 
(C:\\Users\\UniquePicturePrints\\Desktop\\Project\\XCoinGateway\\node_modules\\router\\index.js:291:5)     at next 
(C:\\Users\\UniquePicturePrints\\Desktop\\Project\\XCoinGateway\\services\\api-server\\src\\middleware\\requestHardening.js:165:3)    
 at Layer.handleRequest (C:\\Users\\UniquePicturePrints\\Desktop\\Project\\XCoinGateway\\node_modules\\router\\lib\\layer.js:152:17)  
   at trimPrefix (C:\\Users\\UniquePicturePrints\\Desktop\\Project\\XCoinGateway\\node_modules\\router\\index.js:342:13)     at 
C:\\Users\\UniquePicturePrints\\Desktop\\Project\\XCoinGateway\\node_modules\\router\\index.js:297:9     at processParams 
(C:\\Users\\UniquePicturePrints\\Desktop\\Project\\XCoinGateway\\node_modules\\router\\index.js:582:12)     at next 
(C:\\Users\\UniquePicturePrints\\Desktop\\Project\\XCoinGateway\\node_modules\\router\\index.js:291:5)     at next 
(C:\\Users\\UniquePicturePrints\\Desktop\\Project\\XCoinGateway\\services\\api-server\\src\\middleware\\noSqlSanitize.js:106:3)     
at Layer.handleRequest (C:\\Users\\UniquePicturePrints\\Desktop\\Project\\XCoinGateway\\node_modules\\router\\lib\\layer.js:152:17)   
  at trimPrefix (C:\\Users\\UniquePicturePrints\\Desktop\\Project\\XCoinGateway\\node_modules\\router\\index.js:342:13)     at 
C:\\Users\\UniquePicturePrints\\Desktop\\Project\\XCoinGateway\\node_modules\\router\\index.js:297:9     at processParams 
(C:\\Users\\UniquePicturePrints\\Desktop\\Project\\XCoinGateway\\node_modules\\router\\index.js:582:12)     at next 
(C:\\Users\\UniquePicturePrints\\Desktop\\Project\\XCoinGateway\\node_modules\\router\\index.js:291:5)     at read 
(C:\\Users\\UniquePicturePrints\\Desktop\\Project\\XCoinGateway\\node_modules\\body-parser\\lib\\read.js:42:5)     at 
urlencodedParser 
(C:\\Users\\UniquePicturePrints\\Desktop\\Project\\XCoinGateway\\node_modules\\body-parser\\lib\\types\\urlencoded.js:57:5)     at 
Layer.handleRequest (C:\\Users\\UniquePicturePrints\\Desktop\\Project\\XCoinGateway\\node_modules\\router\\lib\\layer.js:152:17)     
at trimPrefix (C:\\Users\\UniquePicturePrints\\Desktop\\Project\\XCoinGateway\\node_modules\\router\\index.js:342:13)     at 
C:\\Users\\UniquePicturePrints\\Desktop\\Project\\XCoinGateway\\node_modules\\router\\index.js:297:9     at processParams 
(C:\\Users\\UniquePicturePrints\\Desktop\\Project\\XCoinGateway\\node_modules\\router\\index.js:582:12)     at next 
(C:\\Users\\UniquePicturePrints\\Desktop\\Project\\XCoinGateway\\node_modules\\router\\index.js:291:5)     at read 
(C:\\Users\\UniquePicturePrints\\Desktop\\Project\\XCoinGateway\\node_modules\\body-parser\\lib\\read.js:42:5)     at jsonParser 
(C:\\Users\\UniquePicturePrints\\Desktop\\Project\\XCoinGateway\\node_modules\\body-parser\\lib\\types\\json.js:88:5)     at 
Layer.handleRequest (C:\\Users\\UniquePicturePrints\\Desktop\\Project\\XCoinGateway\\node_modules\\router\\lib\\layer.js:152:17)     
at trimPrefix (C:\\Users\\UniquePicturePrints\\Desktop\\Project\\XCoinGateway\\node_modules\\router\\index.js:342:13)     at 
C:\\Users\\UniquePicturePrints\\Desktop\\Project\\XCoinGateway\\node_modules\\router\\index.js:297:9     at processParams 
(C:\\Users\\UniquePicturePrints\\Desktop\\Project\\XCoinGateway\\node_modules\\router\\index.js:582:12)     at next 
(C:\\Users\\UniquePicturePrints\\Desktop\\Project\\XCoinGateway\\node_modules\\router\\index.js:291:5)     at 
C:\\Users\\UniquePicturePrints\\Desktop\\Project\\XCoinGateway\\node_modules\\body-parser\\lib\\read.js:171:5     at 
AsyncResource.runInAsyncScope (node:async_hooks:206:9)     at invokeCallback 
(C:\\Users\\UniquePicturePrints\\Desktop\\Project\\XCoinGateway\\node_modules\\raw-body\\index.js:238:16)     at done 
(C:\\Users\\UniquePicturePrints\\Desktop\\Project\\XCoinGateway\\node_modules\\raw-body\\index.js:227:7)     at IncomingMessage.onEnd 
(C:\\Users\\UniquePicturePrints\\Desktop\\Project\\XCoinGateway\\node_modules\\raw-body\\index.js:287:7)     at IncomingMessage.emit 
(node:events:524:28)     at endReadableNT (node:internal/streams/readable:1698:12)     at processTicksAndRejections 
(node:internal/process/task_queues:82:21)"}
{"timestamp":"2026-04-06T07:15:35.367Z","level":"warn","service":"api-server","message":"HTTP","requestId":"2f3d0f75-d487-482c-b186-eae1bb686ffc","method":"GET","path":"/etc/passwd","status":404,"ms":4,"ip":"::ffff:127.0.0.1"}
{"timestamp":"2026-04-06T07:15:35.367Z","level":"info","service":"api-server","message":"HTTP","requestId":"dddf1931-a073-4a6f-9f85-ed7ef292846d","method":"GET","path":"/","status":200,"ms":4,"ip":"::ffff:127.0.0.1"}
{"timestamp":"2026-04-06T07:15:35.373Z","level":"warn","service":"api-server","message":"HTTP","requestId":"86b61ad3-0fd6-414f-bf99-83abe20e8548","method":"GET","path":"/api/v1/pay/","status":404,"ms":3,"ip":"::ffff:127.0.0.1"}
{"timestamp":"2026-04-06T07:15:35.378Z","level":"info","service":"api-server","message":"HTTP","requestId":"0324172b-c5c1-4ec1-9b84-0364a85ba842","method":"GET","path":"/","status":200,"ms":1,"ip":"::ffff:127.0.0.1"}
{"timestamp":"2026-04-06T07:15:35.383Z","level":"info","service":"api-server","message":"HTTP","requestId":"6a214a30-05f9-432d-8bd1-0674c768caec","method":"GET","path":"/","status":200,"ms":1,"ip":"::ffff:127.0.0.1"}
{"timestamp":"2026-04-06T07:15:35.385Z","level":"warn","service":"waf-hardening","message":"WAF: request blocked","reason":"null_byte_injection","detail":"in URL","ip":"::ffff:127.0.0.1","method":"GET","path":"/api/v1/auth/login%00"}
{"timestamp":"2026-04-06T07:15:35.386Z","level":"warn","service":"api-server","message":"Invoice not found","requestId":"dafdc8fe-0390-467e-90f3-5632859628d4","code":"NOT_FOUND","statusCode":404}
{"timestamp":"2026-04-06T07:15:35.387Z","level":"warn","service":"api-server","message":"HTTP","requestId":"dafdc8fe-0390-467e-90f3-5632859628d4","method":"GET","path":"/api/v1/pay/NOT_A_VALID_OBJECT_ID","status":404,"ms":2,"ip":"::ffff:127.0.0.1"}
{"timestamp":"2026-04-06T07:15:35.388Z","level":"info","service":"api-server","message":"HTTP","requestId":"42182041-b0f0-4c56-94de-557771bc282c","method":"GET","path":"/","status":200,"ms":1,"ip":"::ffff:127.0.0.1"}
{"timestamp":"2026-04-06T07:15:35.391Z","level":"info","service":"api-server","message":"HTTP","requestId":"aba938ac-45cc-4dd3-b8db-8e026d17af00","method":"GET","path":"/","status":200,"ms":1,"ip":"::ffff:127.0.0.1"}
{"timestamp":"2026-04-06T07:15:35.391Z","level":"warn","service":"api-server","message":"Validation failed","requestId":"fb598bed-5491-4eda-b377-fe85b646f0ed","code":"VALIDATION_FAILED","statusCode":400}
{"timestamp":"2026-04-06T07:15:35.392Z","level":"warn","service":"api-server","message":"Invoice not found","requestId":"7f9e98ef-8627-41cf-8f80-fd3572122336","code":"NOT_FOUND","statusCode":404}
{"timestamp":"2026-04-06T07:15:35.393Z","level":"warn","service":"api-server","message":"HTTP","requestId":"7f9e98ef-8627-41cf-8f80-fd3572122336","method":"GET","path":"/api/v1/pay/000000000000000000000001","status":404,"ms":0,"ip":"::ffff:127.0.0.1"}
{"timestamp":"2026-04-06T07:15:35.393Z","level":"info","service":"api-server","message":"HTTP","requestId":"550e8400-e29b-41d4-a716-446655440000","method":"GET","path":"/","status":200,"ms":1,"ip":"::ffff:127.0.0.1"}
{"timestamp":"2026-04-06T07:15:35.394Z","level":"warn","service":"api-server","message":"HTTP","requestId":"fb598bed-5491-4eda-b377-fe85b646f0ed","method":"POST","path":"/api/v1/auth/register","status":400,"ms":6,"ip":"::ffff:127.0.0.1"}
{"timestamp":"2026-04-06T07:15:35.395Z","level":"warn","service":"waf-hardening","message":"WAF: scanner user-agent blocked","ua":"sqlmap/1.4.7","ip":"::ffff:127.0.0.1"}
{"timestamp":"2026-04-06T07:15:35.398Z","level":"info","service":"api-server","message":"HTTP","requestId":"ef4cb60f-f3e7-4e8b-bea3-7a4bfbb8ffcc","method":"GET","path":"/","status":200,"ms":1,"ip":"::ffff:127.0.0.1"}
{"timestamp":"2026-04-06T07:15:35.398Z","level":"warn","service":"api-server","message":"Access token required","requestId":"3271e1b3-126e-445b-9154-e9ded5ee9d3a","code":"AUTH_TOKEN_MISSING","statusCode":401}
{"timestamp":"2026-04-06T07:15:35.399Z","level":"warn","service":"api-server","message":"HTTP","requestId":"3271e1b3-126e-445b-9154-e9ded5ee9d3a","method":"GET","path":"/api/v1/merchant/invoices","status":401,"ms":2,"ip":"::ffff:127.0.0.1"}
{"timestamp":"2026-04-06T07:15:35.400Z","level":"warn","service":"waf-hardening","message":"WAF: scanner user-agent blocked","ua":"Nikto/2.1.6","ip":"::ffff:127.0.0.1"}
{"timestamp":"2026-04-06T07:15:35.405Z","level":"info","service":"api-server","message":"HTTP","requestId":"1c454a36-7705-44a1-aa21-0f1b3a58ea12","method":"GET","path":"/","status":200,"ms":1,"ip":"::ffff:127.0.0.1"}
{"timestamp":"2026-04-06T07:15:35.406Z","level":"warn","service":"api-server","message":"Validation failed","requestId":"9abca90a-4430-4323-b5aa-917b9bcb8f5d","code":"VALIDATION_FAILED","statusCode":400}
{"timestamp":"2026-04-06T07:15:35.407Z","level":"warn","service":"api-server","message":"HTTP","requestId":"9abca90a-4430-4323-b5aa-917b9bcb8f5d","method":"POST","path":"/api/v1/auth/register","status":400,"ms":2,"ip":"::ffff:127.0.0.1"}
{"timestamp":"2026-04-06T07:15:35.408Z","level":"warn","service":"api-server","message":"HTTP","requestId":"2859cf79-b881-406f-85a2-61e633e3ca20","method":"POST","path":"/api/v1/payments","status":500,"ms":22,"ip":"::ffff:127.0.0.1"}
{"timestamp":"2026-04-06T07:15:35.410Z","level":"info","service":"api-server","message":"HTTP","requestId":"7283bc49-6146-4450-ad1e-9db3ad44da15","method":"GET","path":"/","status":200,"ms":1,"ip":"::ffff:127.0.0.1"}
{"timestamp":"2026-04-06T07:15:35.411Z","level":"warn","service":"api-server","message":"HTTP","requestId":"7fb635bf-12b2-41e9-9681-6ba06a7e4a07","method":"GET","path":"/ready","status":503,"ms":1,"ip":"::ffff:127.0.0.1"}
{"timestamp":"2026-04-06T07:15:35.413Z","level":"warn","service":"api-server","message":"Validation failed","requestId":"8be65542-0cc7-4c12-8bd5-95a59ead9449","code":"VALIDATION_FAILED","statusCode":400}
{"timestamp":"2026-04-06T07:15:35.413Z","level":"warn","service":"api-server","message":"HTTP","requestId":"8be65542-0cc7-4c12-8bd5-95a59ead9449","method":"POST","path":"/api/v1/auth/register","status":400,"ms":1,"ip":"::ffff:127.0.0.1"}
{"timestamp":"2026-04-06T07:15:35.416Z","level":"warn","service":"api-server","message":"Insufficient permissions","requestId":"370c68cc-3e82-40e5-a767-6bdba5a16793","code":"RBAC_INSUFFICIENT_PERMISSIONS","statusCode":403}
{"timestamp":"2026-04-06T07:15:35.417Z","level":"warn","service":"api-server","message":"HTTP","requestId":"370c68cc-3e82-40e5-a767-6bdba5a16793","method":"GET","path":"/api/v1/merchant/invoices","status":403,"ms":4,"ip":"::ffff:127.0.0.1"}
{"timestamp":"2026-04-06T07:15:35.421Z","level":"warn","service":"api-server","message":"Validation failed","requestId":"156d6040-619a-4e67-8fda-9a30693d3cb9","code":"VALIDATION_FAILED","statusCode":400}
{"timestamp":"2026-04-06T07:15:35.421Z","level":"info","service":"api-server","message":"HTTP","requestId":"3bca0bfd-c5e8-49b6-88f7-4232b060fa10","method":"GET","path":"/","status":200,"ms":1,"ip":"::ffff:127.0.0.1"}
{"timestamp":"2026-04-06T07:15:35.421Z","level":"warn","service":"api-server","message":"HTTP","requestId":"156d6040-619a-4e67-8fda-9a30693d3cb9","method":"POST","path":"/api/v1/auth/register","status":400,"ms":1,"ip":"::ffff:127.0.0.1"}
{"timestamp":"2026-04-06T07:15:35.422Z","level":"warn","service":"api-server","message":"Access token required","requestId":"45fa6a03-94bd-427d-8327-7e621f8bbdda","code":"AUTH_TOKEN_MISSING","statusCode":401}
{"timestamp":"2026-04-06T07:15:35.423Z","level":"warn","service":"api-server","message":"HTTP","requestId":"45fa6a03-94bd-427d-8327-7e621f8bbdda","method":"GET","path":"/api/v1/merchant/dashboard","status":401,"ms":2,"ip":"::ffff:127.0.0.1"}
{"timestamp":"2026-04-06T07:15:35.426Z","level":"warn","service":"api-server","message":"HTTP","requestId":"bcf93813-55a6-4f45-9561-0f0f752bb8cb","method":"POST","path":"/api/v1/payments","status":500,"ms":3,"ip":"::ffff:127.0.0.1"}
{"timestamp":"2026-04-06T07:15:35.429Z","level":"warn","service":"api-server","message":"Access token required","requestId":"805cce12-efc2-48c6-8095-9c9b700417bf","code":"AUTH_TOKEN_MISSING","statusCode":401}
{"timestamp":"2026-04-06T07:15:35.430Z","level":"info","service":"api-server","message":"HTTP","requestId":"33e6ca39-d594-42a0-a71a-2bbf65bb2fc9","method":"POST","path":"/register","status":201,"ms":2,"ip":"::ffff:127.0.0.1"}
{"timestamp":"2026-04-06T07:15:35.430Z","level":"warn","service":"api-server","message":"HTTP","requestId":"805cce12-efc2-48c6-8095-9c9b700417bf","method":"GET","path":"/api/v1/merchant/withdrawals","status":401,"ms":1,"ip":"::ffff:127.0.0.1"}
{"timestamp":"2026-04-06T07:15:35.437Z","level":"info","service":"api-server","message":"HTTP","requestId":"34f7dad6-deaf-4620-afe6-c881686e700e","method":"GET","path":"/","status":200,"ms":1,"ip":"::ffff:127.0.0.1"}
{"timestamp":"2026-04-06T07:15:35.439Z","level":"info","service":"api-server","message":"HTTP","requestId":"d2a2eb18-8dc1-47f0-965b-ab9c6f2e0324","method":"POST","path":"/register","status":201,"ms":1,"ip":"::ffff:127.0.0.1"}
{"timestamp":"2026-04-06T07:15:35.439Z","level":"warn","service":"api-server","message":"HTTP","requestId":"d3c0ed02-ac8e-4c78-9236-9fdc09b19a80","method":"POST","path":"/api/v1/payments","status":500,"ms":3,"ip":"::ffff:127.0.0.1"}
{"timestamp":"2026-04-06T07:15:35.441Z","level":"warn","service":"api-server","message":"Validation failed","requestId":"79c2aedc-b89d-4dc7-a856-d35f6d05b1bc","code":"VALIDATION_FAILED","statusCode":400}
{"timestamp":"2026-04-06T07:15:35.442Z","level":"warn","service":"api-server","message":"HTTP","requestId":"79c2aedc-b89d-4dc7-a856-d35f6d05b1bc","method":"POST","path":"/api/v1/auth/login","status":400,"ms":4,"ip":"::ffff:127.0.0.1"}
{"timestamp":"2026-04-06T07:15:35.447Z","level":"warn","service":"security","message":"NoSQL injection attempt blocked","requestId":"N/A","ip":"::ffff:127.0.0.1","method":"POST","path":"/api/v1/auth/login"}
{"timestamp":"2026-04-06T07:15:35.447Z","level":"warn","service":"api-server","message":"HTTP","requestId":"035c05bd-a954-4e55-8fc4-fa57c4e0230e","method":"POST","path":"/api/v1/payments","status":500,"ms":3,"ip":"::ffff:127.0.0.1"}
{"timestamp":"2026-04-06T07:15:35.448Z","level":"warn","service":"api-server","message":"Validation failed","requestId":"1e8dc648-d2ce-4f79-b3bc-770f6437e0b7","code":"VALIDATION_FAILED","statusCode":400}
{"timestamp":"2026-04-06T07:15:35.448Z","level":"warn","service":"api-server","message":"Validation failed","requestId":"1cfb67bc-9dac-473e-9513-26454bd303a3","code":"VALIDATION_FAILED","statusCode":400}
{"timestamp":"2026-04-06T07:15:35.449Z","level":"warn","service":"api-server","message":"HTTP","requestId":"1e8dc648-d2ce-4f79-b3bc-770f6437e0b7","method":"POST","path":"/api/v1/auth/login","status":400,"ms":2,"ip":"::ffff:127.0.0.1"}
{"timestamp":"2026-04-06T07:15:35.449Z","level":"warn","service":"api-server","message":"HTTP","requestId":"1cfb67bc-9dac-473e-9513-26454bd303a3","method":"POST","path":"/api/v1/auth/login","status":400,"ms":2,"ip":"::ffff:127.0.0.1"}
{"timestamp":"2026-04-06T07:15:35.452Z","level":"warn","service":"security","message":"NoSQL injection attempt blocked","requestId":"N/A","ip":"::ffff:127.0.0.1","method":"POST","path":"/api/v1/auth/login"}
{"timestamp":"2026-04-06T07:15:35.453Z","level":"warn","service":"security","message":"NoSQL injection attempt blocked","requestId":"N/A","ip":"::ffff:127.0.0.1","method":"POST","path":"/api/v1/auth/login"}
{"timestamp":"2026-04-06T07:15:35.454Z","level":"warn","service":"api-server","message":"Validation failed","requestId":"d7fa61d4-ac9c-41d0-96d5-ad366e67bab6","code":"VALIDATION_FAILED","statusCode":400}
{"timestamp":"2026-04-06T07:15:35.454Z","level":"warn","service":"api-server","message":"HTTP","requestId":"d7fa61d4-ac9c-41d0-96d5-ad366e67bab6","method":"POST","path":"/api/v1/auth/login","status":400,"ms":1,"ip":"::ffff:127.0.0.1"}
{"timestamp":"2026-04-06T07:15:35.455Z","level":"warn","service":"api-server","message":"Validation failed","requestId":"f7d6de3b-c918-4fd0-acb2-bb46834ed30a","code":"VALIDATION_FAILED","statusCode":400}
{"timestamp":"2026-04-06T07:15:35.455Z","level":"warn","service":"api-server","message":"HTTP","requestId":"f7d6de3b-c918-4fd0-acb2-bb46834ed30a","method":"POST","path":"/api/v1/auth/login","status":400,"ms":1,"ip":"::ffff:127.0.0.1"}
{"timestamp":"2026-04-06T07:15:35.455Z","level":"warn","service":"api-server","message":"HTTP","requestId":"52dd24d4-ad6f-4465-b48e-36a410326c13","method":"POST","path":"/api/v1/payments","status":500,"ms":3,"ip":"::ffff:127.0.0.1"}
{"timestamp":"2026-04-06T07:15:35.455Z","level":"warn","service":"api-server","message":"Validation failed","requestId":"30cb0029-6163-47e6-b2d0-ce5bd57e5ba3","code":"VALIDATION_FAILED","statusCode":400}
{"timestamp":"2026-04-06T07:15:35.456Z","level":"warn","service":"api-server","message":"HTTP","requestId":"30cb0029-6163-47e6-b2d0-ce5bd57e5ba3","method":"POST","path":"/api/v1/auth/login","status":400,"ms":3,"ip":"::ffff:127.0.0.1"}
{"timestamp":"2026-04-06T07:15:35.458Z","level":"warn","service":"security","message":"NoSQL injection attempt blocked","requestId":"N/A","ip":"::ffff:127.0.0.1","method":"POST","path":"/api/v1/auth/login"}
{"timestamp":"2026-04-06T07:15:35.458Z","level":"warn","service":"api-server","message":"HTTP","requestId":"530c7e84-9a6a-4de9-8253-94d1f9328ac4","method":"POST","path":"/api/v1/payments","status":500,"ms":10,"ip":"::ffff:127.0.0.1"}
{"timestamp":"2026-04-06T07:15:35.459Z","level":"warn","service":"api-server","message":"Validation failed","requestId":"9eda13c7-fdf4-4376-bca4-f49603984414","code":"VALIDATION_FAILED","statusCode":400}
{"timestamp":"2026-04-06T07:15:35.460Z","level":"warn","service":"api-server","message":"HTTP","requestId":"9eda13c7-fdf4-4376-bca4-f49603984414","method":"POST","path":"/api/v1/auth/login","status":400,"ms":1,"ip":"::ffff:127.0.0.1"}
{"timestamp":"2026-04-06T07:15:35.461Z","level":"warn","service":"api-server","message":"Validation failed","requestId":"ad62d944-680a-4cae-a077-add35e51ddfd","code":"VALIDATION_FAILED","statusCode":400}
{"timestamp":"2026-04-06T07:15:35.460Z","level":"warn","service":"security","message":"NoSQL injection attempt blocked","requestId":"N/A","ip":"::ffff:127.0.0.1","method":"POST","path":"/api/v1/auth/login"}
{"timestamp":"2026-04-06T07:15:35.461Z","level":"warn","service":"api-server","message":"HTTP","requestId":"ad62d944-680a-4cae-a077-add35e51ddfd","method":"POST","path":"/api/v1/auth/login","status":400,"ms":1,"ip":"::ffff:127.0.0.1"}
{"timestamp":"2026-04-06T07:15:35.463Z","level":"warn","service":"api-server","message":"Validation failed","requestId":"6a9adcef-bbf4-4b66-b07d-78511c9ed167","code":"VALIDATION_FAILED","statusCode":400}
{"timestamp":"2026-04-06T07:15:35.464Z","level":"warn","service":"security","message":"NoSQL injection attempt blocked","requestId":"N/A","ip":"::ffff:127.0.0.1","method":"POST","path":"/api/v1/auth/register"}
{"timestamp":"2026-04-06T07:15:35.464Z","level":"warn","service":"api-server","message":"HTTP","requestId":"6a9adcef-bbf4-4b66-b07d-78511c9ed167","method":"POST","path":"/api/v1/auth/login","status":400,"ms":3,"ip":"::ffff:127.0.0.1"}
{"timestamp":"2026-04-06T07:15:35.465Z","level":"warn","service":"api-server","message":"HTTP","requestId":"8f191892-c7d3-4667-90ec-25c1ba54cc89","method":"POST","path":"/api/v1/payments","status":500,"ms":4,"ip":"::ffff:127.0.0.1"}
{"timestamp":"2026-04-06T07:15:35.465Z","level":"warn","service":"api-server","message":"Validation failed","requestId":"96ab240c-aba4-46b7-8400-55a51d5c6df8","code":"VALIDATION_FAILED","statusCode":400}
{"timestamp":"2026-04-06T07:15:35.466Z","level":"warn","service":"api-server","message":"HTTP","requestId":"96ab240c-aba4-46b7-8400-55a51d5c6df8","method":"POST","path":"/api/v1/auth/register","status":400,"ms":2,"ip":"::ffff:127.0.0.1"}
{"timestamp":"2026-04-06T07:15:35.466Z","level":"warn","service":"security","message":"NoSQL injection attempt blocked","requestId":"N/A","ip":"::ffff:127.0.0.1","method":"POST","path":"/api/v1/auth/login"}
{"timestamp":"2026-04-06T07:15:35.467Z","level":"warn","service":"api-server","message":"Validation failed","requestId":"cdc64128-7fe6-422d-804e-c220ef3565f7","code":"VALIDATION_FAILED","statusCode":400}
{"timestamp":"2026-04-06T07:15:35.468Z","level":"warn","service":"api-server","message":"HTTP","requestId":"cdc64128-7fe6-422d-804e-c220ef3565f7","method":"POST","path":"/api/v1/auth/login","status":400,"ms":2,"ip":"::ffff:127.0.0.1"}
{"timestamp":"2026-04-06T07:15:35.473Z","level":"error","service":"api-server","message":"Unhandled 
error","requestId":"eed24c05-bb05-4982-99a1-a64a299b6614","error":"Cannot read properties of undefined (reading 
'create')","stack":"TypeError: Cannot read properties of undefined (reading 'create')     at create 
(C:\\Users\\UniquePicturePrints\\Desktop\\Project\\XCoinGateway\\services\\api-server\\src\\middleware\\merchantApiAuth.js:289:21)    
 at Layer.handleRequest (C:\\Users\\UniquePicturePrints\\Desktop\\Project\\XCoinGateway\\node_modules\\router\\lib\\layer.js:152:17)  
   at next (C:\\Users\\UniquePicturePrints\\Desktop\\Project\\XCoinGateway\\node_modules\\router\\lib\\route.js:157:13)     at 
Route.dispatch (C:\\Users\\UniquePicturePrints\\Desktop\\Project\\XCoinGateway\\node_modules\\router\\lib\\route.js:117:3)     at 
handle (C:\\Users\\UniquePicturePrints\\Desktop\\Project\\XCoinGateway\\node_modules\\router\\index.js:435:11)     at 
Layer.handleRequest (C:\\Users\\UniquePicturePrints\\Desktop\\Project\\XCoinGateway\\node_modules\\router\\lib\\layer.js:152:17)     
at C:\\Users\\UniquePicturePrints\\Desktop\\Project\\XCoinGateway\\node_modules\\router\\index.js:295:15     at processParams 
(C:\\Users\\UniquePicturePrints\\Desktop\\Project\\XCoinGateway\\node_modules\\router\\index.js:582:12)     at next 
(C:\\Users\\UniquePicturePrints\\Desktop\\Project\\XCoinGateway\\node_modules\\router\\index.js:291:5)     at Function.handle 
(C:\\Users\\UniquePicturePrints\\Desktop\\Project\\XCoinGateway\\node_modules\\router\\index.js:186:3)     at router 
(C:\\Users\\UniquePicturePrints\\Desktop\\Project\\XCoinGateway\\node_modules\\router\\index.js:60:12)     at Layer.handleRequest 
(C:\\Users\\UniquePicturePrints\\Desktop\\Project\\XCoinGateway\\node_modules\\router\\lib\\layer.js:152:17)     at trimPrefix 
(C:\\Users\\UniquePicturePrints\\Desktop\\Project\\XCoinGateway\\node_modules\\router\\index.js:342:13)     at 
C:\\Users\\UniquePicturePrints\\Desktop\\Project\\XCoinGateway\\node_modules\\router\\index.js:297:9     at processParams 
(C:\\Users\\UniquePicturePrints\\Desktop\\Project\\XCoinGateway\\node_modules\\router\\index.js:582:12)     at next 
(C:\\Users\\UniquePicturePrints\\Desktop\\Project\\XCoinGateway\\node_modules\\router\\index.js:291:5)     at next 
(C:\\Users\\UniquePicturePrints\\Desktop\\Project\\XCoinGateway\\services\\api-server\\src\\app.js:393:3)     at Layer.handleRequest 
(C:\\Users\\UniquePicturePrints\\Desktop\\Project\\XCoinGateway\\node_modules\\router\\lib\\layer.js:152:17)     at trimPrefix 
(C:\\Users\\UniquePicturePrints\\Desktop\\Project\\XCoinGateway\\node_modules\\router\\index.js:342:13)     at 
C:\\Users\\UniquePicturePrints\\Desktop\\Project\\XCoinGateway\\node_modules\\router\\index.js:297:9     at processParams 
(C:\\Users\\UniquePicturePrints\\Desktop\\Project\\XCoinGateway\\node_modules\\router\\index.js:582:12)     at next 
(C:\\Users\\UniquePicturePrints\\Desktop\\Project\\XCoinGateway\\node_modules\\router\\index.js:291:5)     at next 
(C:\\Users\\UniquePicturePrints\\Desktop\\Project\\XCoinGateway\\packages\\common\\src\\requestContext.js:68:5)     at 
AsyncLocalStorage.run (node:async_hooks:346:14)     at run 
(C:\\Users\\UniquePicturePrints\\Desktop\\Project\\XCoinGateway\\packages\\common\\src\\requestContext.js:67:21)     at 
Layer.handleRequest (C:\\Users\\UniquePicturePrints\\Desktop\\Project\\XCoinGateway\\node_modules\\router\\lib\\layer.js:152:17)     
at trimPrefix (C:\\Users\\UniquePicturePrints\\Desktop\\Project\\XCoinGateway\\node_modules\\router\\index.js:342:13)     at 
C:\\Users\\UniquePicturePrints\\Desktop\\Project\\XCoinGateway\\node_modules\\router\\index.js:297:9     at processParams 
(C:\\Users\\UniquePicturePrints\\Desktop\\Project\\XCoinGateway\\node_modules\\router\\index.js:582:12)     at next 
(C:\\Users\\UniquePicturePrints\\Desktop\\Project\\XCoinGateway\\node_modules\\router\\index.js:291:5)     at next 
(C:\\Users\\UniquePicturePrints\\Desktop\\Project\\XCoinGateway\\services\\api-server\\src\\app.js:362:3)     at Layer.handleRequest 
(C:\\Users\\UniquePicturePrints\\Desktop\\Project\\XCoinGateway\\node_modules\\router\\lib\\layer.js:152:17)     at trimPrefix 
(C:\\Users\\UniquePicturePrints\\Desktop\\Project\\XCoinGateway\\node_modules\\router\\index.js:342:13)     at 
C:\\Users\\UniquePicturePrints\\Desktop\\Project\\XCoinGateway\\node_modules\\router\\index.js:297:9     at processParams 
(C:\\Users\\UniquePicturePrints\\Desktop\\Project\\XCoinGateway\\node_modules\\router\\index.js:582:12)     at next 
(C:\\Users\\UniquePicturePrints\\Desktop\\Project\\XCoinGateway\\node_modules\\router\\index.js:291:5)     at next 
(C:\\Users\\UniquePicturePrints\\Desktop\\Project\\XCoinGateway\\services\\api-server\\src\\app.js:333:36)     at Layer.handleRequest 
(C:\\Users\\UniquePicturePrints\\Desktop\\Project\\XCoinGateway\\node_modules\\router\\lib\\layer.js:152:17)     at trimPrefix 
(C:\\Users\\UniquePicturePrints\\Desktop\\Project\\XCoinGateway\\node_modules\\router\\index.js:342:13)     at 
C:\\Users\\UniquePicturePrints\\Desktop\\Project\\XCoinGateway\\node_modules\\router\\index.js:297:9     at processParams 
(C:\\Users\\UniquePicturePrints\\Desktop\\Project\\XCoinGateway\\node_modules\\router\\index.js:582:12)     at next 
(C:\\Users\\UniquePicturePrints\\Desktop\\Project\\XCoinGateway\\node_modules\\router\\index.js:291:5)     at next 
(C:\\Users\\UniquePicturePrints\\Desktop\\Project\\XCoinGateway\\services\\api-server\\src\\app.js:320:3)     at Layer.handleRequest 
(C:\\Users\\UniquePicturePrints\\Desktop\\Project\\XCoinGateway\\node_modules\\router\\lib\\layer.js:152:17)     at trimPrefix 
(C:\\Users\\UniquePicturePrints\\Desktop\\Project\\XCoinGateway\\node_modules\\router\\index.js:342:13)     at 
C:\\Users\\UniquePicturePrints\\Desktop\\Project\\XCoinGateway\\node_modules\\router\\index.js:297:9     at processParams 
(C:\\Users\\UniquePicturePrints\\Desktop\\Project\\XCoinGateway\\node_modules\\router\\index.js:582:12)     at next 
(C:\\Users\\UniquePicturePrints\\Desktop\\Project\\XCoinGateway\\node_modules\\router\\index.js:291:5)     at cookieParser 
(C:\\Users\\UniquePicturePrints\\Desktop\\Project\\XCoinGateway\\node_modules\\cookie-parser\\index.js:57:14)     at 
Layer.handleRequest (C:\\Users\\UniquePicturePrints\\Desktop\\Project\\XCoinGateway\\node_modules\\router\\lib\\layer.js:152:17)     
at trimPrefix (C:\\Users\\UniquePicturePrints\\Desktop\\Project\\XCoinGateway\\node_modules\\router\\index.js:342:13)     at 
C:\\Users\\UniquePicturePrints\\Desktop\\Project\\XCoinGateway\\node_modules\\router\\index.js:297:9     at processParams 
(C:\\Users\\UniquePicturePrints\\Desktop\\Project\\XCoinGateway\\node_modules\\router\\index.js:582:12)     at next 
(C:\\Users\\UniquePicturePrints\\Desktop\\Project\\XCoinGateway\\node_modules\\router\\index.js:291:5)     at hpp 
(C:\\Users\\UniquePicturePrints\\Desktop\\Project\\XCoinGateway\\node_modules\\hpp\\lib\\index.js:146:9)     at Layer.handleRequest 
(C:\\Users\\UniquePicturePrints\\Desktop\\Project\\XCoinGateway\\node_modules\\router\\lib\\layer.js:152:17)     at trimPrefix 
(C:\\Users\\UniquePicturePrints\\Desktop\\Project\\XCoinGateway\\node_modules\\router\\index.js:342:13)     at 
C:\\Users\\UniquePicturePrints\\Desktop\\Project\\XCoinGateway\\node_modules\\router\\index.js:297:9     at processParams 
(C:\\Users\\UniquePicturePrints\\Desktop\\Project\\XCoinGateway\\node_modules\\router\\index.js:582:12)     at next 
(C:\\Users\\UniquePicturePrints\\Desktop\\Project\\XCoinGateway\\node_modules\\router\\index.js:291:5)     at next 
(C:\\Users\\UniquePicturePrints\\Desktop\\Project\\XCoinGateway\\services\\api-server\\src\\middleware\\originValidation.js:75:12)    
 at Layer.handleRequest (C:\\Users\\UniquePicturePrints\\Desktop\\Project\\XCoinGateway\\node_modules\\router\\lib\\layer.js:152:17)  
   at trimPrefix (C:\\Users\\UniquePicturePrints\\Desktop\\Project\\XCoinGateway\\node_modules\\router\\index.js:342:13)     at 
C:\\Users\\UniquePicturePrints\\Desktop\\Project\\XCoinGateway\\node_modules\\router\\index.js:297:9     at processParams 
(C:\\Users\\UniquePicturePrints\\Desktop\\Project\\XCoinGateway\\node_modules\\router\\index.js:582:12)     at next 
(C:\\Users\\UniquePicturePrints\\Desktop\\Project\\XCoinGateway\\node_modules\\router\\index.js:291:5)     at next 
(C:\\Users\\UniquePicturePrints\\Desktop\\Project\\XCoinGateway\\services\\api-server\\src\\middleware\\requestHardening.js:165:3)    
 at Layer.handleRequest (C:\\Users\\UniquePicturePrints\\Desktop\\Project\\XCoinGateway\\node_modules\\router\\lib\\layer.js:152:17)  
   at trimPrefix (C:\\Users\\UniquePicturePrints\\Desktop\\Project\\XCoinGateway\\node_modules\\router\\index.js:342:13)     at 
C:\\Users\\UniquePicturePrints\\Desktop\\Project\\XCoinGateway\\node_modules\\router\\index.js:297:9     at processParams 
(C:\\Users\\UniquePicturePrints\\Desktop\\Project\\XCoinGateway\\node_modules\\router\\index.js:582:12)     at next 
(C:\\Users\\UniquePicturePrints\\Desktop\\Project\\XCoinGateway\\node_modules\\router\\index.js:291:5)     at next 
(C:\\Users\\UniquePicturePrints\\Desktop\\Project\\XCoinGateway\\services\\api-server\\src\\middleware\\noSqlSanitize.js:106:3)     
at Layer.handleRequest (C:\\Users\\UniquePicturePrints\\Desktop\\Project\\XCoinGateway\\node_modules\\router\\lib\\layer.js:152:17)   
  at trimPrefix (C:\\Users\\UniquePicturePrints\\Desktop\\Project\\XCoinGateway\\node_modules\\router\\index.js:342:13)     at 
C:\\Users\\UniquePicturePrints\\Desktop\\Project\\XCoinGateway\\node_modules\\router\\index.js:297:9     at processParams 
(C:\\Users\\UniquePicturePrints\\Desktop\\Project\\XCoinGateway\\node_modules\\router\\index.js:582:12)     at next 
(C:\\Users\\UniquePicturePrints\\Desktop\\Project\\XCoinGateway\\node_modules\\router\\index.js:291:5)     at read 
(C:\\Users\\UniquePicturePrints\\Desktop\\Project\\XCoinGateway\\node_modules\\body-parser\\lib\\read.js:42:5)     at 
urlencodedParser 
(C:\\Users\\UniquePicturePrints\\Desktop\\Project\\XCoinGateway\\node_modules\\body-parser\\lib\\types\\urlencoded.js:57:5)     at 
Layer.handleRequest (C:\\Users\\UniquePicturePrints\\Desktop\\Project\\XCoinGateway\\node_modules\\router\\lib\\layer.js:152:17)     
at trimPrefix (C:\\Users\\UniquePicturePrints\\Desktop\\Project\\XCoinGateway\\node_modules\\router\\index.js:342:13)     at 
C:\\Users\\UniquePicturePrints\\Desktop\\Project\\XCoinGateway\\node_modules\\router\\index.js:297:9     at processParams 
(C:\\Users\\UniquePicturePrints\\Desktop\\Project\\XCoinGateway\\node_modules\\router\\index.js:582:12)     at next 
(C:\\Users\\UniquePicturePrints\\Desktop\\Project\\XCoinGateway\\node_modules\\router\\index.js:291:5)     at read 
(C:\\Users\\UniquePicturePrints\\Desktop\\Project\\XCoinGateway\\node_modules\\body-parser\\lib\\read.js:42:5)     at jsonParser 
(C:\\Users\\UniquePicturePrints\\Desktop\\Project\\XCoinGateway\\node_modules\\body-parser\\lib\\types\\json.js:88:5)     at 
Layer.handleRequest (C:\\Users\\UniquePicturePrints\\Desktop\\Project\\XCoinGateway\\node_modules\\router\\lib\\layer.js:152:17)     
at trimPrefix (C:\\Users\\UniquePicturePrints\\Desktop\\Project\\XCoinGateway\\node_modules\\router\\index.js:342:13)     at 
C:\\Users\\UniquePicturePrints\\Desktop\\Project\\XCoinGateway\\node_modules\\router\\index.js:297:9     at processParams 
(C:\\Users\\UniquePicturePrints\\Desktop\\Project\\XCoinGateway\\node_modules\\router\\index.js:582:12)     at next 
(C:\\Users\\UniquePicturePrints\\Desktop\\Project\\XCoinGateway\\node_modules\\router\\index.js:291:5)     at 
C:\\Users\\UniquePicturePrints\\Desktop\\Project\\XCoinGateway\\node_modules\\body-parser\\lib\\read.js:171:5     at 
AsyncResource.runInAsyncScope (node:async_hooks:206:9)     at invokeCallback 
(C:\\Users\\UniquePicturePrints\\Desktop\\Project\\XCoinGateway\\node_modules\\raw-body\\index.js:238:16)     at done 
(C:\\Users\\UniquePicturePrints\\Desktop\\Project\\XCoinGateway\\node_modules\\raw-body\\index.js:227:7)     at IncomingMessage.onEnd 
(C:\\Users\\UniquePicturePrints\\Desktop\\Project\\XCoinGateway\\node_modules\\raw-body\\index.js:287:7)     at IncomingMessage.emit 
(node:events:524:28)     at endReadableNT (node:internal/streams/readable:1698:12)     at processTicksAndRejections 
(node:internal/process/task_queues:82:21)"}
{"timestamp":"2026-04-06T07:15:35.478Z","level":"error","service":"api-server","message":"Unhandled 
error","requestId":"fbbb2669-4ae0-48fc-98a9-12245b326268","error":"Cannot read properties of undefined (reading 
'create')","stack":"TypeError: Cannot read properties of undefined (reading 'create')     at create 
(C:\\Users\\UniquePicturePrints\\Desktop\\Project\\XCoinGateway\\services\\api-server\\src\\middleware\\merchantApiAuth.js:289:21)    
 at Layer.handleRequest (C:\\Users\\UniquePicturePrints\\Desktop\\Project\\XCoinGateway\\node_modules\\router\\lib\\layer.js:152:17)  
   at next (C:\\Users\\UniquePicturePrints\\Desktop\\Project\\XCoinGateway\\node_modules\\router\\lib\\route.js:157:13)     at 
Route.dispatch (C:\\Users\\UniquePicturePrints\\Desktop\\Project\\XCoinGateway\\node_modules\\router\\lib\\route.js:117:3)     at 
handle (C:\\Users\\UniquePicturePrints\\Desktop\\Project\\XCoinGateway\\node_modules\\router\\index.js:435:11)     at 
Layer.handleRequest (C:\\Users\\UniquePicturePrints\\Desktop\\Project\\XCoinGateway\\node_modules\\router\\lib\\layer.js:152:17)     
at C:\\Users\\UniquePicturePrints\\Desktop\\Project\\XCoinGateway\\node_modules\\router\\index.js:295:15     at processParams 
(C:\\Users\\UniquePicturePrints\\Desktop\\Project\\XCoinGateway\\node_modules\\router\\index.js:582:12)     at next 
(C:\\Users\\UniquePicturePrints\\Desktop\\Project\\XCoinGateway\\node_modules\\router\\index.js:291:5)     at Function.handle 
(C:\\Users\\UniquePicturePrints\\Desktop\\Project\\XCoinGateway\\node_modules\\router\\index.js:186:3)     at router 
(C:\\Users\\UniquePicturePrints\\Desktop\\Project\\XCoinGateway\\node_modules\\router\\index.js:60:12)     at Layer.handleRequest 
(C:\\Users\\UniquePicturePrints\\Desktop\\Project\\XCoinGateway\\node_modules\\router\\lib\\layer.js:152:17)     at trimPrefix 
(C:\\Users\\UniquePicturePrints\\Desktop\\Project\\XCoinGateway\\node_modules\\router\\index.js:342:13)     at 
C:\\Users\\UniquePicturePrints\\Desktop\\Project\\XCoinGateway\\node_modules\\router\\index.js:297:9     at processParams 
(C:\\Users\\UniquePicturePrints\\Desktop\\Project\\XCoinGateway\\node_modules\\router\\index.js:582:12)     at next 
(C:\\Users\\UniquePicturePrints\\Desktop\\Project\\XCoinGateway\\node_modules\\router\\index.js:291:5)     at next 
(C:\\Users\\UniquePicturePrints\\Desktop\\Project\\XCoinGateway\\services\\api-server\\src\\app.js:393:3)     at Layer.handleRequest 
(C:\\Users\\UniquePicturePrints\\Desktop\\Project\\XCoinGateway\\node_modules\\router\\lib\\layer.js:152:17)     at trimPrefix 
(C:\\Users\\UniquePicturePrints\\Desktop\\Project\\XCoinGateway\\node_modules\\router\\index.js:342:13)     at 
C:\\Users\\UniquePicturePrints\\Desktop\\Project\\XCoinGateway\\node_modules\\router\\index.js:297:9     at processParams 
(C:\\Users\\UniquePicturePrints\\Desktop\\Project\\XCoinGateway\\node_modules\\router\\index.js:582:12)     at next 
(C:\\Users\\UniquePicturePrints\\Desktop\\Project\\XCoinGateway\\node_modules\\router\\index.js:291:5)     at next 
(C:\\Users\\UniquePicturePrints\\Desktop\\Project\\XCoinGateway\\packages\\common\\src\\requestContext.js:68:5)     at 
AsyncLocalStorage.run (node:async_hooks:346:14)     at run 
(C:\\Users\\UniquePicturePrints\\Desktop\\Project\\XCoinGateway\\packages\\common\\src\\requestContext.js:67:21)     at 
Layer.handleRequest (C:\\Users\\UniquePicturePrints\\Desktop\\Project\\XCoinGateway\\node_modules\\router\\lib\\layer.js:152:17)     
at trimPrefix (C:\\Users\\UniquePicturePrints\\Desktop\\Project\\XCoinGateway\\node_modules\\router\\index.js:342:13)     at 
C:\\Users\\UniquePicturePrints\\Desktop\\Project\\XCoinGateway\\node_modules\\router\\index.js:297:9     at processParams 
(C:\\Users\\UniquePicturePrints\\Desktop\\Project\\XCoinGateway\\node_modules\\router\\index.js:582:12)     at next 
(C:\\Users\\UniquePicturePrints\\Desktop\\Project\\XCoinGateway\\node_modules\\router\\index.js:291:5)     at next 
(C:\\Users\\UniquePicturePrints\\Desktop\\Project\\XCoinGateway\\services\\api-server\\src\\app.js:362:3)     at Layer.handleRequest 
(C:\\Users\\UniquePicturePrints\\Desktop\\Project\\XCoinGateway\\node_modules\\router\\lib\\layer.js:152:17)     at trimPrefix 
(C:\\Users\\UniquePicturePrints\\Desktop\\Project\\XCoinGateway\\node_modules\\router\\index.js:342:13)     at 
C:\\Users\\UniquePicturePrints\\Desktop\\Project\\XCoinGateway\\node_modules\\router\\index.js:297:9     at processParams 
(C:\\Users\\UniquePicturePrints\\Desktop\\Project\\XCoinGateway\\node_modules\\router\\index.js:582:12)     at next 
(C:\\Users\\UniquePicturePrints\\Desktop\\Project\\XCoinGateway\\node_modules\\router\\index.js:291:5)     at next 
(C:\\Users\\UniquePicturePrints\\Desktop\\Project\\XCoinGateway\\services\\api-server\\src\\app.js:333:36)     at Layer.handleRequest 
(C:\\Users\\UniquePicturePrints\\Desktop\\Project\\XCoinGateway\\node_modules\\router\\lib\\layer.js:152:17)     at trimPrefix 
(C:\\Users\\UniquePicturePrints\\Desktop\\Project\\XCoinGateway\\node_modules\\router\\index.js:342:13)     at 
C:\\Users\\UniquePicturePrints\\Desktop\\Project\\XCoinGateway\\node_modules\\router\\index.js:297:9     at processParams 
(C:\\Users\\UniquePicturePrints\\Desktop\\Project\\XCoinGateway\\node_modules\\router\\index.js:582:12)     at next 
(C:\\Users\\UniquePicturePrints\\Desktop\\Project\\XCoinGateway\\node_modules\\router\\index.js:291:5)     at next 
(C:\\Users\\UniquePicturePrints\\Desktop\\Project\\XCoinGateway\\services\\api-server\\src\\app.js:320:3)     at Layer.handleRequest 
(C:\\Users\\UniquePicturePrints\\Desktop\\Project\\XCoinGateway\\node_modules\\router\\lib\\layer.js:152:17)     at trimPrefix 
(C:\\Users\\UniquePicturePrints\\Desktop\\Project\\XCoinGateway\\node_modules\\router\\index.js:342:13)     at 
C:\\Users\\UniquePicturePrints\\Desktop\\Project\\XCoinGateway\\node_modules\\router\\index.js:297:9     at processParams 
(C:\\Users\\UniquePicturePrints\\Desktop\\Project\\XCoinGateway\\node_modules\\router\\index.js:582:12)     at next 
(C:\\Users\\UniquePicturePrints\\Desktop\\Project\\XCoinGateway\\node_modules\\router\\index.js:291:5)     at cookieParser 
(C:\\Users\\UniquePicturePrints\\Desktop\\Project\\XCoinGateway\\node_modules\\cookie-parser\\index.js:57:14)     at 
Layer.handleRequest (C:\\Users\\UniquePicturePrints\\Desktop\\Project\\XCoinGateway\\node_modules\\router\\lib\\layer.js:152:17)     
at trimPrefix (C:\\Users\\UniquePicturePrints\\Desktop\\Project\\XCoinGateway\\node_modules\\router\\index.js:342:13)     at 
C:\\Users\\UniquePicturePrints\\Desktop\\Project\\XCoinGateway\\node_modules\\router\\index.js:297:9     at processParams 
(C:\\Users\\UniquePicturePrints\\Desktop\\Project\\XCoinGateway\\node_modules\\router\\index.js:582:12)     at next 
(C:\\Users\\UniquePicturePrints\\Desktop\\Project\\XCoinGateway\\node_modules\\router\\index.js:291:5)     at hpp 
(C:\\Users\\UniquePicturePrints\\Desktop\\Project\\XCoinGateway\\node_modules\\hpp\\lib\\index.js:146:9)     at Layer.handleRequest 
(C:\\Users\\UniquePicturePrints\\Desktop\\Project\\XCoinGateway\\node_modules\\router\\lib\\layer.js:152:17)     at trimPrefix 
(C:\\Users\\UniquePicturePrints\\Desktop\\Project\\XCoinGateway\\node_modules\\router\\index.js:342:13)     at 
C:\\Users\\UniquePicturePrints\\Desktop\\Project\\XCoinGateway\\node_modules\\router\\index.js:297:9     at processParams 
(C:\\Users\\UniquePicturePrints\\Desktop\\Project\\XCoinGateway\\node_modules\\router\\index.js:582:12)     at next 
(C:\\Users\\UniquePicturePrints\\Desktop\\Project\\XCoinGateway\\node_modules\\router\\index.js:291:5)     at next 
(C:\\Users\\UniquePicturePrints\\Desktop\\Project\\XCoinGateway\\services\\api-server\\src\\middleware\\originValidation.js:75:12)    
 at Layer.handleRequest (C:\\Users\\UniquePicturePrints\\Desktop\\Project\\XCoinGateway\\node_modules\\router\\lib\\layer.js:152:17)  
   at trimPrefix (C:\\Users\\UniquePicturePrints\\Desktop\\Project\\XCoinGateway\\node_modules\\router\\index.js:342:13)     at 
C:\\Users\\UniquePicturePrints\\Desktop\\Project\\XCoinGateway\\node_modules\\router\\index.js:297:9     at processParams 
(C:\\Users\\UniquePicturePrints\\Desktop\\Project\\XCoinGateway\\node_modules\\router\\index.js:582:12)     at next 
(C:\\Users\\UniquePicturePrints\\Desktop\\Project\\XCoinGateway\\node_modules\\router\\index.js:291:5)     at next 
(C:\\Users\\UniquePicturePrints\\Desktop\\Project\\XCoinGateway\\services\\api-server\\src\\middleware\\requestHardening.js:165:3)    
 at Layer.handleRequest (C:\\Users\\UniquePicturePrints\\Desktop\\Project\\XCoinGateway\\node_modules\\router\\lib\\layer.js:152:17)  
   at trimPrefix (C:\\Users\\UniquePicturePrints\\Desktop\\Project\\XCoinGateway\\node_modules\\router\\index.js:342:13)     at 
C:\\Users\\UniquePicturePrints\\Desktop\\Project\\XCoinGateway\\node_modules\\router\\index.js:297:9     at processParams 
(C:\\Users\\UniquePicturePrints\\Desktop\\Project\\XCoinGateway\\node_modules\\router\\index.js:582:12)     at next 
(C:\\Users\\UniquePicturePrints\\Desktop\\Project\\XCoinGateway\\node_modules\\router\\index.js:291:5)     at next 
(C:\\Users\\UniquePicturePrints\\Desktop\\Project\\XCoinGateway\\services\\api-server\\src\\middleware\\noSqlSanitize.js:106:3)     
at Layer.handleRequest (C:\\Users\\UniquePicturePrints\\Desktop\\Project\\XCoinGateway\\node_modules\\router\\lib\\layer.js:152:17)   
  at trimPrefix (C:\\Users\\UniquePicturePrints\\Desktop\\Project\\XCoinGateway\\node_modules\\router\\index.js:342:13)     at 
C:\\Users\\UniquePicturePrints\\Desktop\\Project\\XCoinGateway\\node_modules\\router\\index.js:297:9     at processParams 
(C:\\Users\\UniquePicturePrints\\Desktop\\Project\\XCoinGateway\\node_modules\\router\\index.js:582:12)     at next 
(C:\\Users\\UniquePicturePrints\\Desktop\\Project\\XCoinGateway\\node_modules\\router\\index.js:291:5)     at read 
(C:\\Users\\UniquePicturePrints\\Desktop\\Project\\XCoinGateway\\node_modules\\body-parser\\lib\\read.js:42:5)     at 
urlencodedParser 
(C:\\Users\\UniquePicturePrints\\Desktop\\Project\\XCoinGateway\\node_modules\\body-parser\\lib\\types\\urlencoded.js:57:5)     at 
Layer.handleRequest (C:\\Users\\UniquePicturePrints\\Desktop\\Project\\XCoinGateway\\node_modules\\router\\lib\\layer.js:152:17)     
at trimPrefix (C:\\Users\\UniquePicturePrints\\Desktop\\Project\\XCoinGateway\\node_modules\\router\\index.js:342:13)     at 
C:\\Users\\UniquePicturePrints\\Desktop\\Project\\XCoinGateway\\node_modules\\router\\index.js:297:9     at processParams 
(C:\\Users\\UniquePicturePrints\\Desktop\\Project\\XCoinGateway\\node_modules\\router\\index.js:582:12)     at next 
(C:\\Users\\UniquePicturePrints\\Desktop\\Project\\XCoinGateway\\node_modules\\router\\index.js:291:5)     at read 
(C:\\Users\\UniquePicturePrints\\Desktop\\Project\\XCoinGateway\\node_modules\\body-parser\\lib\\read.js:42:5)     at jsonParser 
(C:\\Users\\UniquePicturePrints\\Desktop\\Project\\XCoinGateway\\node_modules\\body-parser\\lib\\types\\json.js:88:5)     at 
Layer.handleRequest (C:\\Users\\UniquePicturePrints\\Desktop\\Project\\XCoinGateway\\node_modules\\router\\lib\\layer.js:152:17)     
at trimPrefix (C:\\Users\\UniquePicturePrints\\Desktop\\Project\\XCoinGateway\\node_modules\\router\\index.js:342:13)     at 
C:\\Users\\UniquePicturePrints\\Desktop\\Project\\XCoinGateway\\node_modules\\router\\index.js:297:9     at processParams 
(C:\\Users\\UniquePicturePrints\\Desktop\\Project\\XCoinGateway\\node_modules\\router\\index.js:582:12)     at next 
(C:\\Users\\UniquePicturePrints\\Desktop\\Project\\XCoinGateway\\node_modules\\router\\index.js:291:5)     at 
C:\\Users\\UniquePicturePrints\\Desktop\\Project\\XCoinGateway\\node_modules\\body-parser\\lib\\read.js:171:5     at 
AsyncResource.runInAsyncScope (node:async_hooks:206:9)     at invokeCallback 
(C:\\Users\\UniquePicturePrints\\Desktop\\Project\\XCoinGateway\\node_modules\\raw-body\\index.js:238:16)     at done 
(C:\\Users\\UniquePicturePrints\\Desktop\\Project\\XCoinGateway\\node_modules\\raw-body\\index.js:227:7)     at IncomingMessage.onEnd 
(C:\\Users\\UniquePicturePrints\\Desktop\\Project\\XCoinGateway\\node_modules\\raw-body\\index.js:287:7)     at IncomingMessage.emit 
(node:events:524:28)     at endReadableNT (node:internal/streams/readable:1698:12)     at processTicksAndRejections 
(node:internal/process/task_queues:82:21)"}
{"timestamp":"2026-04-06T07:15:35.485Z","level":"error","service":"api-server","message":"Unhandled 
error","requestId":"472aec51-81a9-4dd4-a564-818fad46c38d","error":"Cannot read properties of undefined (reading 
'create')","stack":"TypeError: Cannot read properties of undefined (reading 'create')     at create 
(C:\\Users\\UniquePicturePrints\\Desktop\\Project\\XCoinGateway\\services\\api-server\\src\\middleware\\merchantApiAuth.js:289:21)    
 at Layer.handleRequest (C:\\Users\\UniquePicturePrints\\Desktop\\Project\\XCoinGateway\\node_modules\\router\\lib\\layer.js:152:17)  
   at next (C:\\Users\\UniquePicturePrints\\Desktop\\Project\\XCoinGateway\\node_modules\\router\\lib\\route.js:157:13)     at 
Route.dispatch (C:\\Users\\UniquePicturePrints\\Desktop\\Project\\XCoinGateway\\node_modules\\router\\lib\\route.js:117:3)     at 
handle (C:\\Users\\UniquePicturePrints\\Desktop\\Project\\XCoinGateway\\node_modules\\router\\index.js:435:11)     at 
Layer.handleRequest (C:\\Users\\UniquePicturePrints\\Desktop\\Project\\XCoinGateway\\node_modules\\router\\lib\\layer.js:152:17)     
at C:\\Users\\UniquePicturePrints\\Desktop\\Project\\XCoinGateway\\node_modules\\router\\index.js:295:15     at processParams 
(C:\\Users\\UniquePicturePrints\\Desktop\\Project\\XCoinGateway\\node_modules\\router\\index.js:582:12)     at next 
(C:\\Users\\UniquePicturePrints\\Desktop\\Project\\XCoinGateway\\node_modules\\router\\index.js:291:5)     at Function.handle 
(C:\\Users\\UniquePicturePrints\\Desktop\\Project\\XCoinGateway\\node_modules\\router\\index.js:186:3)     at router 
(C:\\Users\\UniquePicturePrints\\Desktop\\Project\\XCoinGateway\\node_modules\\router\\index.js:60:12)     at Layer.handleRequest 
(C:\\Users\\UniquePicturePrints\\Desktop\\Project\\XCoinGateway\\node_modules\\router\\lib\\layer.js:152:17)     at trimPrefix 
(C:\\Users\\UniquePicturePrints\\Desktop\\Project\\XCoinGateway\\node_modules\\router\\index.js:342:13)     at 
C:\\Users\\UniquePicturePrints\\Desktop\\Project\\XCoinGateway\\node_modules\\router\\index.js:297:9     at processParams 
(C:\\Users\\UniquePicturePrints\\Desktop\\Project\\XCoinGateway\\node_modules\\router\\index.js:582:12)     at next 
(C:\\Users\\UniquePicturePrints\\Desktop\\Project\\XCoinGateway\\node_modules\\router\\index.js:291:5)     at next 
(C:\\Users\\UniquePicturePrints\\Desktop\\Project\\XCoinGateway\\services\\api-server\\src\\app.js:393:3)     at Layer.handleRequest 
(C:\\Users\\UniquePicturePrints\\Desktop\\Project\\XCoinGateway\\node_modules\\router\\lib\\layer.js:152:17)     at trimPrefix 
(C:\\Users\\UniquePicturePrints\\Desktop\\Project\\XCoinGateway\\node_modules\\router\\index.js:342:13)     at 
C:\\Users\\UniquePicturePrints\\Desktop\\Project\\XCoinGateway\\node_modules\\router\\index.js:297:9     at processParams 
(C:\\Users\\UniquePicturePrints\\Desktop\\Project\\XCoinGateway\\node_modules\\router\\index.js:582:12)     at next 
(C:\\Users\\UniquePicturePrints\\Desktop\\Project\\XCoinGateway\\node_modules\\router\\index.js:291:5)     at next 
(C:\\Users\\UniquePicturePrints\\Desktop\\Project\\XCoinGateway\\packages\\common\\src\\requestContext.js:68:5)     at 
AsyncLocalStorage.run (node:async_hooks:346:14)     at run 
(C:\\Users\\UniquePicturePrints\\Desktop\\Project\\XCoinGateway\\packages\\common\\src\\requestContext.js:67:21)     at 
Layer.handleRequest (C:\\Users\\UniquePicturePrints\\Desktop\\Project\\XCoinGateway\\node_modules\\router\\lib\\layer.js:152:17)     
at trimPrefix (C:\\Users\\UniquePicturePrints\\Desktop\\Project\\XCoinGateway\\node_modules\\router\\index.js:342:13)     at 
C:\\Users\\UniquePicturePrints\\Desktop\\Project\\XCoinGateway\\node_modules\\router\\index.js:297:9     at processParams 
(C:\\Users\\UniquePicturePrints\\Desktop\\Project\\XCoinGateway\\node_modules\\router\\index.js:582:12)     at next 
(C:\\Users\\UniquePicturePrints\\Desktop\\Project\\XCoinGateway\\node_modules\\router\\index.js:291:5)     at next 
(C:\\Users\\UniquePicturePrints\\Desktop\\Project\\XCoinGateway\\services\\api-server\\src\\app.js:362:3)     at Layer.handleRequest 
(C:\\Users\\UniquePicturePrints\\Desktop\\Project\\XCoinGateway\\node_modules\\router\\lib\\layer.js:152:17)     at trimPrefix 
(C:\\Users\\UniquePicturePrints\\Desktop\\Project\\XCoinGateway\\node_modules\\router\\index.js:342:13)     at 
C:\\Users\\UniquePicturePrints\\Desktop\\Project\\XCoinGateway\\node_modules\\router\\index.js:297:9     at processParams 
(C:\\Users\\UniquePicturePrints\\Desktop\\Project\\XCoinGateway\\node_modules\\router\\index.js:582:12)     at next 
(C:\\Users\\UniquePicturePrints\\Desktop\\Project\\XCoinGateway\\node_modules\\router\\index.js:291:5)     at next 
(C:\\Users\\UniquePicturePrints\\Desktop\\Project\\XCoinGateway\\services\\api-server\\src\\app.js:333:36)     at Layer.handleRequest 
(C:\\Users\\UniquePicturePrints\\Desktop\\Project\\XCoinGateway\\node_modules\\router\\lib\\layer.js:152:17)     at trimPrefix 
(C:\\Users\\UniquePicturePrints\\Desktop\\Project\\XCoinGateway\\node_modules\\router\\index.js:342:13)     at 
C:\\Users\\UniquePicturePrints\\Desktop\\Project\\XCoinGateway\\node_modules\\router\\index.js:297:9     at processParams 
(C:\\Users\\UniquePicturePrints\\Desktop\\Project\\XCoinGateway\\node_modules\\router\\index.js:582:12)     at next 
(C:\\Users\\UniquePicturePrints\\Desktop\\Project\\XCoinGateway\\node_modules\\router\\index.js:291:5)     at next 
(C:\\Users\\UniquePicturePrints\\Desktop\\Project\\XCoinGateway\\services\\api-server\\src\\app.js:320:3)     at Layer.handleRequest 
(C:\\Users\\UniquePicturePrints\\Desktop\\Project\\XCoinGateway\\node_modules\\router\\lib\\layer.js:152:17)     at trimPrefix 
(C:\\Users\\UniquePicturePrints\\Desktop\\Project\\XCoinGateway\\node_modules\\router\\index.js:342:13)     at 
C:\\Users\\UniquePicturePrints\\Desktop\\Project\\XCoinGateway\\node_modules\\router\\index.js:297:9     at processParams 
(C:\\Users\\UniquePicturePrints\\Desktop\\Project\\XCoinGateway\\node_modules\\router\\index.js:582:12)     at next 
(C:\\Users\\UniquePicturePrints\\Desktop\\Project\\XCoinGateway\\node_modules\\router\\index.js:291:5)     at cookieParser 
(C:\\Users\\UniquePicturePrints\\Desktop\\Project\\XCoinGateway\\node_modules\\cookie-parser\\index.js:57:14)     at 
Layer.handleRequest (C:\\Users\\UniquePicturePrints\\Desktop\\Project\\XCoinGateway\\node_modules\\router\\lib\\layer.js:152:17)     
at trimPrefix (C:\\Users\\UniquePicturePrints\\Desktop\\Project\\XCoinGateway\\node_modules\\router\\index.js:342:13)     at 
C:\\Users\\UniquePicturePrints\\Desktop\\Project\\XCoinGateway\\node_modules\\router\\index.js:297:9     at processParams 
(C:\\Users\\UniquePicturePrints\\Desktop\\Project\\XCoinGateway\\node_modules\\router\\index.js:582:12)     at next 
(C:\\Users\\UniquePicturePrints\\Desktop\\Project\\XCoinGateway\\node_modules\\router\\index.js:291:5)     at hpp 
(C:\\Users\\UniquePicturePrints\\Desktop\\Project\\XCoinGateway\\node_modules\\hpp\\lib\\index.js:146:9)     at Layer.handleRequest 
(C:\\Users\\UniquePicturePrints\\Desktop\\Project\\XCoinGateway\\node_modules\\router\\lib\\layer.js:152:17)     at trimPrefix 
(C:\\Users\\UniquePicturePrints\\Desktop\\Project\\XCoinGateway\\node_modules\\router\\index.js:342:13)     at 
C:\\Users\\UniquePicturePrints\\Desktop\\Project\\XCoinGateway\\node_modules\\router\\index.js:297:9     at processParams 
(C:\\Users\\UniquePicturePrints\\Desktop\\Project\\XCoinGateway\\node_modules\\router\\index.js:582:12)     at next 
(C:\\Users\\UniquePicturePrints\\Desktop\\Project\\XCoinGateway\\node_modules\\router\\index.js:291:5)     at next 
(C:\\Users\\UniquePicturePrints\\Desktop\\Project\\XCoinGateway\\services\\api-server\\src\\middleware\\originValidation.js:75:12)    
 at Layer.handleRequest (C:\\Users\\UniquePicturePrints\\Desktop\\Project\\XCoinGateway\\node_modules\\router\\lib\\layer.js:152:17)  
   at trimPrefix (C:\\Users\\UniquePicturePrints\\Desktop\\Project\\XCoinGateway\\node_modules\\router\\index.js:342:13)     at 
C:\\Users\\UniquePicturePrints\\Desktop\\Project\\XCoinGateway\\node_modules\\router\\index.js:297:9     at processParams 
(C:\\Users\\UniquePicturePrints\\Desktop\\Project\\XCoinGateway\\node_modules\\router\\index.js:582:12)     at next 
(C:\\Users\\UniquePicturePrints\\Desktop\\Project\\XCoinGateway\\node_modules\\router\\index.js:291:5)     at next 
(C:\\Users\\UniquePicturePrints\\Desktop\\Project\\XCoinGateway\\services\\api-server\\src\\middleware\\requestHardening.js:165:3)    
 at Layer.handleRequest (C:\\Users\\UniquePicturePrints\\Desktop\\Project\\XCoinGateway\\node_modules\\router\\lib\\layer.js:152:17)  
   at trimPrefix (C:\\Users\\UniquePicturePrints\\Desktop\\Project\\XCoinGateway\\node_modules\\router\\index.js:342:13)     at 
C:\\Users\\UniquePicturePrints\\Desktop\\Project\\XCoinGateway\\node_modules\\router\\index.js:297:9     at processParams 
(C:\\Users\\UniquePicturePrints\\Desktop\\Project\\XCoinGateway\\node_modules\\router\\index.js:582:12)     at next 
(C:\\Users\\UniquePicturePrints\\Desktop\\Project\\XCoinGateway\\node_modules\\router\\index.js:291:5)     at next 
(C:\\Users\\UniquePicturePrints\\Desktop\\Project\\XCoinGateway\\services\\api-server\\src\\middleware\\noSqlSanitize.js:106:3)     
at Layer.handleRequest (C:\\Users\\UniquePicturePrints\\Desktop\\Project\\XCoinGateway\\node_modules\\router\\lib\\layer.js:152:17)   
  at trimPrefix (C:\\Users\\UniquePicturePrints\\Desktop\\Project\\XCoinGateway\\node_modules\\router\\index.js:342:13)     at 
C:\\Users\\UniquePicturePrints\\Desktop\\Project\\XCoinGateway\\node_modules\\router\\index.js:297:9     at processParams 
(C:\\Users\\UniquePicturePrints\\Desktop\\Project\\XCoinGateway\\node_modules\\router\\index.js:582:12)     at next 
(C:\\Users\\UniquePicturePrints\\Desktop\\Project\\XCoinGateway\\node_modules\\router\\index.js:291:5)     at read 
(C:\\Users\\UniquePicturePrints\\Desktop\\Project\\XCoinGateway\\node_modules\\body-parser\\lib\\read.js:42:5)     at 
urlencodedParser 
(C:\\Users\\UniquePicturePrints\\Desktop\\Project\\XCoinGateway\\node_modules\\body-parser\\lib\\types\\urlencoded.js:57:5)     at 
Layer.handleRequest (C:\\Users\\UniquePicturePrints\\Desktop\\Project\\XCoinGateway\\node_modules\\router\\lib\\layer.js:152:17)     
at trimPrefix (C:\\Users\\UniquePicturePrints\\Desktop\\Project\\XCoinGateway\\node_modules\\router\\index.js:342:13)     at 
C:\\Users\\UniquePicturePrints\\Desktop\\Project\\XCoinGateway\\node_modules\\router\\index.js:297:9     at processParams 
(C:\\Users\\UniquePicturePrints\\Desktop\\Project\\XCoinGateway\\node_modules\\router\\index.js:582:12)     at next 
(C:\\Users\\UniquePicturePrints\\Desktop\\Project\\XCoinGateway\\node_modules\\router\\index.js:291:5)     at read 
(C:\\Users\\UniquePicturePrints\\Desktop\\Project\\XCoinGateway\\node_modules\\body-parser\\lib\\read.js:42:5)     at jsonParser 
(C:\\Users\\UniquePicturePrints\\Desktop\\Project\\XCoinGateway\\node_modules\\body-parser\\lib\\types\\json.js:88:5)     at 
Layer.handleRequest (C:\\Users\\UniquePicturePrints\\Desktop\\Project\\XCoinGateway\\node_modules\\router\\lib\\layer.js:152:17)     
at trimPrefix (C:\\Users\\UniquePicturePrints\\Desktop\\Project\\XCoinGateway\\node_modules\\router\\index.js:342:13)     at 
C:\\Users\\UniquePicturePrints\\Desktop\\Project\\XCoinGateway\\node_modules\\router\\index.js:297:9     at processParams 
(C:\\Users\\UniquePicturePrints\\Desktop\\Project\\XCoinGateway\\node_modules\\router\\index.js:582:12)     at next 
(C:\\Users\\UniquePicturePrints\\Desktop\\Project\\XCoinGateway\\node_modules\\router\\index.js:291:5)     at 
C:\\Users\\UniquePicturePrints\\Desktop\\Project\\XCoinGateway\\node_modules\\body-parser\\lib\\read.js:171:5     at 
AsyncResource.runInAsyncScope (node:async_hooks:206:9)     at invokeCallback 
(C:\\Users\\UniquePicturePrints\\Desktop\\Project\\XCoinGateway\\node_modules\\raw-body\\index.js:238:16)     at done 
(C:\\Users\\UniquePicturePrints\\Desktop\\Project\\XCoinGateway\\node_modules\\raw-body\\index.js:227:7)     at IncomingMessage.onEnd 
(C:\\Users\\UniquePicturePrints\\Desktop\\Project\\XCoinGateway\\node_modules\\raw-body\\index.js:287:7)     at IncomingMessage.emit 
(node:events:524:28)     at endReadableNT (node:internal/streams/readable:1698:12)     at processTicksAndRejections 
(node:internal/process/task_queues:82:21)"}
{"timestamp":"2026-04-06T07:15:35.489Z","level":"error","service":"api-server","message":"Unhandled 
error","requestId":"300dcd8b-c845-4fa0-99c7-90ad5bf53749","error":"Cannot read properties of undefined (reading 
'create')","stack":"TypeError: Cannot read properties of undefined (reading 'create')     at create 
(C:\\Users\\UniquePicturePrints\\Desktop\\Project\\XCoinGateway\\services\\api-server\\src\\middleware\\merchantApiAuth.js:289:21)    
 at Layer.handleRequest (C:\\Users\\UniquePicturePrints\\Desktop\\Project\\XCoinGateway\\node_modules\\router\\lib\\layer.js:152:17)  
   at next (C:\\Users\\UniquePicturePrints\\Desktop\\Project\\XCoinGateway\\node_modules\\router\\lib\\route.js:157:13)     at 
Route.dispatch (C:\\Users\\UniquePicturePrints\\Desktop\\Project\\XCoinGateway\\node_modules\\router\\lib\\route.js:117:3)     at 
handle (C:\\Users\\UniquePicturePrints\\Desktop\\Project\\XCoinGateway\\node_modules\\router\\index.js:435:11)     at 
Layer.handleRequest (C:\\Users\\UniquePicturePrints\\Desktop\\Project\\XCoinGateway\\node_modules\\router\\lib\\layer.js:152:17)     
at C:\\Users\\UniquePicturePrints\\Desktop\\Project\\XCoinGateway\\node_modules\\router\\index.js:295:15     at processParams 
(C:\\Users\\UniquePicturePrints\\Desktop\\Project\\XCoinGateway\\node_modules\\router\\index.js:582:12)     at next 
(C:\\Users\\UniquePicturePrints\\Desktop\\Project\\XCoinGateway\\node_modules\\router\\index.js:291:5)     at Function.handle 
(C:\\Users\\UniquePicturePrints\\Desktop\\Project\\XCoinGateway\\node_modules\\router\\index.js:186:3)     at router 
(C:\\Users\\UniquePicturePrints\\Desktop\\Project\\XCoinGateway\\node_modules\\router\\index.js:60:12)     at Layer.handleRequest 
(C:\\Users\\UniquePicturePrints\\Desktop\\Project\\XCoinGateway\\node_modules\\router\\lib\\layer.js:152:17)     at trimPrefix 
(C:\\Users\\UniquePicturePrints\\Desktop\\Project\\XCoinGateway\\node_modules\\router\\index.js:342:13)     at 
C:\\Users\\UniquePicturePrints\\Desktop\\Project\\XCoinGateway\\node_modules\\router\\index.js:297:9     at processParams 
(C:\\Users\\UniquePicturePrints\\Desktop\\Project\\XCoinGateway\\node_modules\\router\\index.js:582:12)     at next 
(C:\\Users\\UniquePicturePrints\\Desktop\\Project\\XCoinGateway\\node_modules\\router\\index.js:291:5)     at next 
(C:\\Users\\UniquePicturePrints\\Desktop\\Project\\XCoinGateway\\services\\api-server\\src\\app.js:393:3)     at Layer.handleRequest 
(C:\\Users\\UniquePicturePrints\\Desktop\\Project\\XCoinGateway\\node_modules\\router\\lib\\layer.js:152:17)     at trimPrefix 
(C:\\Users\\UniquePicturePrints\\Desktop\\Project\\XCoinGateway\\node_modules\\router\\index.js:342:13)     at 
C:\\Users\\UniquePicturePrints\\Desktop\\Project\\XCoinGateway\\node_modules\\router\\index.js:297:9     at processParams 
(C:\\Users\\UniquePicturePrints\\Desktop\\Project\\XCoinGateway\\node_modules\\router\\index.js:582:12)     at next 
(C:\\Users\\UniquePicturePrints\\Desktop\\Project\\XCoinGateway\\node_modules\\router\\index.js:291:5)     at next 
(C:\\Users\\UniquePicturePrints\\Desktop\\Project\\XCoinGateway\\packages\\common\\src\\requestContext.js:68:5)     at 
AsyncLocalStorage.run (node:async_hooks:346:14)     at run 
(C:\\Users\\UniquePicturePrints\\Desktop\\Project\\XCoinGateway\\packages\\common\\src\\requestContext.js:67:21)     at 
Layer.handleRequest (C:\\Users\\UniquePicturePrints\\Desktop\\Project\\XCoinGateway\\node_modules\\router\\lib\\layer.js:152:17)     
at trimPrefix (C:\\Users\\UniquePicturePrints\\Desktop\\Project\\XCoinGateway\\node_modules\\router\\index.js:342:13)     at 
C:\\Users\\UniquePicturePrints\\Desktop\\Project\\XCoinGateway\\node_modules\\router\\index.js:297:9     at processParams 
(C:\\Users\\UniquePicturePrints\\Desktop\\Project\\XCoinGateway\\node_modules\\router\\index.js:582:12)     at next 
(C:\\Users\\UniquePicturePrints\\Desktop\\Project\\XCoinGateway\\node_modules\\router\\index.js:291:5)     at next 
(C:\\Users\\UniquePicturePrints\\Desktop\\Project\\XCoinGateway\\services\\api-server\\src\\app.js:362:3)     at Layer.handleRequest 
(C:\\Users\\UniquePicturePrints\\Desktop\\Project\\XCoinGateway\\node_modules\\router\\lib\\layer.js:152:17)     at trimPrefix 
(C:\\Users\\UniquePicturePrints\\Desktop\\Project\\XCoinGateway\\node_modules\\router\\index.js:342:13)     at 
C:\\Users\\UniquePicturePrints\\Desktop\\Project\\XCoinGateway\\node_modules\\router\\index.js:297:9     at processParams 
(C:\\Users\\UniquePicturePrints\\Desktop\\Project\\XCoinGateway\\node_modules\\router\\index.js:582:12)     at next 
(C:\\Users\\UniquePicturePrints\\Desktop\\Project\\XCoinGateway\\node_modules\\router\\index.js:291:5)     at next 
(C:\\Users\\UniquePicturePrints\\Desktop\\Project\\XCoinGateway\\services\\api-server\\src\\app.js:333:36)     at Layer.handleRequest 
(C:\\Users\\UniquePicturePrints\\Desktop\\Project\\XCoinGateway\\node_modules\\router\\lib\\layer.js:152:17)     at trimPrefix 
(C:\\Users\\UniquePicturePrints\\Desktop\\Project\\XCoinGateway\\node_modules\\router\\index.js:342:13)     at 
C:\\Users\\UniquePicturePrints\\Desktop\\Project\\XCoinGateway\\node_modules\\router\\index.js:297:9     at processParams 
(C:\\Users\\UniquePicturePrints\\Desktop\\Project\\XCoinGateway\\node_modules\\router\\index.js:582:12)     at next 
(C:\\Users\\UniquePicturePrints\\Desktop\\Project\\XCoinGateway\\node_modules\\router\\index.js:291:5)     at next 
(C:\\Users\\UniquePicturePrints\\Desktop\\Project\\XCoinGateway\\services\\api-server\\src\\app.js:320:3)     at Layer.handleRequest 
(C:\\Users\\UniquePicturePrints\\Desktop\\Project\\XCoinGateway\\node_modules\\router\\lib\\layer.js:152:17)     at trimPrefix 
(C:\\Users\\UniquePicturePrints\\Desktop\\Project\\XCoinGateway\\node_modules\\router\\index.js:342:13)     at 
C:\\Users\\UniquePicturePrints\\Desktop\\Project\\XCoinGateway\\node_modules\\router\\index.js:297:9     at processParams 
(C:\\Users\\UniquePicturePrints\\Desktop\\Project\\XCoinGateway\\node_modules\\router\\index.js:582:12)     at next 
(C:\\Users\\UniquePicturePrints\\Desktop\\Project\\XCoinGateway\\node_modules\\router\\index.js:291:5)     at cookieParser 
(C:\\Users\\UniquePicturePrints\\Desktop\\Project\\XCoinGateway\\node_modules\\cookie-parser\\index.js:57:14)     at 
Layer.handleRequest (C:\\Users\\UniquePicturePrints\\Desktop\\Project\\XCoinGateway\\node_modules\\router\\lib\\layer.js:152:17)     
at trimPrefix (C:\\Users\\UniquePicturePrints\\Desktop\\Project\\XCoinGateway\\node_modules\\router\\index.js:342:13)     at 
C:\\Users\\UniquePicturePrints\\Desktop\\Project\\XCoinGateway\\node_modules\\router\\index.js:297:9     at processParams 
(C:\\Users\\UniquePicturePrints\\Desktop\\Project\\XCoinGateway\\node_modules\\router\\index.js:582:12)     at next 
(C:\\Users\\UniquePicturePrints\\Desktop\\Project\\XCoinGateway\\node_modules\\router\\index.js:291:5)     at hpp 
(C:\\Users\\UniquePicturePrints\\Desktop\\Project\\XCoinGateway\\node_modules\\hpp\\lib\\index.js:146:9)     at Layer.handleRequest 
(C:\\Users\\UniquePicturePrints\\Desktop\\Project\\XCoinGateway\\node_modules\\router\\lib\\layer.js:152:17)     at trimPrefix 
(C:\\Users\\UniquePicturePrints\\Desktop\\Project\\XCoinGateway\\node_modules\\router\\index.js:342:13)     at 
C:\\Users\\UniquePicturePrints\\Desktop\\Project\\XCoinGateway\\node_modules\\router\\index.js:297:9     at processParams 
(C:\\Users\\UniquePicturePrints\\Desktop\\Project\\XCoinGateway\\node_modules\\router\\index.js:582:12)     at next 
(C:\\Users\\UniquePicturePrints\\Desktop\\Project\\XCoinGateway\\node_modules\\router\\index.js:291:5)     at next 
(C:\\Users\\UniquePicturePrints\\Desktop\\Project\\XCoinGateway\\services\\api-server\\src\\middleware\\originValidation.js:75:12)    
 at Layer.handleRequest (C:\\Users\\UniquePicturePrints\\Desktop\\Project\\XCoinGateway\\node_modules\\router\\lib\\layer.js:152:17)  
   at trimPrefix (C:\\Users\\UniquePicturePrints\\Desktop\\Project\\XCoinGateway\\node_modules\\router\\index.js:342:13)     at 
C:\\Users\\UniquePicturePrints\\Desktop\\Project\\XCoinGateway\\node_modules\\router\\index.js:297:9     at processParams 
(C:\\Users\\UniquePicturePrints\\Desktop\\Project\\XCoinGateway\\node_modules\\router\\index.js:582:12)     at next 
(C:\\Users\\UniquePicturePrints\\Desktop\\Project\\XCoinGateway\\node_modules\\router\\index.js:291:5)     at next 
(C:\\Users\\UniquePicturePrints\\Desktop\\Project\\XCoinGateway\\services\\api-server\\src\\middleware\\requestHardening.js:165:3)    
 at Layer.handleRequest (C:\\Users\\UniquePicturePrints\\Desktop\\Project\\XCoinGateway\\node_modules\\router\\lib\\layer.js:152:17)  
   at trimPrefix (C:\\Users\\UniquePicturePrints\\Desktop\\Project\\XCoinGateway\\node_modules\\router\\index.js:342:13)     at 
C:\\Users\\UniquePicturePrints\\Desktop\\Project\\XCoinGateway\\node_modules\\router\\index.js:297:9     at processParams 
(C:\\Users\\UniquePicturePrints\\Desktop\\Project\\XCoinGateway\\node_modules\\router\\index.js:582:12)     at next 
(C:\\Users\\UniquePicturePrints\\Desktop\\Project\\XCoinGateway\\node_modules\\router\\index.js:291:5)     at next 
(C:\\Users\\UniquePicturePrints\\Desktop\\Project\\XCoinGateway\\services\\api-server\\src\\middleware\\noSqlSanitize.js:106:3)     
at Layer.handleRequest (C:\\Users\\UniquePicturePrints\\Desktop\\Project\\XCoinGateway\\node_modules\\router\\lib\\layer.js:152:17)   
  at trimPrefix (C:\\Users\\UniquePicturePrints\\Desktop\\Project\\XCoinGateway\\node_modules\\router\\index.js:342:13)     at 
C:\\Users\\UniquePicturePrints\\Desktop\\Project\\XCoinGateway\\node_modules\\router\\index.js:297:9     at processParams 
(C:\\Users\\UniquePicturePrints\\Desktop\\Project\\XCoinGateway\\node_modules\\router\\index.js:582:12)     at next 
(C:\\Users\\UniquePicturePrints\\Desktop\\Project\\XCoinGateway\\node_modules\\router\\index.js:291:5)     at read 
(C:\\Users\\UniquePicturePrints\\Desktop\\Project\\XCoinGateway\\node_modules\\body-parser\\lib\\read.js:42:5)     at 
urlencodedParser 
(C:\\Users\\UniquePicturePrints\\Desktop\\Project\\XCoinGateway\\node_modules\\body-parser\\lib\\types\\urlencoded.js:57:5)     at 
Layer.handleRequest (C:\\Users\\UniquePicturePrints\\Desktop\\Project\\XCoinGateway\\node_modules\\router\\lib\\layer.js:152:17)     
at trimPrefix (C:\\Users\\UniquePicturePrints\\Desktop\\Project\\XCoinGateway\\node_modules\\router\\index.js:342:13)     at 
C:\\Users\\UniquePicturePrints\\Desktop\\Project\\XCoinGateway\\node_modules\\router\\index.js:297:9     at processParams 
(C:\\Users\\UniquePicturePrints\\Desktop\\Project\\XCoinGateway\\node_modules\\router\\index.js:582:12)     at next 
(C:\\Users\\UniquePicturePrints\\Desktop\\Project\\XCoinGateway\\node_modules\\router\\index.js:291:5)     at read 
(C:\\Users\\UniquePicturePrints\\Desktop\\Project\\XCoinGateway\\node_modules\\body-parser\\lib\\read.js:42:5)     at jsonParser 
(C:\\Users\\UniquePicturePrints\\Desktop\\Project\\XCoinGateway\\node_modules\\body-parser\\lib\\types\\json.js:88:5)     at 
Layer.handleRequest (C:\\Users\\UniquePicturePrints\\Desktop\\Project\\XCoinGateway\\node_modules\\router\\lib\\layer.js:152:17)     
at trimPrefix (C:\\Users\\UniquePicturePrints\\Desktop\\Project\\XCoinGateway\\node_modules\\router\\index.js:342:13)     at 
C:\\Users\\UniquePicturePrints\\Desktop\\Project\\XCoinGateway\\node_modules\\router\\index.js:297:9     at processParams 
(C:\\Users\\UniquePicturePrints\\Desktop\\Project\\XCoinGateway\\node_modules\\router\\index.js:582:12)     at next 
(C:\\Users\\UniquePicturePrints\\Desktop\\Project\\XCoinGateway\\node_modules\\router\\index.js:291:5)     at 
C:\\Users\\UniquePicturePrints\\Desktop\\Project\\XCoinGateway\\node_modules\\body-parser\\lib\\read.js:171:5     at 
AsyncResource.runInAsyncScope (node:async_hooks:206:9)     at invokeCallback 
(C:\\Users\\UniquePicturePrints\\Desktop\\Project\\XCoinGateway\\node_modules\\raw-body\\index.js:238:16)     at done 
(C:\\Users\\UniquePicturePrints\\Desktop\\Project\\XCoinGateway\\node_modules\\raw-body\\index.js:227:7)     at IncomingMessage.onEnd 
(C:\\Users\\UniquePicturePrints\\Desktop\\Project\\XCoinGateway\\node_modules\\raw-body\\index.js:287:7)     at IncomingMessage.emit 
(node:events:524:28)     at endReadableNT (node:internal/streams/readable:1698:12)     at processTicksAndRejections 
(node:internal/process/task_queues:82:21)"}
{"timestamp":"2026-04-06T07:15:35.496Z","level":"error","service":"api-server","message":"Unhandled 
error","requestId":"192cf743-c334-42ac-81fb-3ee931525400","error":"Cannot read properties of undefined (reading 
'create')","stack":"TypeError: Cannot read properties of undefined (reading 'create')     at create 
(C:\\Users\\UniquePicturePrints\\Desktop\\Project\\XCoinGateway\\services\\api-server\\src\\middleware\\merchantApiAuth.js:289:21)    
 at Layer.handleRequest (C:\\Users\\UniquePicturePrints\\Desktop\\Project\\XCoinGateway\\node_modules\\router\\lib\\layer.js:152:17)  
   at next (C:\\Users\\UniquePicturePrints\\Desktop\\Project\\XCoinGateway\\node_modules\\router\\lib\\route.js:157:13)     at 
Route.dispatch (C:\\Users\\UniquePicturePrints\\Desktop\\Project\\XCoinGateway\\node_modules\\router\\lib\\route.js:117:3)     at 
handle (C:\\Users\\UniquePicturePrints\\Desktop\\Project\\XCoinGateway\\node_modules\\router\\index.js:435:11)     at 
Layer.handleRequest (C:\\Users\\UniquePicturePrints\\Desktop\\Project\\XCoinGateway\\node_modules\\router\\lib\\layer.js:152:17)     
at C:\\Users\\UniquePicturePrints\\Desktop\\Project\\XCoinGateway\\node_modules\\router\\index.js:295:15     at processParams 
(C:\\Users\\UniquePicturePrints\\Desktop\\Project\\XCoinGateway\\node_modules\\router\\index.js:582:12)     at next 
(C:\\Users\\UniquePicturePrints\\Desktop\\Project\\XCoinGateway\\node_modules\\router\\index.js:291:5)     at Function.handle 
(C:\\Users\\UniquePicturePrints\\Desktop\\Project\\XCoinGateway\\node_modules\\router\\index.js:186:3)     at router 
(C:\\Users\\UniquePicturePrints\\Desktop\\Project\\XCoinGateway\\node_modules\\router\\index.js:60:12)     at Layer.handleRequest 
(C:\\Users\\UniquePicturePrints\\Desktop\\Project\\XCoinGateway\\node_modules\\router\\lib\\layer.js:152:17)     at trimPrefix 
(C:\\Users\\UniquePicturePrints\\Desktop\\Project\\XCoinGateway\\node_modules\\router\\index.js:342:13)     at 
C:\\Users\\UniquePicturePrints\\Desktop\\Project\\XCoinGateway\\node_modules\\router\\index.js:297:9     at processParams 
(C:\\Users\\UniquePicturePrints\\Desktop\\Project\\XCoinGateway\\node_modules\\router\\index.js:582:12)     at next 
(C:\\Users\\UniquePicturePrints\\Desktop\\Project\\XCoinGateway\\node_modules\\router\\index.js:291:5)     at next 
(C:\\Users\\UniquePicturePrints\\Desktop\\Project\\XCoinGateway\\services\\api-server\\src\\app.js:393:3)     at Layer.handleRequest 
(C:\\Users\\UniquePicturePrints\\Desktop\\Project\\XCoinGateway\\node_modules\\router\\lib\\layer.js:152:17)     at trimPrefix 
(C:\\Users\\UniquePicturePrints\\Desktop\\Project\\XCoinGateway\\node_modules\\router\\index.js:342:13)     at 
C:\\Users\\UniquePicturePrints\\Desktop\\Project\\XCoinGateway\\node_modules\\router\\index.js:297:9     at processParams 
(C:\\Users\\UniquePicturePrints\\Desktop\\Project\\XCoinGateway\\node_modules\\router\\index.js:582:12)     at next 
(C:\\Users\\UniquePicturePrints\\Desktop\\Project\\XCoinGateway\\node_modules\\router\\index.js:291:5)     at next 
(C:\\Users\\UniquePicturePrints\\Desktop\\Project\\XCoinGateway\\packages\\common\\src\\requestContext.js:68:5)     at 
AsyncLocalStorage.run (node:async_hooks:346:14)     at run 
(C:\\Users\\UniquePicturePrints\\Desktop\\Project\\XCoinGateway\\packages\\common\\src\\requestContext.js:67:21)     at 
Layer.handleRequest (C:\\Users\\UniquePicturePrints\\Desktop\\Project\\XCoinGateway\\node_modules\\router\\lib\\layer.js:152:17)     
at trimPrefix (C:\\Users\\UniquePicturePrints\\Desktop\\Project\\XCoinGateway\\node_modules\\router\\index.js:342:13)     at 
C:\\Users\\UniquePicturePrints\\Desktop\\Project\\XCoinGateway\\node_modules\\router\\index.js:297:9     at processParams 
(C:\\Users\\UniquePicturePrints\\Desktop\\Project\\XCoinGateway\\node_modules\\router\\index.js:582:12)     at next 
(C:\\Users\\UniquePicturePrints\\Desktop\\Project\\XCoinGateway\\node_modules\\router\\index.js:291:5)     at next 
(C:\\Users\\UniquePicturePrints\\Desktop\\Project\\XCoinGateway\\services\\api-server\\src\\app.js:362:3)     at Layer.handleRequest 
(C:\\Users\\UniquePicturePrints\\Desktop\\Project\\XCoinGateway\\node_modules\\router\\lib\\layer.js:152:17)     at trimPrefix 
(C:\\Users\\UniquePicturePrints\\Desktop\\Project\\XCoinGateway\\node_modules\\router\\index.js:342:13)     at 
C:\\Users\\UniquePicturePrints\\Desktop\\Project\\XCoinGateway\\node_modules\\router\\index.js:297:9     at processParams 
(C:\\Users\\UniquePicturePrints\\Desktop\\Project\\XCoinGateway\\node_modules\\router\\index.js:582:12)     at next 
(C:\\Users\\UniquePicturePrints\\Desktop\\Project\\XCoinGateway\\node_modules\\router\\index.js:291:5)     at next 
(C:\\Users\\UniquePicturePrints\\Desktop\\Project\\XCoinGateway\\services\\api-server\\src\\app.js:333:36)     at Layer.handleRequest 
(C:\\Users\\UniquePicturePrints\\Desktop\\Project\\XCoinGateway\\node_modules\\router\\lib\\layer.js:152:17)     at trimPrefix 
(C:\\Users\\UniquePicturePrints\\Desktop\\Project\\XCoinGateway\\node_modules\\router\\index.js:342:13)     at 
C:\\Users\\UniquePicturePrints\\Desktop\\Project\\XCoinGateway\\node_modules\\router\\index.js:297:9     at processParams 
(C:\\Users\\UniquePicturePrints\\Desktop\\Project\\XCoinGateway\\node_modules\\router\\index.js:582:12)     at next 
(C:\\Users\\UniquePicturePrints\\Desktop\\Project\\XCoinGateway\\node_modules\\router\\index.js:291:5)     at next 
(C:\\Users\\UniquePicturePrints\\Desktop\\Project\\XCoinGateway\\services\\api-server\\src\\app.js:320:3)     at Layer.handleRequest 
(C:\\Users\\UniquePicturePrints\\Desktop\\Project\\XCoinGateway\\node_modules\\router\\lib\\layer.js:152:17)     at trimPrefix 
(C:\\Users\\UniquePicturePrints\\Desktop\\Project\\XCoinGateway\\node_modules\\router\\index.js:342:13)     at 
C:\\Users\\UniquePicturePrints\\Desktop\\Project\\XCoinGateway\\node_modules\\router\\index.js:297:9     at processParams 
(C:\\Users\\UniquePicturePrints\\Desktop\\Project\\XCoinGateway\\node_modules\\router\\index.js:582:12)     at next 
(C:\\Users\\UniquePicturePrints\\Desktop\\Project\\XCoinGateway\\node_modules\\router\\index.js:291:5)     at cookieParser 
(C:\\Users\\UniquePicturePrints\\Desktop\\Project\\XCoinGateway\\node_modules\\cookie-parser\\index.js:57:14)     at 
Layer.handleRequest (C:\\Users\\UniquePicturePrints\\Desktop\\Project\\XCoinGateway\\node_modules\\router\\lib\\layer.js:152:17)     
at trimPrefix (C:\\Users\\UniquePicturePrints\\Desktop\\Project\\XCoinGateway\\node_modules\\router\\index.js:342:13)     at 
C:\\Users\\UniquePicturePrints\\Desktop\\Project\\XCoinGateway\\node_modules\\router\\index.js:297:9     at processParams 
(C:\\Users\\UniquePicturePrints\\Desktop\\Project\\XCoinGateway\\node_modules\\router\\index.js:582:12)     at next 
(C:\\Users\\UniquePicturePrints\\Desktop\\Project\\XCoinGateway\\node_modules\\router\\index.js:291:5)     at hpp 
(C:\\Users\\UniquePicturePrints\\Desktop\\Project\\XCoinGateway\\node_modules\\hpp\\lib\\index.js:146:9)     at Layer.handleRequest 
(C:\\Users\\UniquePicturePrints\\Desktop\\Project\\XCoinGateway\\node_modules\\router\\lib\\layer.js:152:17)     at trimPrefix 
(C:\\Users\\UniquePicturePrints\\Desktop\\Project\\XCoinGateway\\node_modules\\router\\index.js:342:13)     at 
C:\\Users\\UniquePicturePrints\\Desktop\\Project\\XCoinGateway\\node_modules\\router\\index.js:297:9     at processParams 
(C:\\Users\\UniquePicturePrints\\Desktop\\Project\\XCoinGateway\\node_modules\\router\\index.js:582:12)     at next 
(C:\\Users\\UniquePicturePrints\\Desktop\\Project\\XCoinGateway\\node_modules\\router\\index.js:291:5)     at next 
(C:\\Users\\UniquePicturePrints\\Desktop\\Project\\XCoinGateway\\services\\api-server\\src\\middleware\\originValidation.js:75:12)    
 at Layer.handleRequest (C:\\Users\\UniquePicturePrints\\Desktop\\Project\\XCoinGateway\\node_modules\\router\\lib\\layer.js:152:17)  
   at trimPrefix (C:\\Users\\UniquePicturePrints\\Desktop\\Project\\XCoinGateway\\node_modules\\router\\index.js:342:13)     at 
C:\\Users\\UniquePicturePrints\\Desktop\\Project\\XCoinGateway\\node_modules\\router\\index.js:297:9     at processParams 
(C:\\Users\\UniquePicturePrints\\Desktop\\Project\\XCoinGateway\\node_modules\\router\\index.js:582:12)     at next 
(C:\\Users\\UniquePicturePrints\\Desktop\\Project\\XCoinGateway\\node_modules\\router\\index.js:291:5)     at next 
(C:\\Users\\UniquePicturePrints\\Desktop\\Project\\XCoinGateway\\services\\api-server\\src\\middleware\\requestHardening.js:165:3)    
 at Layer.handleRequest (C:\\Users\\UniquePicturePrints\\Desktop\\Project\\XCoinGateway\\node_modules\\router\\lib\\layer.js:152:17)  
   at trimPrefix (C:\\Users\\UniquePicturePrints\\Desktop\\Project\\XCoinGateway\\node_modules\\router\\index.js:342:13)     at 
C:\\Users\\UniquePicturePrints\\Desktop\\Project\\XCoinGateway\\node_modules\\router\\index.js:297:9     at processParams 
(C:\\Users\\UniquePicturePrints\\Desktop\\Project\\XCoinGateway\\node_modules\\router\\index.js:582:12)     at next 
(C:\\Users\\UniquePicturePrints\\Desktop\\Project\\XCoinGateway\\node_modules\\router\\index.js:291:5)     at next 
(C:\\Users\\UniquePicturePrints\\Desktop\\Project\\XCoinGateway\\services\\api-server\\src\\middleware\\noSqlSanitize.js:106:3)     
at Layer.handleRequest (C:\\Users\\UniquePicturePrints\\Desktop\\Project\\XCoinGateway\\node_modules\\router\\lib\\layer.js:152:17)   
  at trimPrefix (C:\\Users\\UniquePicturePrints\\Desktop\\Project\\XCoinGateway\\node_modules\\router\\index.js:342:13)     at 
C:\\Users\\UniquePicturePrints\\Desktop\\Project\\XCoinGateway\\node_modules\\router\\index.js:297:9     at processParams 
(C:\\Users\\UniquePicturePrints\\Desktop\\Project\\XCoinGateway\\node_modules\\router\\index.js:582:12)     at next 
(C:\\Users\\UniquePicturePrints\\Desktop\\Project\\XCoinGateway\\node_modules\\router\\index.js:291:5)     at read 
(C:\\Users\\UniquePicturePrints\\Desktop\\Project\\XCoinGateway\\node_modules\\body-parser\\lib\\read.js:42:5)     at 
urlencodedParser 
(C:\\Users\\UniquePicturePrints\\Desktop\\Project\\XCoinGateway\\node_modules\\body-parser\\lib\\types\\urlencoded.js:57:5)     at 
Layer.handleRequest (C:\\Users\\UniquePicturePrints\\Desktop\\Project\\XCoinGateway\\node_modules\\router\\lib\\layer.js:152:17)     
at trimPrefix (C:\\Users\\UniquePicturePrints\\Desktop\\Project\\XCoinGateway\\node_modules\\router\\index.js:342:13)     at 
C:\\Users\\UniquePicturePrints\\Desktop\\Project\\XCoinGateway\\node_modules\\router\\index.js:297:9     at processParams 
(C:\\Users\\UniquePicturePrints\\Desktop\\Project\\XCoinGateway\\node_modules\\router\\index.js:582:12)     at next 
(C:\\Users\\UniquePicturePrints\\Desktop\\Project\\XCoinGateway\\node_modules\\router\\index.js:291:5)     at read 
(C:\\Users\\UniquePicturePrints\\Desktop\\Project\\XCoinGateway\\node_modules\\body-parser\\lib\\read.js:42:5)     at jsonParser 
(C:\\Users\\UniquePicturePrints\\Desktop\\Project\\XCoinGateway\\node_modules\\body-parser\\lib\\types\\json.js:88:5)     at 
Layer.handleRequest (C:\\Users\\UniquePicturePrints\\Desktop\\Project\\XCoinGateway\\node_modules\\router\\lib\\layer.js:152:17)     
at trimPrefix (C:\\Users\\UniquePicturePrints\\Desktop\\Project\\XCoinGateway\\node_modules\\router\\index.js:342:13)     at 
C:\\Users\\UniquePicturePrints\\Desktop\\Project\\XCoinGateway\\node_modules\\router\\index.js:297:9     at processParams 
(C:\\Users\\UniquePicturePrints\\Desktop\\Project\\XCoinGateway\\node_modules\\router\\index.js:582:12)     at next 
(C:\\Users\\UniquePicturePrints\\Desktop\\Project\\XCoinGateway\\node_modules\\router\\index.js:291:5)     at 
C:\\Users\\UniquePicturePrints\\Desktop\\Project\\XCoinGateway\\node_modules\\body-parser\\lib\\read.js:171:5     at 
AsyncResource.runInAsyncScope (node:async_hooks:206:9)     at invokeCallback 
(C:\\Users\\UniquePicturePrints\\Desktop\\Project\\XCoinGateway\\node_modules\\raw-body\\index.js:238:16)     at done 
(C:\\Users\\UniquePicturePrints\\Desktop\\Project\\XCoinGateway\\node_modules\\raw-body\\index.js:227:7)     at IncomingMessage.onEnd 
(C:\\Users\\UniquePicturePrints\\Desktop\\Project\\XCoinGateway\\node_modules\\raw-body\\index.js:287:7)     at IncomingMessage.emit 
(node:events:524:28)     at endReadableNT (node:internal/streams/readable:1698:12)     at processTicksAndRejections 
(node:internal/process/task_queues:82:21)"}
{"timestamp":"2026-04-06T07:15:35.500Z","level":"error","service":"api-server","message":"Unhandled 
error","requestId":"748082d3-a802-447c-93f6-6a690f2fa8f1","error":"Cannot read properties of undefined (reading 
'create')","stack":"TypeError: Cannot read properties of undefined (reading 'create')     at create 
(C:\\Users\\UniquePicturePrints\\Desktop\\Project\\XCoinGateway\\services\\api-server\\src\\middleware\\merchantApiAuth.js:289:21)    
 at processTicksAndRejections (node:internal/process/task_queues:95:5)"}
{"timestamp":"2026-04-06T07:15:35.509Z","level":"error","service":"api-server","message":"Unhandled 
error","requestId":"842b8a39-9db1-46c8-8b46-199107c9a6b3","error":"Cannot read properties of undefined (reading 
'create')","stack":"TypeError: Cannot read properties of undefined (reading 'create')     at create 
(C:\\Users\\UniquePicturePrints\\Desktop\\Project\\XCoinGateway\\services\\api-server\\src\\middleware\\merchantApiAuth.js:289:21)    
 at Layer.handleRequest (C:\\Users\\UniquePicturePrints\\Desktop\\Project\\XCoinGateway\\node_modules\\router\\lib\\layer.js:152:17)  
   at next (C:\\Users\\UniquePicturePrints\\Desktop\\Project\\XCoinGateway\\node_modules\\router\\lib\\route.js:157:13)     at 
Route.dispatch (C:\\Users\\UniquePicturePrints\\Desktop\\Project\\XCoinGateway\\node_modules\\router\\lib\\route.js:117:3)     at 
handle (C:\\Users\\UniquePicturePrints\\Desktop\\Project\\XCoinGateway\\node_modules\\router\\index.js:435:11)     at 
Layer.handleRequest (C:\\Users\\UniquePicturePrints\\Desktop\\Project\\XCoinGateway\\node_modules\\router\\lib\\layer.js:152:17)     
at C:\\Users\\UniquePicturePrints\\Desktop\\Project\\XCoinGateway\\node_modules\\router\\index.js:295:15     at processParams 
(C:\\Users\\UniquePicturePrints\\Desktop\\Project\\XCoinGateway\\node_modules\\router\\index.js:582:12)     at next 
(C:\\Users\\UniquePicturePrints\\Desktop\\Project\\XCoinGateway\\node_modules\\router\\index.js:291:5)     at Function.handle 
(C:\\Users\\UniquePicturePrints\\Desktop\\Project\\XCoinGateway\\node_modules\\router\\index.js:186:3)     at router 
(C:\\Users\\UniquePicturePrints\\Desktop\\Project\\XCoinGateway\\node_modules\\router\\index.js:60:12)     at Layer.handleRequest 
(C:\\Users\\UniquePicturePrints\\Desktop\\Project\\XCoinGateway\\node_modules\\router\\lib\\layer.js:152:17)     at trimPrefix 
(C:\\Users\\UniquePicturePrints\\Desktop\\Project\\XCoinGateway\\node_modules\\router\\index.js:342:13)     at 
C:\\Users\\UniquePicturePrints\\Desktop\\Project\\XCoinGateway\\node_modules\\router\\index.js:297:9     at processParams 
(C:\\Users\\UniquePicturePrints\\Desktop\\Project\\XCoinGateway\\node_modules\\router\\index.js:582:12)     at next 
(C:\\Users\\UniquePicturePrints\\Desktop\\Project\\XCoinGateway\\node_modules\\router\\index.js:291:5)     at next 
(C:\\Users\\UniquePicturePrints\\Desktop\\Project\\XCoinGateway\\services\\api-server\\src\\app.js:393:3)     at Layer.handleRequest 
(C:\\Users\\UniquePicturePrints\\Desktop\\Project\\XCoinGateway\\node_modules\\router\\lib\\layer.js:152:17)     at trimPrefix 
(C:\\Users\\UniquePicturePrints\\Desktop\\Project\\XCoinGateway\\node_modules\\router\\index.js:342:13)     at 
C:\\Users\\UniquePicturePrints\\Desktop\\Project\\XCoinGateway\\node_modules\\router\\index.js:297:9     at processParams 
(C:\\Users\\UniquePicturePrints\\Desktop\\Project\\XCoinGateway\\node_modules\\router\\index.js:582:12)     at next 
(C:\\Users\\UniquePicturePrints\\Desktop\\Project\\XCoinGateway\\node_modules\\router\\index.js:291:5)     at next 
(C:\\Users\\UniquePicturePrints\\Desktop\\Project\\XCoinGateway\\packages\\common\\src\\requestContext.js:68:5)     at 
AsyncLocalStorage.run (node:async_hooks:346:14)     at run 
(C:\\Users\\UniquePicturePrints\\Desktop\\Project\\XCoinGateway\\packages\\common\\src\\requestContext.js:67:21)     at 
Layer.handleRequest (C:\\Users\\UniquePicturePrints\\Desktop\\Project\\XCoinGateway\\node_modules\\router\\lib\\layer.js:152:17)     
at trimPrefix (C:\\Users\\UniquePicturePrints\\Desktop\\Project\\XCoinGateway\\node_modules\\router\\index.js:342:13)     at 
C:\\Users\\UniquePicturePrints\\Desktop\\Project\\XCoinGateway\\node_modules\\router\\index.js:297:9     at processParams 
(C:\\Users\\UniquePicturePrints\\Desktop\\Project\\XCoinGateway\\node_modules\\router\\index.js:582:12)     at next 
(C:\\Users\\UniquePicturePrints\\Desktop\\Project\\XCoinGateway\\node_modules\\router\\index.js:291:5)     at next 
(C:\\Users\\UniquePicturePrints\\Desktop\\Project\\XCoinGateway\\services\\api-server\\src\\app.js:362:3)     at Layer.handleRequest 
(C:\\Users\\UniquePicturePrints\\Desktop\\Project\\XCoinGateway\\node_modules\\router\\lib\\layer.js:152:17)     at trimPrefix 
(C:\\Users\\UniquePicturePrints\\Desktop\\Project\\XCoinGateway\\node_modules\\router\\index.js:342:13)     at 
C:\\Users\\UniquePicturePrints\\Desktop\\Project\\XCoinGateway\\node_modules\\router\\index.js:297:9     at processParams 
(C:\\Users\\UniquePicturePrints\\Desktop\\Project\\XCoinGateway\\node_modules\\router\\index.js:582:12)     at next 
(C:\\Users\\UniquePicturePrints\\Desktop\\Project\\XCoinGateway\\node_modules\\router\\index.js:291:5)     at next 
(C:\\Users\\UniquePicturePrints\\Desktop\\Project\\XCoinGateway\\services\\api-server\\src\\app.js:333:36)     at Layer.handleRequest 
(C:\\Users\\UniquePicturePrints\\Desktop\\Project\\XCoinGateway\\node_modules\\router\\lib\\layer.js:152:17)     at trimPrefix 
(C:\\Users\\UniquePicturePrints\\Desktop\\Project\\XCoinGateway\\node_modules\\router\\index.js:342:13)     at 
C:\\Users\\UniquePicturePrints\\Desktop\\Project\\XCoinGateway\\node_modules\\router\\index.js:297:9     at processParams 
(C:\\Users\\UniquePicturePrints\\Desktop\\Project\\XCoinGateway\\node_modules\\router\\index.js:582:12)     at next 
(C:\\Users\\UniquePicturePrints\\Desktop\\Project\\XCoinGateway\\node_modules\\router\\index.js:291:5)     at next 
(C:\\Users\\UniquePicturePrints\\Desktop\\Project\\XCoinGateway\\services\\api-server\\src\\app.js:320:3)     at Layer.handleRequest 
(C:\\Users\\UniquePicturePrints\\Desktop\\Project\\XCoinGateway\\node_modules\\router\\lib\\layer.js:152:17)     at trimPrefix 
(C:\\Users\\UniquePicturePrints\\Desktop\\Project\\XCoinGateway\\node_modules\\router\\index.js:342:13)     at 
C:\\Users\\UniquePicturePrints\\Desktop\\Project\\XCoinGateway\\node_modules\\router\\index.js:297:9     at processParams 
(C:\\Users\\UniquePicturePrints\\Desktop\\Project\\XCoinGateway\\node_modules\\router\\index.js:582:12)     at next 
(C:\\Users\\UniquePicturePrints\\Desktop\\Project\\XCoinGateway\\node_modules\\router\\index.js:291:5)     at cookieParser 
(C:\\Users\\UniquePicturePrints\\Desktop\\Project\\XCoinGateway\\node_modules\\cookie-parser\\index.js:57:14)     at 
Layer.handleRequest (C:\\Users\\UniquePicturePrints\\Desktop\\Project\\XCoinGateway\\node_modules\\router\\lib\\layer.js:152:17)     
at trimPrefix (C:\\Users\\UniquePicturePrints\\Desktop\\Project\\XCoinGateway\\node_modules\\router\\index.js:342:13)     at 
C:\\Users\\UniquePicturePrints\\Desktop\\Project\\XCoinGateway\\node_modules\\router\\index.js:297:9     at processParams 
(C:\\Users\\UniquePicturePrints\\Desktop\\Project\\XCoinGateway\\node_modules\\router\\index.js:582:12)     at next 
(C:\\Users\\UniquePicturePrints\\Desktop\\Project\\XCoinGateway\\node_modules\\router\\index.js:291:5)     at hpp 
(C:\\Users\\UniquePicturePrints\\Desktop\\Project\\XCoinGateway\\node_modules\\hpp\\lib\\index.js:146:9)     at Layer.handleRequest 
(C:\\Users\\UniquePicturePrints\\Desktop\\Project\\XCoinGateway\\node_modules\\router\\lib\\layer.js:152:17)     at trimPrefix 
(C:\\Users\\UniquePicturePrints\\Desktop\\Project\\XCoinGateway\\node_modules\\router\\index.js:342:13)     at 
C:\\Users\\UniquePicturePrints\\Desktop\\Project\\XCoinGateway\\node_modules\\router\\index.js:297:9     at processParams 
(C:\\Users\\UniquePicturePrints\\Desktop\\Project\\XCoinGateway\\node_modules\\router\\index.js:582:12)     at next 
(C:\\Users\\UniquePicturePrints\\Desktop\\Project\\XCoinGateway\\node_modules\\router\\index.js:291:5)     at next 
(C:\\Users\\UniquePicturePrints\\Desktop\\Project\\XCoinGateway\\services\\api-server\\src\\middleware\\originValidation.js:75:12)    
 at Layer.handleRequest (C:\\Users\\UniquePicturePrints\\Desktop\\Project\\XCoinGateway\\node_modules\\router\\lib\\layer.js:152:17)  
   at trimPrefix (C:\\Users\\UniquePicturePrints\\Desktop\\Project\\XCoinGateway\\node_modules\\router\\index.js:342:13)     at 
C:\\Users\\UniquePicturePrints\\Desktop\\Project\\XCoinGateway\\node_modules\\router\\index.js:297:9     at processParams 
(C:\\Users\\UniquePicturePrints\\Desktop\\Project\\XCoinGateway\\node_modules\\router\\index.js:582:12)     at next 
(C:\\Users\\UniquePicturePrints\\Desktop\\Project\\XCoinGateway\\node_modules\\router\\index.js:291:5)     at next 
(C:\\Users\\UniquePicturePrints\\Desktop\\Project\\XCoinGateway\\services\\api-server\\src\\middleware\\requestHardening.js:165:3)    
 at Layer.handleRequest (C:\\Users\\UniquePicturePrints\\Desktop\\Project\\XCoinGateway\\node_modules\\router\\lib\\layer.js:152:17)  
   at trimPrefix (C:\\Users\\UniquePicturePrints\\Desktop\\Project\\XCoinGateway\\node_modules\\router\\index.js:342:13)     at 
C:\\Users\\UniquePicturePrints\\Desktop\\Project\\XCoinGateway\\node_modules\\router\\index.js:297:9     at processParams 
(C:\\Users\\UniquePicturePrints\\Desktop\\Project\\XCoinGateway\\node_modules\\router\\index.js:582:12)     at next 
(C:\\Users\\UniquePicturePrints\\Desktop\\Project\\XCoinGateway\\node_modules\\router\\index.js:291:5)     at next 
(C:\\Users\\UniquePicturePrints\\Desktop\\Project\\XCoinGateway\\services\\api-server\\src\\middleware\\noSqlSanitize.js:106:3)     
at Layer.handleRequest (C:\\Users\\UniquePicturePrints\\Desktop\\Project\\XCoinGateway\\node_modules\\router\\lib\\layer.js:152:17)   
  at trimPrefix (C:\\Users\\UniquePicturePrints\\Desktop\\Project\\XCoinGateway\\node_modules\\router\\index.js:342:13)     at 
C:\\Users\\UniquePicturePrints\\Desktop\\Project\\XCoinGateway\\node_modules\\router\\index.js:297:9     at processParams 
(C:\\Users\\UniquePicturePrints\\Desktop\\Project\\XCoinGateway\\node_modules\\router\\index.js:582:12)     at next 
(C:\\Users\\UniquePicturePrints\\Desktop\\Project\\XCoinGateway\\node_modules\\router\\index.js:291:5)     at read 
(C:\\Users\\UniquePicturePrints\\Desktop\\Project\\XCoinGateway\\node_modules\\body-parser\\lib\\read.js:42:5)     at 
urlencodedParser 
(C:\\Users\\UniquePicturePrints\\Desktop\\Project\\XCoinGateway\\node_modules\\body-parser\\lib\\types\\urlencoded.js:57:5)     at 
Layer.handleRequest (C:\\Users\\UniquePicturePrints\\Desktop\\Project\\XCoinGateway\\node_modules\\router\\lib\\layer.js:152:17)     
at trimPrefix (C:\\Users\\UniquePicturePrints\\Desktop\\Project\\XCoinGateway\\node_modules\\router\\index.js:342:13)     at 
C:\\Users\\UniquePicturePrints\\Desktop\\Project\\XCoinGateway\\node_modules\\router\\index.js:297:9     at processParams 
(C:\\Users\\UniquePicturePrints\\Desktop\\Project\\XCoinGateway\\node_modules\\router\\index.js:582:12)     at next 
(C:\\Users\\UniquePicturePrints\\Desktop\\Project\\XCoinGateway\\node_modules\\router\\index.js:291:5)     at read 
(C:\\Users\\UniquePicturePrints\\Desktop\\Project\\XCoinGateway\\node_modules\\body-parser\\lib\\read.js:42:5)     at jsonParser 
(C:\\Users\\UniquePicturePrints\\Desktop\\Project\\XCoinGateway\\node_modules\\body-parser\\lib\\types\\json.js:88:5)     at 
Layer.handleRequest (C:\\Users\\UniquePicturePrints\\Desktop\\Project\\XCoinGateway\\node_modules\\router\\lib\\layer.js:152:17)     
at trimPrefix (C:\\Users\\UniquePicturePrints\\Desktop\\Project\\XCoinGateway\\node_modules\\router\\index.js:342:13)     at 
C:\\Users\\UniquePicturePrints\\Desktop\\Project\\XCoinGateway\\node_modules\\router\\index.js:297:9     at processParams 
(C:\\Users\\UniquePicturePrints\\Desktop\\Project\\XCoinGateway\\node_modules\\router\\index.js:582:12)     at next 
(C:\\Users\\UniquePicturePrints\\Desktop\\Project\\XCoinGateway\\node_modules\\router\\index.js:291:5)     at 
C:\\Users\\UniquePicturePrints\\Desktop\\Project\\XCoinGateway\\node_modules\\body-parser\\lib\\read.js:171:5     at 
AsyncResource.runInAsyncScope (node:async_hooks:206:9)     at invokeCallback 
(C:\\Users\\UniquePicturePrints\\Desktop\\Project\\XCoinGateway\\node_modules\\raw-body\\index.js:238:16)     at done 
(C:\\Users\\UniquePicturePrints\\Desktop\\Project\\XCoinGateway\\node_modules\\raw-body\\index.js:227:7)     at IncomingMessage.onEnd 
(C:\\Users\\UniquePicturePrints\\Desktop\\Project\\XCoinGateway\\node_modules\\raw-body\\index.js:287:7)     at IncomingMessage.emit 
(node:events:524:28)     at endReadableNT (node:internal/streams/readable:1698:12)     at processTicksAndRejections 
(node:internal/process/task_queues:82:21)"}
{"timestamp":"2026-04-06T07:15:35.511Z","level":"error","service":"api-server","message":"Unhandled 
error","requestId":"10e18110-71da-4801-8ac5-f194bbe45c1a","error":"Cannot read properties of undefined (reading 
'create')","stack":"TypeError: Cannot read properties of undefined (reading 'create')     at create 
(C:\\Users\\UniquePicturePrints\\Desktop\\Project\\XCoinGateway\\services\\api-server\\src\\middleware\\merchantApiAuth.js:289:21)    
 at processTicksAndRejections (node:internal/process/task_queues:95:5)"}
{"timestamp":"2026-04-06T07:15:35.519Z","level":"error","service":"api-server","message":"Unhandled 
error","requestId":"29a44331-741c-4240-80a4-006d6776ba3e","error":"Cannot read properties of undefined (reading 
'create')","stack":"TypeError: Cannot read properties of undefined (reading 'create')     at create 
(C:\\Users\\UniquePicturePrints\\Desktop\\Project\\XCoinGateway\\services\\api-server\\src\\middleware\\merchantApiAuth.js:289:21)    
 at processTicksAndRejections (node:internal/process/task_queues:95:5)"}
{"timestamp":"2026-04-06T07:15:35.522Z","level":"error","service":"api-server","message":"Unhandled 
error","requestId":"abaeec55-737b-46bf-9dde-d0339daad34d","error":"Cannot read properties of undefined (reading 
'create')","stack":"TypeError: Cannot read properties of undefined (reading 'create')     at create 
(C:\\Users\\UniquePicturePrints\\Desktop\\Project\\XCoinGateway\\services\\api-server\\src\\middleware\\merchantApiAuth.js:289:21)    
 at Layer.handleRequest (C:\\Users\\UniquePicturePrints\\Desktop\\Project\\XCoinGateway\\node_modules\\router\\lib\\layer.js:152:17)  
   at next (C:\\Users\\UniquePicturePrints\\Desktop\\Project\\XCoinGateway\\node_modules\\router\\lib\\route.js:157:13)     at 
Route.dispatch (C:\\Users\\UniquePicturePrints\\Desktop\\Project\\XCoinGateway\\node_modules\\router\\lib\\route.js:117:3)     at 
handle (C:\\Users\\UniquePicturePrints\\Desktop\\Project\\XCoinGateway\\node_modules\\router\\index.js:435:11)     at 
Layer.handleRequest (C:\\Users\\UniquePicturePrints\\Desktop\\Project\\XCoinGateway\\node_modules\\router\\lib\\layer.js:152:17)     
at C:\\Users\\UniquePicturePrints\\Desktop\\Project\\XCoinGateway\\node_modules\\router\\index.js:295:15     at processParams 
(C:\\Users\\UniquePicturePrints\\Desktop\\Project\\XCoinGateway\\node_modules\\router\\index.js:582:12)     at next 
(C:\\Users\\UniquePicturePrints\\Desktop\\Project\\XCoinGateway\\node_modules\\router\\index.js:291:5)     at Function.handle 
(C:\\Users\\UniquePicturePrints\\Desktop\\Project\\XCoinGateway\\node_modules\\router\\index.js:186:3)     at router 
(C:\\Users\\UniquePicturePrints\\Desktop\\Project\\XCoinGateway\\node_modules\\router\\index.js:60:12)     at Layer.handleRequest 
(C:\\Users\\UniquePicturePrints\\Desktop\\Project\\XCoinGateway\\node_modules\\router\\lib\\layer.js:152:17)     at trimPrefix 
(C:\\Users\\UniquePicturePrints\\Desktop\\Project\\XCoinGateway\\node_modules\\router\\index.js:342:13)     at 
C:\\Users\\UniquePicturePrints\\Desktop\\Project\\XCoinGateway\\node_modules\\router\\index.js:297:9     at processParams 
(C:\\Users\\UniquePicturePrints\\Desktop\\Project\\XCoinGateway\\node_modules\\router\\index.js:582:12)     at next 
(C:\\Users\\UniquePicturePrints\\Desktop\\Project\\XCoinGateway\\node_modules\\router\\index.js:291:5)     at next 
(C:\\Users\\UniquePicturePrints\\Desktop\\Project\\XCoinGateway\\services\\api-server\\src\\app.js:393:3)     at Layer.handleRequest 
(C:\\Users\\UniquePicturePrints\\Desktop\\Project\\XCoinGateway\\node_modules\\router\\lib\\layer.js:152:17)     at trimPrefix 
(C:\\Users\\UniquePicturePrints\\Desktop\\Project\\XCoinGateway\\node_modules\\router\\index.js:342:13)     at 
C:\\Users\\UniquePicturePrints\\Desktop\\Project\\XCoinGateway\\node_modules\\router\\index.js:297:9     at processParams 
(C:\\Users\\UniquePicturePrints\\Desktop\\Project\\XCoinGateway\\node_modules\\router\\index.js:582:12)     at next 
(C:\\Users\\UniquePicturePrints\\Desktop\\Project\\XCoinGateway\\node_modules\\router\\index.js:291:5)     at next 
(C:\\Users\\UniquePicturePrints\\Desktop\\Project\\XCoinGateway\\packages\\common\\src\\requestContext.js:68:5)     at 
AsyncLocalStorage.run (node:async_hooks:346:14)     at run 
(C:\\Users\\UniquePicturePrints\\Desktop\\Project\\XCoinGateway\\packages\\common\\src\\requestContext.js:67:21)     at 
Layer.handleRequest (C:\\Users\\UniquePicturePrints\\Desktop\\Project\\XCoinGateway\\node_modules\\router\\lib\\layer.js:152:17)     
at trimPrefix (C:\\Users\\UniquePicturePrints\\Desktop\\Project\\XCoinGateway\\node_modules\\router\\index.js:342:13)     at 
C:\\Users\\UniquePicturePrints\\Desktop\\Project\\XCoinGateway\\node_modules\\router\\index.js:297:9     at processParams 
(C:\\Users\\UniquePicturePrints\\Desktop\\Project\\XCoinGateway\\node_modules\\router\\index.js:582:12)     at next 
(C:\\Users\\UniquePicturePrints\\Desktop\\Project\\XCoinGateway\\node_modules\\router\\index.js:291:5)     at next 
(C:\\Users\\UniquePicturePrints\\Desktop\\Project\\XCoinGateway\\services\\api-server\\src\\app.js:362:3)     at Layer.handleRequest 
(C:\\Users\\UniquePicturePrints\\Desktop\\Project\\XCoinGateway\\node_modules\\router\\lib\\layer.js:152:17)     at trimPrefix 
(C:\\Users\\UniquePicturePrints\\Desktop\\Project\\XCoinGateway\\node_modules\\router\\index.js:342:13)     at 
C:\\Users\\UniquePicturePrints\\Desktop\\Project\\XCoinGateway\\node_modules\\router\\index.js:297:9     at processParams 
(C:\\Users\\UniquePicturePrints\\Desktop\\Project\\XCoinGateway\\node_modules\\router\\index.js:582:12)     at next 
(C:\\Users\\UniquePicturePrints\\Desktop\\Project\\XCoinGateway\\node_modules\\router\\index.js:291:5)     at next 
(C:\\Users\\UniquePicturePrints\\Desktop\\Project\\XCoinGateway\\services\\api-server\\src\\app.js:333:36)     at Layer.handleRequest 
(C:\\Users\\UniquePicturePrints\\Desktop\\Project\\XCoinGateway\\node_modules\\router\\lib\\layer.js:152:17)     at trimPrefix 
(C:\\Users\\UniquePicturePrints\\Desktop\\Project\\XCoinGateway\\node_modules\\router\\index.js:342:13)     at 
C:\\Users\\UniquePicturePrints\\Desktop\\Project\\XCoinGateway\\node_modules\\router\\index.js:297:9     at processParams 
(C:\\Users\\UniquePicturePrints\\Desktop\\Project\\XCoinGateway\\node_modules\\router\\index.js:582:12)     at next 
(C:\\Users\\UniquePicturePrints\\Desktop\\Project\\XCoinGateway\\node_modules\\router\\index.js:291:5)     at next 
(C:\\Users\\UniquePicturePrints\\Desktop\\Project\\XCoinGateway\\services\\api-server\\src\\app.js:320:3)     at Layer.handleRequest 
(C:\\Users\\UniquePicturePrints\\Desktop\\Project\\XCoinGateway\\node_modules\\router\\lib\\layer.js:152:17)     at trimPrefix 
(C:\\Users\\UniquePicturePrints\\Desktop\\Project\\XCoinGateway\\node_modules\\router\\index.js:342:13)     at 
C:\\Users\\UniquePicturePrints\\Desktop\\Project\\XCoinGateway\\node_modules\\router\\index.js:297:9     at processParams 
(C:\\Users\\UniquePicturePrints\\Desktop\\Project\\XCoinGateway\\node_modules\\router\\index.js:582:12)     at next 
(C:\\Users\\UniquePicturePrints\\Desktop\\Project\\XCoinGateway\\node_modules\\router\\index.js:291:5)     at cookieParser 
(C:\\Users\\UniquePicturePrints\\Desktop\\Project\\XCoinGateway\\node_modules\\cookie-parser\\index.js:57:14)     at 
Layer.handleRequest (C:\\Users\\UniquePicturePrints\\Desktop\\Project\\XCoinGateway\\node_modules\\router\\lib\\layer.js:152:17)     
at trimPrefix (C:\\Users\\UniquePicturePrints\\Desktop\\Project\\XCoinGateway\\node_modules\\router\\index.js:342:13)     at 
C:\\Users\\UniquePicturePrints\\Desktop\\Project\\XCoinGateway\\node_modules\\router\\index.js:297:9     at processParams 
(C:\\Users\\UniquePicturePrints\\Desktop\\Project\\XCoinGateway\\node_modules\\router\\index.js:582:12)     at next 
(C:\\Users\\UniquePicturePrints\\Desktop\\Project\\XCoinGateway\\node_modules\\router\\index.js:291:5)     at hpp 
(C:\\Users\\UniquePicturePrints\\Desktop\\Project\\XCoinGateway\\node_modules\\hpp\\lib\\index.js:146:9)     at Layer.handleRequest 
(C:\\Users\\UniquePicturePrints\\Desktop\\Project\\XCoinGateway\\node_modules\\router\\lib\\layer.js:152:17)     at trimPrefix 
(C:\\Users\\UniquePicturePrints\\Desktop\\Project\\XCoinGateway\\node_modules\\router\\index.js:342:13)     at 
C:\\Users\\UniquePicturePrints\\Desktop\\Project\\XCoinGateway\\node_modules\\router\\index.js:297:9     at processParams 
(C:\\Users\\UniquePicturePrints\\Desktop\\Project\\XCoinGateway\\node_modules\\router\\index.js:582:12)     at next 
(C:\\Users\\UniquePicturePrints\\Desktop\\Project\\XCoinGateway\\node_modules\\router\\index.js:291:5)     at next 
(C:\\Users\\UniquePicturePrints\\Desktop\\Project\\XCoinGateway\\services\\api-server\\src\\middleware\\originValidation.js:75:12)    
 at Layer.handleRequest (C:\\Users\\UniquePicturePrints\\Desktop\\Project\\XCoinGateway\\node_modules\\router\\lib\\layer.js:152:17)  
   at trimPrefix (C:\\Users\\UniquePicturePrints\\Desktop\\Project\\XCoinGateway\\node_modules\\router\\index.js:342:13)     at 
C:\\Users\\UniquePicturePrints\\Desktop\\Project\\XCoinGateway\\node_modules\\router\\index.js:297:9     at processParams 
(C:\\Users\\UniquePicturePrints\\Desktop\\Project\\XCoinGateway\\node_modules\\router\\index.js:582:12)     at next 
(C:\\Users\\UniquePicturePrints\\Desktop\\Project\\XCoinGateway\\node_modules\\router\\index.js:291:5)     at next 
(C:\\Users\\UniquePicturePrints\\Desktop\\Project\\XCoinGateway\\services\\api-server\\src\\middleware\\requestHardening.js:165:3)    
 at Layer.handleRequest (C:\\Users\\UniquePicturePrints\\Desktop\\Project\\XCoinGateway\\node_modules\\router\\lib\\layer.js:152:17)  
   at trimPrefix (C:\\Users\\UniquePicturePrints\\Desktop\\Project\\XCoinGateway\\node_modules\\router\\index.js:342:13)     at 
C:\\Users\\UniquePicturePrints\\Desktop\\Project\\XCoinGateway\\node_modules\\router\\index.js:297:9     at processParams 
(C:\\Users\\UniquePicturePrints\\Desktop\\Project\\XCoinGateway\\node_modules\\router\\index.js:582:12)     at next 
(C:\\Users\\UniquePicturePrints\\Desktop\\Project\\XCoinGateway\\node_modules\\router\\index.js:291:5)     at next 
(C:\\Users\\UniquePicturePrints\\Desktop\\Project\\XCoinGateway\\services\\api-server\\src\\middleware\\noSqlSanitize.js:106:3)     
at Layer.handleRequest (C:\\Users\\UniquePicturePrints\\Desktop\\Project\\XCoinGateway\\node_modules\\router\\lib\\layer.js:152:17)   
  at trimPrefix (C:\\Users\\UniquePicturePrints\\Desktop\\Project\\XCoinGateway\\node_modules\\router\\index.js:342:13)     at 
C:\\Users\\UniquePicturePrints\\Desktop\\Project\\XCoinGateway\\node_modules\\router\\index.js:297:9     at processParams 
(C:\\Users\\UniquePicturePrints\\Desktop\\Project\\XCoinGateway\\node_modules\\router\\index.js:582:12)     at next 
(C:\\Users\\UniquePicturePrints\\Desktop\\Project\\XCoinGateway\\node_modules\\router\\index.js:291:5)     at read 
(C:\\Users\\UniquePicturePrints\\Desktop\\Project\\XCoinGateway\\node_modules\\body-parser\\lib\\read.js:42:5)     at 
urlencodedParser 
(C:\\Users\\UniquePicturePrints\\Desktop\\Project\\XCoinGateway\\node_modules\\body-parser\\lib\\types\\urlencoded.js:57:5)     at 
Layer.handleRequest (C:\\Users\\UniquePicturePrints\\Desktop\\Project\\XCoinGateway\\node_modules\\router\\lib\\layer.js:152:17)     
at trimPrefix (C:\\Users\\UniquePicturePrints\\Desktop\\Project\\XCoinGateway\\node_modules\\router\\index.js:342:13)     at 
C:\\Users\\UniquePicturePrints\\Desktop\\Project\\XCoinGateway\\node_modules\\router\\index.js:297:9     at processParams 
(C:\\Users\\UniquePicturePrints\\Desktop\\Project\\XCoinGateway\\node_modules\\router\\index.js:582:12)     at next 
(C:\\Users\\UniquePicturePrints\\Desktop\\Project\\XCoinGateway\\node_modules\\router\\index.js:291:5)     at read 
(C:\\Users\\UniquePicturePrints\\Desktop\\Project\\XCoinGateway\\node_modules\\body-parser\\lib\\read.js:42:5)     at jsonParser 
(C:\\Users\\UniquePicturePrints\\Desktop\\Project\\XCoinGateway\\node_modules\\body-parser\\lib\\types\\json.js:88:5)     at 
Layer.handleRequest (C:\\Users\\UniquePicturePrints\\Desktop\\Project\\XCoinGateway\\node_modules\\router\\lib\\layer.js:152:17)     
at trimPrefix (C:\\Users\\UniquePicturePrints\\Desktop\\Project\\XCoinGateway\\node_modules\\router\\index.js:342:13)     at 
C:\\Users\\UniquePicturePrints\\Desktop\\Project\\XCoinGateway\\node_modules\\router\\index.js:297:9     at processParams 
(C:\\Users\\UniquePicturePrints\\Desktop\\Project\\XCoinGateway\\node_modules\\router\\index.js:582:12)     at next 
(C:\\Users\\UniquePicturePrints\\Desktop\\Project\\XCoinGateway\\node_modules\\router\\index.js:291:5)     at 
C:\\Users\\UniquePicturePrints\\Desktop\\Project\\XCoinGateway\\node_modules\\body-parser\\lib\\read.js:171:5     at 
AsyncResource.runInAsyncScope (node:async_hooks:206:9)     at invokeCallback 
(C:\\Users\\UniquePicturePrints\\Desktop\\Project\\XCoinGateway\\node_modules\\raw-body\\index.js:238:16)     at done 
(C:\\Users\\UniquePicturePrints\\Desktop\\Project\\XCoinGateway\\node_modules\\raw-body\\index.js:227:7)     at IncomingMessage.onEnd 
(C:\\Users\\UniquePicturePrints\\Desktop\\Project\\XCoinGateway\\node_modules\\raw-body\\index.js:287:7)     at IncomingMessage.emit 
(node:events:524:28)     at endReadableNT (node:internal/streams/readable:1698:12)     at processTicksAndRejections 
(node:internal/process/task_queues:82:21)"}
{"timestamp":"2026-04-06T07:15:35.529Z","level":"error","service":"api-server","message":"Unhandled 
error","requestId":"65d4008b-6d0b-4230-a91d-a53453cb12a0","error":"Cannot read properties of undefined (reading 
'create')","stack":"TypeError: Cannot read properties of undefined (reading 'create')     at create 
(C:\\Users\\UniquePicturePrints\\Desktop\\Project\\XCoinGateway\\services\\api-server\\src\\middleware\\merchantApiAuth.js:289:21)    
 at processTicksAndRejections (node:internal/process/task_queues:95:5)"}
{"timestamp":"2026-04-06T07:15:35.531Z","level":"error","service":"api-server","message":"Unhandled 
error","requestId":"dc5e814a-73f1-4bea-ab0f-a3c4741a9db5","error":"Cannot read properties of undefined (reading 
'create')","stack":"TypeError: Cannot read properties of undefined (reading 'create')     at create 
(C:\\Users\\UniquePicturePrints\\Desktop\\Project\\XCoinGateway\\services\\api-server\\src\\middleware\\merchantApiAuth.js:289:21)    
 at Layer.handleRequest (C:\\Users\\UniquePicturePrints\\Desktop\\Project\\XCoinGateway\\node_modules\\router\\lib\\layer.js:152:17)  
   at next (C:\\Users\\UniquePicturePrints\\Desktop\\Project\\XCoinGateway\\node_modules\\router\\lib\\route.js:157:13)     at 
Route.dispatch (C:\\Users\\UniquePicturePrints\\Desktop\\Project\\XCoinGateway\\node_modules\\router\\lib\\route.js:117:3)     at 
handle (C:\\Users\\UniquePicturePrints\\Desktop\\Project\\XCoinGateway\\node_modules\\router\\index.js:435:11)     at 
Layer.handleRequest (C:\\Users\\UniquePicturePrints\\Desktop\\Project\\XCoinGateway\\node_modules\\router\\lib\\layer.js:152:17)     
at C:\\Users\\UniquePicturePrints\\Desktop\\Project\\XCoinGateway\\node_modules\\router\\index.js:295:15     at processParams 
(C:\\Users\\UniquePicturePrints\\Desktop\\Project\\XCoinGateway\\node_modules\\router\\index.js:582:12)     at next 
(C:\\Users\\UniquePicturePrints\\Desktop\\Project\\XCoinGateway\\node_modules\\router\\index.js:291:5)     at Function.handle 
(C:\\Users\\UniquePicturePrints\\Desktop\\Project\\XCoinGateway\\node_modules\\router\\index.js:186:3)     at router 
(C:\\Users\\UniquePicturePrints\\Desktop\\Project\\XCoinGateway\\node_modules\\router\\index.js:60:12)     at Layer.handleRequest 
(C:\\Users\\UniquePicturePrints\\Desktop\\Project\\XCoinGateway\\node_modules\\router\\lib\\layer.js:152:17)     at trimPrefix 
(C:\\Users\\UniquePicturePrints\\Desktop\\Project\\XCoinGateway\\node_modules\\router\\index.js:342:13)     at 
C:\\Users\\UniquePicturePrints\\Desktop\\Project\\XCoinGateway\\node_modules\\router\\index.js:297:9     at processParams 
(C:\\Users\\UniquePicturePrints\\Desktop\\Project\\XCoinGateway\\node_modules\\router\\index.js:582:12)     at next 
(C:\\Users\\UniquePicturePrints\\Desktop\\Project\\XCoinGateway\\node_modules\\router\\index.js:291:5)     at next 
(C:\\Users\\UniquePicturePrints\\Desktop\\Project\\XCoinGateway\\services\\api-server\\src\\app.js:393:3)     at Layer.handleRequest 
(C:\\Users\\UniquePicturePrints\\Desktop\\Project\\XCoinGateway\\node_modules\\router\\lib\\layer.js:152:17)     at trimPrefix 
(C:\\Users\\UniquePicturePrints\\Desktop\\Project\\XCoinGateway\\node_modules\\router\\index.js:342:13)     at 
C:\\Users\\UniquePicturePrints\\Desktop\\Project\\XCoinGateway\\node_modules\\router\\index.js:297:9     at processParams 
(C:\\Users\\UniquePicturePrints\\Desktop\\Project\\XCoinGateway\\node_modules\\router\\index.js:582:12)     at next 
(C:\\Users\\UniquePicturePrints\\Desktop\\Project\\XCoinGateway\\node_modules\\router\\index.js:291:5)     at next 
(C:\\Users\\UniquePicturePrints\\Desktop\\Project\\XCoinGateway\\packages\\common\\src\\requestContext.js:68:5)     at 
AsyncLocalStorage.run (node:async_hooks:346:14)     at run 
(C:\\Users\\UniquePicturePrints\\Desktop\\Project\\XCoinGateway\\packages\\common\\src\\requestContext.js:67:21)     at 
Layer.handleRequest (C:\\Users\\UniquePicturePrints\\Desktop\\Project\\XCoinGateway\\node_modules\\router\\lib\\layer.js:152:17)     
at trimPrefix (C:\\Users\\UniquePicturePrints\\Desktop\\Project\\XCoinGateway\\node_modules\\router\\index.js:342:13)     at 
C:\\Users\\UniquePicturePrints\\Desktop\\Project\\XCoinGateway\\node_modules\\router\\index.js:297:9     at processParams 
(C:\\Users\\UniquePicturePrints\\Desktop\\Project\\XCoinGateway\\node_modules\\router\\index.js:582:12)     at next 
(C:\\Users\\UniquePicturePrints\\Desktop\\Project\\XCoinGateway\\node_modules\\router\\index.js:291:5)     at next 
(C:\\Users\\UniquePicturePrints\\Desktop\\Project\\XCoinGateway\\services\\api-server\\src\\app.js:362:3)     at Layer.handleRequest 
(C:\\Users\\UniquePicturePrints\\Desktop\\Project\\XCoinGateway\\node_modules\\router\\lib\\layer.js:152:17)     at trimPrefix 
(C:\\Users\\UniquePicturePrints\\Desktop\\Project\\XCoinGateway\\node_modules\\router\\index.js:342:13)     at 
C:\\Users\\UniquePicturePrints\\Desktop\\Project\\XCoinGateway\\node_modules\\router\\index.js:297:9     at processParams 
(C:\\Users\\UniquePicturePrints\\Desktop\\Project\\XCoinGateway\\node_modules\\router\\index.js:582:12)     at next 
(C:\\Users\\UniquePicturePrints\\Desktop\\Project\\XCoinGateway\\node_modules\\router\\index.js:291:5)     at next 
(C:\\Users\\UniquePicturePrints\\Desktop\\Project\\XCoinGateway\\services\\api-server\\src\\app.js:333:36)     at Layer.handleRequest 
(C:\\Users\\UniquePicturePrints\\Desktop\\Project\\XCoinGateway\\node_modules\\router\\lib\\layer.js:152:17)     at trimPrefix 
(C:\\Users\\UniquePicturePrints\\Desktop\\Project\\XCoinGateway\\node_modules\\router\\index.js:342:13)     at 
C:\\Users\\UniquePicturePrints\\Desktop\\Project\\XCoinGateway\\node_modules\\router\\index.js:297:9     at processParams 
(C:\\Users\\UniquePicturePrints\\Desktop\\Project\\XCoinGateway\\node_modules\\router\\index.js:582:12)     at next 
(C:\\Users\\UniquePicturePrints\\Desktop\\Project\\XCoinGateway\\node_modules\\router\\index.js:291:5)     at next 
(C:\\Users\\UniquePicturePrints\\Desktop\\Project\\XCoinGateway\\services\\api-server\\src\\app.js:320:3)     at Layer.handleRequest 
(C:\\Users\\UniquePicturePrints\\Desktop\\Project\\XCoinGateway\\node_modules\\router\\lib\\layer.js:152:17)     at trimPrefix 
(C:\\Users\\UniquePicturePrints\\Desktop\\Project\\XCoinGateway\\node_modules\\router\\index.js:342:13)     at 
C:\\Users\\UniquePicturePrints\\Desktop\\Project\\XCoinGateway\\node_modules\\router\\index.js:297:9     at processParams 
(C:\\Users\\UniquePicturePrints\\Desktop\\Project\\XCoinGateway\\node_modules\\router\\index.js:582:12)     at next 
(C:\\Users\\UniquePicturePrints\\Desktop\\Project\\XCoinGateway\\node_modules\\router\\index.js:291:5)     at cookieParser 
(C:\\Users\\UniquePicturePrints\\Desktop\\Project\\XCoinGateway\\node_modules\\cookie-parser\\index.js:57:14)     at 
Layer.handleRequest (C:\\Users\\UniquePicturePrints\\Desktop\\Project\\XCoinGateway\\node_modules\\router\\lib\\layer.js:152:17)     
at trimPrefix (C:\\Users\\UniquePicturePrints\\Desktop\\Project\\XCoinGateway\\node_modules\\router\\index.js:342:13)     at 
C:\\Users\\UniquePicturePrints\\Desktop\\Project\\XCoinGateway\\node_modules\\router\\index.js:297:9     at processParams 
(C:\\Users\\UniquePicturePrints\\Desktop\\Project\\XCoinGateway\\node_modules\\router\\index.js:582:12)     at next 
(C:\\Users\\UniquePicturePrints\\Desktop\\Project\\XCoinGateway\\node_modules\\router\\index.js:291:5)     at hpp 
(C:\\Users\\UniquePicturePrints\\Desktop\\Project\\XCoinGateway\\node_modules\\hpp\\lib\\index.js:146:9)     at Layer.handleRequest 
(C:\\Users\\UniquePicturePrints\\Desktop\\Project\\XCoinGateway\\node_modules\\router\\lib\\layer.js:152:17)     at trimPrefix 
(C:\\Users\\UniquePicturePrints\\Desktop\\Project\\XCoinGateway\\node_modules\\router\\index.js:342:13)     at 
C:\\Users\\UniquePicturePrints\\Desktop\\Project\\XCoinGateway\\node_modules\\router\\index.js:297:9     at processParams 
(C:\\Users\\UniquePicturePrints\\Desktop\\Project\\XCoinGateway\\node_modules\\router\\index.js:582:12)     at next 
(C:\\Users\\UniquePicturePrints\\Desktop\\Project\\XCoinGateway\\node_modules\\router\\index.js:291:5)     at next 
(C:\\Users\\UniquePicturePrints\\Desktop\\Project\\XCoinGateway\\services\\api-server\\src\\middleware\\originValidation.js:75:12)    
 at Layer.handleRequest (C:\\Users\\UniquePicturePrints\\Desktop\\Project\\XCoinGateway\\node_modules\\router\\lib\\layer.js:152:17)  
   at trimPrefix (C:\\Users\\UniquePicturePrints\\Desktop\\Project\\XCoinGateway\\node_modules\\router\\index.js:342:13)     at 
C:\\Users\\UniquePicturePrints\\Desktop\\Project\\XCoinGateway\\node_modules\\router\\index.js:297:9     at processParams 
(C:\\Users\\UniquePicturePrints\\Desktop\\Project\\XCoinGateway\\node_modules\\router\\index.js:582:12)     at next 
(C:\\Users\\UniquePicturePrints\\Desktop\\Project\\XCoinGateway\\node_modules\\router\\index.js:291:5)     at next 
(C:\\Users\\UniquePicturePrints\\Desktop\\Project\\XCoinGateway\\services\\api-server\\src\\middleware\\requestHardening.js:165:3)    
 at Layer.handleRequest (C:\\Users\\UniquePicturePrints\\Desktop\\Project\\XCoinGateway\\node_modules\\router\\lib\\layer.js:152:17)  
   at trimPrefix (C:\\Users\\UniquePicturePrints\\Desktop\\Project\\XCoinGateway\\node_modules\\router\\index.js:342:13)     at 
C:\\Users\\UniquePicturePrints\\Desktop\\Project\\XCoinGateway\\node_modules\\router\\index.js:297:9     at processParams 
(C:\\Users\\UniquePicturePrints\\Desktop\\Project\\XCoinGateway\\node_modules\\router\\index.js:582:12)     at next 
(C:\\Users\\UniquePicturePrints\\Desktop\\Project\\XCoinGateway\\node_modules\\router\\index.js:291:5)     at next 
(C:\\Users\\UniquePicturePrints\\Desktop\\Project\\XCoinGateway\\services\\api-server\\src\\middleware\\noSqlSanitize.js:106:3)     
at Layer.handleRequest (C:\\Users\\UniquePicturePrints\\Desktop\\Project\\XCoinGateway\\node_modules\\router\\lib\\layer.js:152:17)   
  at trimPrefix (C:\\Users\\UniquePicturePrints\\Desktop\\Project\\XCoinGateway\\node_modules\\router\\index.js:342:13)     at 
C:\\Users\\UniquePicturePrints\\Desktop\\Project\\XCoinGateway\\node_modules\\router\\index.js:297:9     at processParams 
(C:\\Users\\UniquePicturePrints\\Desktop\\Project\\XCoinGateway\\node_modules\\router\\index.js:582:12)     at next 
(C:\\Users\\UniquePicturePrints\\Desktop\\Project\\XCoinGateway\\node_modules\\router\\index.js:291:5)     at read 
(C:\\Users\\UniquePicturePrints\\Desktop\\Project\\XCoinGateway\\node_modules\\body-parser\\lib\\read.js:42:5)     at 
urlencodedParser 
(C:\\Users\\UniquePicturePrints\\Desktop\\Project\\XCoinGateway\\node_modules\\body-parser\\lib\\types\\urlencoded.js:57:5)     at 
Layer.handleRequest (C:\\Users\\UniquePicturePrints\\Desktop\\Project\\XCoinGateway\\node_modules\\router\\lib\\layer.js:152:17)     
at trimPrefix (C:\\Users\\UniquePicturePrints\\Desktop\\Project\\XCoinGateway\\node_modules\\router\\index.js:342:13)     at 
C:\\Users\\UniquePicturePrints\\Desktop\\Project\\XCoinGateway\\node_modules\\router\\index.js:297:9     at processParams 
(C:\\Users\\UniquePicturePrints\\Desktop\\Project\\XCoinGateway\\node_modules\\router\\index.js:582:12)     at next 
(C:\\Users\\UniquePicturePrints\\Desktop\\Project\\XCoinGateway\\node_modules\\router\\index.js:291:5)     at read 
(C:\\Users\\UniquePicturePrints\\Desktop\\Project\\XCoinGateway\\node_modules\\body-parser\\lib\\read.js:42:5)     at jsonParser 
(C:\\Users\\UniquePicturePrints\\Desktop\\Project\\XCoinGateway\\node_modules\\body-parser\\lib\\types\\json.js:88:5)     at 
Layer.handleRequest (C:\\Users\\UniquePicturePrints\\Desktop\\Project\\XCoinGateway\\node_modules\\router\\lib\\layer.js:152:17)     
at trimPrefix (C:\\Users\\UniquePicturePrints\\Desktop\\Project\\XCoinGateway\\node_modules\\router\\index.js:342:13)     at 
C:\\Users\\UniquePicturePrints\\Desktop\\Project\\XCoinGateway\\node_modules\\router\\index.js:297:9     at processParams 
(C:\\Users\\UniquePicturePrints\\Desktop\\Project\\XCoinGateway\\node_modules\\router\\index.js:582:12)     at next 
(C:\\Users\\UniquePicturePrints\\Desktop\\Project\\XCoinGateway\\node_modules\\router\\index.js:291:5)     at 
C:\\Users\\UniquePicturePrints\\Desktop\\Project\\XCoinGateway\\node_modules\\body-parser\\lib\\read.js:171:5     at 
AsyncResource.runInAsyncScope (node:async_hooks:206:9)     at invokeCallback 
(C:\\Users\\UniquePicturePrints\\Desktop\\Project\\XCoinGateway\\node_modules\\raw-body\\index.js:238:16)     at done 
(C:\\Users\\UniquePicturePrints\\Desktop\\Project\\XCoinGateway\\node_modules\\raw-body\\index.js:227:7)     at IncomingMessage.onEnd 
(C:\\Users\\UniquePicturePrints\\Desktop\\Project\\XCoinGateway\\node_modules\\raw-body\\index.js:287:7)     at IncomingMessage.emit 
(node:events:524:28)     at endReadableNT (node:internal/streams/readable:1698:12)     at processTicksAndRejections 
(node:internal/process/task_queues:82:21)"}
{"timestamp":"2026-04-06T07:15:35.538Z","level":"error","service":"api-server","message":"Unhandled 
error","requestId":"02c7f926-fff5-4259-be4a-25b5622ccffb","error":"Cannot read properties of undefined (reading 
'create')","stack":"TypeError: Cannot read properties of undefined (reading 'create')     at create 
(C:\\Users\\UniquePicturePrints\\Desktop\\Project\\XCoinGateway\\services\\api-server\\src\\middleware\\merchantApiAuth.js:289:21)    
 at processTicksAndRejections (node:internal/process/task_queues:95:5)"}
{"timestamp":"2026-04-06T07:15:35.540Z","level":"error","service":"api-server","message":"Unhandled 
error","requestId":"d8beecc8-a840-4896-b109-4aaee89ccd14","error":"Cannot read properties of undefined (reading 
'create')","stack":"TypeError: Cannot read properties of undefined (reading 'create')     at create 
(C:\\Users\\UniquePicturePrints\\Desktop\\Project\\XCoinGateway\\services\\api-server\\src\\middleware\\merchantApiAuth.js:289:21)    
 at Layer.handleRequest (C:\\Users\\UniquePicturePrints\\Desktop\\Project\\XCoinGateway\\node_modules\\router\\lib\\layer.js:152:17)  
   at next (C:\\Users\\UniquePicturePrints\\Desktop\\Project\\XCoinGateway\\node_modules\\router\\lib\\route.js:157:13)     at 
Route.dispatch (C:\\Users\\UniquePicturePrints\\Desktop\\Project\\XCoinGateway\\node_modules\\router\\lib\\route.js:117:3)     at 
handle (C:\\Users\\UniquePicturePrints\\Desktop\\Project\\XCoinGateway\\node_modules\\router\\index.js:435:11)     at 
Layer.handleRequest (C:\\Users\\UniquePicturePrints\\Desktop\\Project\\XCoinGateway\\node_modules\\router\\lib\\layer.js:152:17)     
at C:\\Users\\UniquePicturePrints\\Desktop\\Project\\XCoinGateway\\node_modules\\router\\index.js:295:15     at processParams 
(C:\\Users\\UniquePicturePrints\\Desktop\\Project\\XCoinGateway\\node_modules\\router\\index.js:582:12)     at next 
(C:\\Users\\UniquePicturePrints\\Desktop\\Project\\XCoinGateway\\node_modules\\router\\index.js:291:5)     at Function.handle 
(C:\\Users\\UniquePicturePrints\\Desktop\\Project\\XCoinGateway\\node_modules\\router\\index.js:186:3)     at router 
(C:\\Users\\UniquePicturePrints\\Desktop\\Project\\XCoinGateway\\node_modules\\router\\index.js:60:12)     at Layer.handleRequest 
(C:\\Users\\UniquePicturePrints\\Desktop\\Project\\XCoinGateway\\node_modules\\router\\lib\\layer.js:152:17)     at trimPrefix 
(C:\\Users\\UniquePicturePrints\\Desktop\\Project\\XCoinGateway\\node_modules\\router\\index.js:342:13)     at 
C:\\Users\\UniquePicturePrints\\Desktop\\Project\\XCoinGateway\\node_modules\\router\\index.js:297:9     at processParams 
(C:\\Users\\UniquePicturePrints\\Desktop\\Project\\XCoinGateway\\node_modules\\router\\index.js:582:12)     at next 
(C:\\Users\\UniquePicturePrints\\Desktop\\Project\\XCoinGateway\\node_modules\\router\\index.js:291:5)     at next 
(C:\\Users\\UniquePicturePrints\\Desktop\\Project\\XCoinGateway\\services\\api-server\\src\\app.js:393:3)     at Layer.handleRequest 
(C:\\Users\\UniquePicturePrints\\Desktop\\Project\\XCoinGateway\\node_modules\\router\\lib\\layer.js:152:17)     at trimPrefix 
(C:\\Users\\UniquePicturePrints\\Desktop\\Project\\XCoinGateway\\node_modules\\router\\index.js:342:13)     at 
C:\\Users\\UniquePicturePrints\\Desktop\\Project\\XCoinGateway\\node_modules\\router\\index.js:297:9     at processParams 
(C:\\Users\\UniquePicturePrints\\Desktop\\Project\\XCoinGateway\\node_modules\\router\\index.js:582:12)     at next 
(C:\\Users\\UniquePicturePrints\\Desktop\\Project\\XCoinGateway\\node_modules\\router\\index.js:291:5)     at next 
(C:\\Users\\UniquePicturePrints\\Desktop\\Project\\XCoinGateway\\packages\\common\\src\\requestContext.js:68:5)     at 
AsyncLocalStorage.run (node:async_hooks:346:14)     at run 
(C:\\Users\\UniquePicturePrints\\Desktop\\Project\\XCoinGateway\\packages\\common\\src\\requestContext.js:67:21)     at 
Layer.handleRequest (C:\\Users\\UniquePicturePrints\\Desktop\\Project\\XCoinGateway\\node_modules\\router\\lib\\layer.js:152:17)     
at trimPrefix (C:\\Users\\UniquePicturePrints\\Desktop\\Project\\XCoinGateway\\node_modules\\router\\index.js:342:13)     at 
C:\\Users\\UniquePicturePrints\\Desktop\\Project\\XCoinGateway\\node_modules\\router\\index.js:297:9     at processParams 
(C:\\Users\\UniquePicturePrints\\Desktop\\Project\\XCoinGateway\\node_modules\\router\\index.js:582:12)     at next 
(C:\\Users\\UniquePicturePrints\\Desktop\\Project\\XCoinGateway\\node_modules\\router\\index.js:291:5)     at next 
(C:\\Users\\UniquePicturePrints\\Desktop\\Project\\XCoinGateway\\services\\api-server\\src\\app.js:362:3)     at Layer.handleRequest 
(C:\\Users\\UniquePicturePrints\\Desktop\\Project\\XCoinGateway\\node_modules\\router\\lib\\layer.js:152:17)     at trimPrefix 
(C:\\Users\\UniquePicturePrints\\Desktop\\Project\\XCoinGateway\\node_modules\\router\\index.js:342:13)     at 
C:\\Users\\UniquePicturePrints\\Desktop\\Project\\XCoinGateway\\node_modules\\router\\index.js:297:9     at processParams 
(C:\\Users\\UniquePicturePrints\\Desktop\\Project\\XCoinGateway\\node_modules\\router\\index.js:582:12)     at next 
(C:\\Users\\UniquePicturePrints\\Desktop\\Project\\XCoinGateway\\node_modules\\router\\index.js:291:5)     at next 
(C:\\Users\\UniquePicturePrints\\Desktop\\Project\\XCoinGateway\\services\\api-server\\src\\app.js:333:36)     at Layer.handleRequest 
(C:\\Users\\UniquePicturePrints\\Desktop\\Project\\XCoinGateway\\node_modules\\router\\lib\\layer.js:152:17)     at trimPrefix 
(C:\\Users\\UniquePicturePrints\\Desktop\\Project\\XCoinGateway\\node_modules\\router\\index.js:342:13)     at 
C:\\Users\\UniquePicturePrints\\Desktop\\Project\\XCoinGateway\\node_modules\\router\\index.js:297:9     at processParams 
(C:\\Users\\UniquePicturePrints\\Desktop\\Project\\XCoinGateway\\node_modules\\router\\index.js:582:12)     at next 
(C:\\Users\\UniquePicturePrints\\Desktop\\Project\\XCoinGateway\\node_modules\\router\\index.js:291:5)     at next 
(C:\\Users\\UniquePicturePrints\\Desktop\\Project\\XCoinGateway\\services\\api-server\\src\\app.js:320:3)     at Layer.handleRequest 
(C:\\Users\\UniquePicturePrints\\Desktop\\Project\\XCoinGateway\\node_modules\\router\\lib\\layer.js:152:17)     at trimPrefix 
(C:\\Users\\UniquePicturePrints\\Desktop\\Project\\XCoinGateway\\node_modules\\router\\index.js:342:13)     at 
C:\\Users\\UniquePicturePrints\\Desktop\\Project\\XCoinGateway\\node_modules\\router\\index.js:297:9     at processParams 
(C:\\Users\\UniquePicturePrints\\Desktop\\Project\\XCoinGateway\\node_modules\\router\\index.js:582:12)     at next 
(C:\\Users\\UniquePicturePrints\\Desktop\\Project\\XCoinGateway\\node_modules\\router\\index.js:291:5)     at cookieParser 
(C:\\Users\\UniquePicturePrints\\Desktop\\Project\\XCoinGateway\\node_modules\\cookie-parser\\index.js:57:14)     at 
Layer.handleRequest (C:\\Users\\UniquePicturePrints\\Desktop\\Project\\XCoinGateway\\node_modules\\router\\lib\\layer.js:152:17)     
at trimPrefix (C:\\Users\\UniquePicturePrints\\Desktop\\Project\\XCoinGateway\\node_modules\\router\\index.js:342:13)     at 
C:\\Users\\UniquePicturePrints\\Desktop\\Project\\XCoinGateway\\node_modules\\router\\index.js:297:9     at processParams 
(C:\\Users\\UniquePicturePrints\\Desktop\\Project\\XCoinGateway\\node_modules\\router\\index.js:582:12)     at next 
(C:\\Users\\UniquePicturePrints\\Desktop\\Project\\XCoinGateway\\node_modules\\router\\index.js:291:5)     at hpp 
(C:\\Users\\UniquePicturePrints\\Desktop\\Project\\XCoinGateway\\node_modules\\hpp\\lib\\index.js:146:9)     at Layer.handleRequest 
(C:\\Users\\UniquePicturePrints\\Desktop\\Project\\XCoinGateway\\node_modules\\router\\lib\\layer.js:152:17)     at trimPrefix 
(C:\\Users\\UniquePicturePrints\\Desktop\\Project\\XCoinGateway\\node_modules\\router\\index.js:342:13)     at 
C:\\Users\\UniquePicturePrints\\Desktop\\Project\\XCoinGateway\\node_modules\\router\\index.js:297:9     at processParams 
(C:\\Users\\UniquePicturePrints\\Desktop\\Project\\XCoinGateway\\node_modules\\router\\index.js:582:12)     at next 
(C:\\Users\\UniquePicturePrints\\Desktop\\Project\\XCoinGateway\\node_modules\\router\\index.js:291:5)     at next 
(C:\\Users\\UniquePicturePrints\\Desktop\\Project\\XCoinGateway\\services\\api-server\\src\\middleware\\originValidation.js:75:12)    
 at Layer.handleRequest (C:\\Users\\UniquePicturePrints\\Desktop\\Project\\XCoinGateway\\node_modules\\router\\lib\\layer.js:152:17)  
   at trimPrefix (C:\\Users\\UniquePicturePrints\\Desktop\\Project\\XCoinGateway\\node_modules\\router\\index.js:342:13)     at 
C:\\Users\\UniquePicturePrints\\Desktop\\Project\\XCoinGateway\\node_modules\\router\\index.js:297:9     at processParams 
(C:\\Users\\UniquePicturePrints\\Desktop\\Project\\XCoinGateway\\node_modules\\router\\index.js:582:12)     at next 
(C:\\Users\\UniquePicturePrints\\Desktop\\Project\\XCoinGateway\\node_modules\\router\\index.js:291:5)     at next 
(C:\\Users\\UniquePicturePrints\\Desktop\\Project\\XCoinGateway\\services\\api-server\\src\\middleware\\requestHardening.js:165:3)    
 at Layer.handleRequest (C:\\Users\\UniquePicturePrints\\Desktop\\Project\\XCoinGateway\\node_modules\\router\\lib\\layer.js:152:17)  
   at trimPrefix (C:\\Users\\UniquePicturePrints\\Desktop\\Project\\XCoinGateway\\node_modules\\router\\index.js:342:13)     at 
C:\\Users\\UniquePicturePrints\\Desktop\\Project\\XCoinGateway\\node_modules\\router\\index.js:297:9     at processParams 
(C:\\Users\\UniquePicturePrints\\Desktop\\Project\\XCoinGateway\\node_modules\\router\\index.js:582:12)     at next 
(C:\\Users\\UniquePicturePrints\\Desktop\\Project\\XCoinGateway\\node_modules\\router\\index.js:291:5)     at next 
(C:\\Users\\UniquePicturePrints\\Desktop\\Project\\XCoinGateway\\services\\api-server\\src\\middleware\\noSqlSanitize.js:106:3)     
at Layer.handleRequest (C:\\Users\\UniquePicturePrints\\Desktop\\Project\\XCoinGateway\\node_modules\\router\\lib\\layer.js:152:17)   
  at trimPrefix (C:\\Users\\UniquePicturePrints\\Desktop\\Project\\XCoinGateway\\node_modules\\router\\index.js:342:13)     at 
C:\\Users\\UniquePicturePrints\\Desktop\\Project\\XCoinGateway\\node_modules\\router\\index.js:297:9     at processParams 
(C:\\Users\\UniquePicturePrints\\Desktop\\Project\\XCoinGateway\\node_modules\\router\\index.js:582:12)     at next 
(C:\\Users\\UniquePicturePrints\\Desktop\\Project\\XCoinGateway\\node_modules\\router\\index.js:291:5)     at read 
(C:\\Users\\UniquePicturePrints\\Desktop\\Project\\XCoinGateway\\node_modules\\body-parser\\lib\\read.js:42:5)     at 
urlencodedParser 
(C:\\Users\\UniquePicturePrints\\Desktop\\Project\\XCoinGateway\\node_modules\\body-parser\\lib\\types\\urlencoded.js:57:5)     at 
Layer.handleRequest (C:\\Users\\UniquePicturePrints\\Desktop\\Project\\XCoinGateway\\node_modules\\router\\lib\\layer.js:152:17)     
at trimPrefix (C:\\Users\\UniquePicturePrints\\Desktop\\Project\\XCoinGateway\\node_modules\\router\\index.js:342:13)     at 
C:\\Users\\UniquePicturePrints\\Desktop\\Project\\XCoinGateway\\node_modules\\router\\index.js:297:9     at processParams 
(C:\\Users\\UniquePicturePrints\\Desktop\\Project\\XCoinGateway\\node_modules\\router\\index.js:582:12)     at next 
(C:\\Users\\UniquePicturePrints\\Desktop\\Project\\XCoinGateway\\node_modules\\router\\index.js:291:5)     at read 
(C:\\Users\\UniquePicturePrints\\Desktop\\Project\\XCoinGateway\\node_modules\\body-parser\\lib\\read.js:42:5)     at jsonParser 
(C:\\Users\\UniquePicturePrints\\Desktop\\Project\\XCoinGateway\\node_modules\\body-parser\\lib\\types\\json.js:88:5)     at 
Layer.handleRequest (C:\\Users\\UniquePicturePrints\\Desktop\\Project\\XCoinGateway\\node_modules\\router\\lib\\layer.js:152:17)     
at trimPrefix (C:\\Users\\UniquePicturePrints\\Desktop\\Project\\XCoinGateway\\node_modules\\router\\index.js:342:13)     at 
C:\\Users\\UniquePicturePrints\\Desktop\\Project\\XCoinGateway\\node_modules\\router\\index.js:297:9     at processParams 
(C:\\Users\\UniquePicturePrints\\Desktop\\Project\\XCoinGateway\\node_modules\\router\\index.js:582:12)     at next 
(C:\\Users\\UniquePicturePrints\\Desktop\\Project\\XCoinGateway\\node_modules\\router\\index.js:291:5)     at 
C:\\Users\\UniquePicturePrints\\Desktop\\Project\\XCoinGateway\\node_modules\\body-parser\\lib\\read.js:171:5     at 
AsyncResource.runInAsyncScope (node:async_hooks:206:9)     at invokeCallback 
(C:\\Users\\UniquePicturePrints\\Desktop\\Project\\XCoinGateway\\node_modules\\raw-body\\index.js:238:16)     at done 
(C:\\Users\\UniquePicturePrints\\Desktop\\Project\\XCoinGateway\\node_modules\\raw-body\\index.js:227:7)     at IncomingMessage.onEnd 
(C:\\Users\\UniquePicturePrints\\Desktop\\Project\\XCoinGateway\\node_modules\\raw-body\\index.js:287:7)     at IncomingMessage.emit 
(node:events:524:28)     at endReadableNT (node:internal/streams/readable:1698:12)     at processTicksAndRejections 
(node:internal/process/task_queues:82:21)"}
{"timestamp":"2026-04-06T07:15:35.543Z","level":"error","service":"api-server","message":"Unhandled 
error","requestId":"826dd1d6-58cf-4a23-a71b-f773796c530c","error":"Cannot read properties of undefined (reading 
'refreshToken')","stack":"TypeError: Cannot read properties of undefined (reading 'refreshToken')     at refreshToken 
(C:\\Users\\UniquePicturePrints\\Desktop\\Project\\XCoinGateway\\services\\api-server\\src\\controllers\\authController.js:90:35)     
at processTicksAndRejections (node:internal/process/task_queues:95:5)"}
{"timestamp":"2026-04-06T07:15:35.546Z","level":"error","service":"api-server","message":"Unhandled 
error","requestId":"90a43986-ec44-42e4-b18f-2e7f4aeb4620","error":"Cannot read properties of undefined (reading 
'create')","stack":"TypeError: Cannot read properties of undefined (reading 'create')     at create 
(C:\\Users\\UniquePicturePrints\\Desktop\\Project\\XCoinGateway\\services\\api-server\\src\\middleware\\merchantApiAuth.js:289:21)    
 at processTicksAndRejections (node:internal/process/task_queues:95:5)"}
{"timestamp":"2026-04-06T07:15:35.547Z","level":"error","service":"api-server","message":"Unhandled 
error","requestId":"05acd16f-f3ad-4752-9ad5-8704aa3dc7d0","error":"Cannot read properties of undefined (reading 
'create')","stack":"TypeError: Cannot read properties of undefined (reading 'create')     at create 
(C:\\Users\\UniquePicturePrints\\Desktop\\Project\\XCoinGateway\\services\\api-server\\src\\middleware\\merchantApiAuth.js:289:21)    
 at Layer.handleRequest (C:\\Users\\UniquePicturePrints\\Desktop\\Project\\XCoinGateway\\node_modules\\router\\lib\\layer.js:152:17)  
   at next (C:\\Users\\UniquePicturePrints\\Desktop\\Project\\XCoinGateway\\node_modules\\router\\lib\\route.js:157:13)     at 
Route.dispatch (C:\\Users\\UniquePicturePrints\\Desktop\\Project\\XCoinGateway\\node_modules\\router\\lib\\route.js:117:3)     at 
handle (C:\\Users\\UniquePicturePrints\\Desktop\\Project\\XCoinGateway\\node_modules\\router\\index.js:435:11)     at 
Layer.handleRequest (C:\\Users\\UniquePicturePrints\\Desktop\\Project\\XCoinGateway\\node_modules\\router\\lib\\layer.js:152:17)     
at C:\\Users\\UniquePicturePrints\\Desktop\\Project\\XCoinGateway\\node_modules\\router\\index.js:295:15     at processParams 
(C:\\Users\\UniquePicturePrints\\Desktop\\Project\\XCoinGateway\\node_modules\\router\\index.js:582:12)     at next 
(C:\\Users\\UniquePicturePrints\\Desktop\\Project\\XCoinGateway\\node_modules\\router\\index.js:291:5)     at Function.handle 
(C:\\Users\\UniquePicturePrints\\Desktop\\Project\\XCoinGateway\\node_modules\\router\\index.js:186:3)     at router 
(C:\\Users\\UniquePicturePrints\\Desktop\\Project\\XCoinGateway\\node_modules\\router\\index.js:60:12)     at Layer.handleRequest 
(C:\\Users\\UniquePicturePrints\\Desktop\\Project\\XCoinGateway\\node_modules\\router\\lib\\layer.js:152:17)     at trimPrefix 
(C:\\Users\\UniquePicturePrints\\Desktop\\Project\\XCoinGateway\\node_modules\\router\\index.js:342:13)     at 
C:\\Users\\UniquePicturePrints\\Desktop\\Project\\XCoinGateway\\node_modules\\router\\index.js:297:9     at processParams 
(C:\\Users\\UniquePicturePrints\\Desktop\\Project\\XCoinGateway\\node_modules\\router\\index.js:582:12)     at next 
(C:\\Users\\UniquePicturePrints\\Desktop\\Project\\XCoinGateway\\node_modules\\router\\index.js:291:5)     at next 
(C:\\Users\\UniquePicturePrints\\Desktop\\Project\\XCoinGateway\\services\\api-server\\src\\app.js:393:3)     at Layer.handleRequest 
(C:\\Users\\UniquePicturePrints\\Desktop\\Project\\XCoinGateway\\node_modules\\router\\lib\\layer.js:152:17)     at trimPrefix 
(C:\\Users\\UniquePicturePrints\\Desktop\\Project\\XCoinGateway\\node_modules\\router\\index.js:342:13)     at 
C:\\Users\\UniquePicturePrints\\Desktop\\Project\\XCoinGateway\\node_modules\\router\\index.js:297:9     at processParams 
(C:\\Users\\UniquePicturePrints\\Desktop\\Project\\XCoinGateway\\node_modules\\router\\index.js:582:12)     at next 
(C:\\Users\\UniquePicturePrints\\Desktop\\Project\\XCoinGateway\\node_modules\\router\\index.js:291:5)     at next 
(C:\\Users\\UniquePicturePrints\\Desktop\\Project\\XCoinGateway\\packages\\common\\src\\requestContext.js:68:5)     at 
AsyncLocalStorage.run (node:async_hooks:346:14)     at run 
(C:\\Users\\UniquePicturePrints\\Desktop\\Project\\XCoinGateway\\packages\\common\\src\\requestContext.js:67:21)     at 
Layer.handleRequest (C:\\Users\\UniquePicturePrints\\Desktop\\Project\\XCoinGateway\\node_modules\\router\\lib\\layer.js:152:17)     
at trimPrefix (C:\\Users\\UniquePicturePrints\\Desktop\\Project\\XCoinGateway\\node_modules\\router\\index.js:342:13)     at 
C:\\Users\\UniquePicturePrints\\Desktop\\Project\\XCoinGateway\\node_modules\\router\\index.js:297:9     at processParams 
(C:\\Users\\UniquePicturePrints\\Desktop\\Project\\XCoinGateway\\node_modules\\router\\index.js:582:12)     at next 
(C:\\Users\\UniquePicturePrints\\Desktop\\Project\\XCoinGateway\\node_modules\\router\\index.js:291:5)     at next 
(C:\\Users\\UniquePicturePrints\\Desktop\\Project\\XCoinGateway\\services\\api-server\\src\\app.js:362:3)     at Layer.handleRequest 
(C:\\Users\\UniquePicturePrints\\Desktop\\Project\\XCoinGateway\\node_modules\\router\\lib\\layer.js:152:17)     at trimPrefix 
(C:\\Users\\UniquePicturePrints\\Desktop\\Project\\XCoinGateway\\node_modules\\router\\index.js:342:13)     at 
C:\\Users\\UniquePicturePrints\\Desktop\\Project\\XCoinGateway\\node_modules\\router\\index.js:297:9     at processParams 
(C:\\Users\\UniquePicturePrints\\Desktop\\Project\\XCoinGateway\\node_modules\\router\\index.js:582:12)     at next 
(C:\\Users\\UniquePicturePrints\\Desktop\\Project\\XCoinGateway\\node_modules\\router\\index.js:291:5)     at next 
(C:\\Users\\UniquePicturePrints\\Desktop\\Project\\XCoinGateway\\services\\api-server\\src\\app.js:346:3)     at Layer.handleRequest 
(C:\\Users\\UniquePicturePrints\\Desktop\\Project\\XCoinGateway\\node_modules\\router\\lib\\layer.js:152:17)     at trimPrefix 
(C:\\Users\\UniquePicturePrints\\Desktop\\Project\\XCoinGateway\\node_modules\\router\\index.js:342:13)     at 
C:\\Users\\UniquePicturePrints\\Desktop\\Project\\XCoinGateway\\node_modules\\router\\index.js:297:9     at processParams 
(C:\\Users\\UniquePicturePrints\\Desktop\\Project\\XCoinGateway\\node_modules\\router\\index.js:582:12)     at next 
(C:\\Users\\UniquePicturePrints\\Desktop\\Project\\XCoinGateway\\node_modules\\router\\index.js:291:5)     at next 
(C:\\Users\\UniquePicturePrints\\Desktop\\Project\\XCoinGateway\\services\\api-server\\src\\app.js:320:3)     at Layer.handleRequest 
(C:\\Users\\UniquePicturePrints\\Desktop\\Project\\XCoinGateway\\node_modules\\router\\lib\\layer.js:152:17)     at trimPrefix 
(C:\\Users\\UniquePicturePrints\\Desktop\\Project\\XCoinGateway\\node_modules\\router\\index.js:342:13)     at 
C:\\Users\\UniquePicturePrints\\Desktop\\Project\\XCoinGateway\\node_modules\\router\\index.js:297:9     at processParams 
(C:\\Users\\UniquePicturePrints\\Desktop\\Project\\XCoinGateway\\node_modules\\router\\index.js:582:12)     at next 
(C:\\Users\\UniquePicturePrints\\Desktop\\Project\\XCoinGateway\\node_modules\\router\\index.js:291:5)     at cookieParser 
(C:\\Users\\UniquePicturePrints\\Desktop\\Project\\XCoinGateway\\node_modules\\cookie-parser\\index.js:57:14)     at 
Layer.handleRequest (C:\\Users\\UniquePicturePrints\\Desktop\\Project\\XCoinGateway\\node_modules\\router\\lib\\layer.js:152:17)     
at trimPrefix (C:\\Users\\UniquePicturePrints\\Desktop\\Project\\XCoinGateway\\node_modules\\router\\index.js:342:13)     at 
C:\\Users\\UniquePicturePrints\\Desktop\\Project\\XCoinGateway\\node_modules\\router\\index.js:297:9     at processParams 
(C:\\Users\\UniquePicturePrints\\Desktop\\Project\\XCoinGateway\\node_modules\\router\\index.js:582:12)     at next 
(C:\\Users\\UniquePicturePrints\\Desktop\\Project\\XCoinGateway\\node_modules\\router\\index.js:291:5)     at hpp 
(C:\\Users\\UniquePicturePrints\\Desktop\\Project\\XCoinGateway\\node_modules\\hpp\\lib\\index.js:146:9)     at Layer.handleRequest 
(C:\\Users\\UniquePicturePrints\\Desktop\\Project\\XCoinGateway\\node_modules\\router\\lib\\layer.js:152:17)     at trimPrefix 
(C:\\Users\\UniquePicturePrints\\Desktop\\Project\\XCoinGateway\\node_modules\\router\\index.js:342:13)     at 
C:\\Users\\UniquePicturePrints\\Desktop\\Project\\XCoinGateway\\node_modules\\router\\index.js:297:9     at processParams 
(C:\\Users\\UniquePicturePrints\\Desktop\\Project\\XCoinGateway\\node_modules\\router\\index.js:582:12)     at next 
(C:\\Users\\UniquePicturePrints\\Desktop\\Project\\XCoinGateway\\node_modules\\router\\index.js:291:5)     at next 
(C:\\Users\\UniquePicturePrints\\Desktop\\Project\\XCoinGateway\\services\\api-server\\src\\middleware\\originValidation.js:53:44)    
 at Layer.handleRequest (C:\\Users\\UniquePicturePrints\\Desktop\\Project\\XCoinGateway\\node_modules\\router\\lib\\layer.js:152:17)  
   at trimPrefix (C:\\Users\\UniquePicturePrints\\Desktop\\Project\\XCoinGateway\\node_modules\\router\\index.js:342:13)     at 
C:\\Users\\UniquePicturePrints\\Desktop\\Project\\XCoinGateway\\node_modules\\router\\index.js:297:9     at processParams 
(C:\\Users\\UniquePicturePrints\\Desktop\\Project\\XCoinGateway\\node_modules\\router\\index.js:582:12)     at next 
(C:\\Users\\UniquePicturePrints\\Desktop\\Project\\XCoinGateway\\node_modules\\router\\index.js:291:5)     at next 
(C:\\Users\\UniquePicturePrints\\Desktop\\Project\\XCoinGateway\\services\\api-server\\src\\middleware\\requestHardening.js:165:3)    
 at Layer.handleRequest (C:\\Users\\UniquePicturePrints\\Desktop\\Project\\XCoinGateway\\node_modules\\router\\lib\\layer.js:152:17)  
   at trimPrefix (C:\\Users\\UniquePicturePrints\\Desktop\\Project\\XCoinGateway\\node_modules\\router\\index.js:342:13)     at 
C:\\Users\\UniquePicturePrints\\Desktop\\Project\\XCoinGateway\\node_modules\\router\\index.js:297:9     at processParams 
(C:\\Users\\UniquePicturePrints\\Desktop\\Project\\XCoinGateway\\node_modules\\router\\index.js:582:12)     at next 
(C:\\Users\\UniquePicturePrints\\Desktop\\Project\\XCoinGateway\\node_modules\\router\\index.js:291:5)     at next 
(C:\\Users\\UniquePicturePrints\\Desktop\\Project\\XCoinGateway\\services\\api-server\\src\\middleware\\noSqlSanitize.js:106:3)     
at Layer.handleRequest (C:\\Users\\UniquePicturePrints\\Desktop\\Project\\XCoinGateway\\node_modules\\router\\lib\\layer.js:152:17)   
  at trimPrefix (C:\\Users\\UniquePicturePrints\\Desktop\\Project\\XCoinGateway\\node_modules\\router\\index.js:342:13)     at 
C:\\Users\\UniquePicturePrints\\Desktop\\Project\\XCoinGateway\\node_modules\\router\\index.js:297:9     at processParams 
(C:\\Users\\UniquePicturePrints\\Desktop\\Project\\XCoinGateway\\node_modules\\router\\index.js:582:12)     at next 
(C:\\Users\\UniquePicturePrints\\Desktop\\Project\\XCoinGateway\\node_modules\\router\\index.js:291:5)     at read 
(C:\\Users\\UniquePicturePrints\\Desktop\\Project\\XCoinGateway\\node_modules\\body-parser\\lib\\read.js:53:5)     at 
urlencodedParser 
(C:\\Users\\UniquePicturePrints\\Desktop\\Project\\XCoinGateway\\node_modules\\body-parser\\lib\\types\\urlencoded.js:57:5)     at 
Layer.handleRequest (C:\\Users\\UniquePicturePrints\\Desktop\\Project\\XCoinGateway\\node_modules\\router\\lib\\layer.js:152:17)     
at trimPrefix (C:\\Users\\UniquePicturePrints\\Desktop\\Project\\XCoinGateway\\node_modules\\router\\index.js:342:13)     at 
C:\\Users\\UniquePicturePrints\\Desktop\\Project\\XCoinGateway\\node_modules\\router\\index.js:297:9     at processParams 
(C:\\Users\\UniquePicturePrints\\Desktop\\Project\\XCoinGateway\\node_modules\\router\\index.js:582:12)     at next 
(C:\\Users\\UniquePicturePrints\\Desktop\\Project\\XCoinGateway\\node_modules\\router\\index.js:291:5)     at read 
(C:\\Users\\UniquePicturePrints\\Desktop\\Project\\XCoinGateway\\node_modules\\body-parser\\lib\\read.js:53:5)     at jsonParser 
(C:\\Users\\UniquePicturePrints\\Desktop\\Project\\XCoinGateway\\node_modules\\body-parser\\lib\\types\\json.js:88:5)     at 
Layer.handleRequest (C:\\Users\\UniquePicturePrints\\Desktop\\Project\\XCoinGateway\\node_modules\\router\\lib\\layer.js:152:17)     
at trimPrefix (C:\\Users\\UniquePicturePrints\\Desktop\\Project\\XCoinGateway\\node_modules\\router\\index.js:342:13)     at 
C:\\Users\\UniquePicturePrints\\Desktop\\Project\\XCoinGateway\\node_modules\\router\\index.js:297:9     at processParams 
(C:\\Users\\UniquePicturePrints\\Desktop\\Project\\XCoinGateway\\node_modules\\router\\index.js:582:12)     at next 
(C:\\Users\\UniquePicturePrints\\Desktop\\Project\\XCoinGateway\\node_modules\\router\\index.js:291:5)     at read 
(C:\\Users\\UniquePicturePrints\\Desktop\\Project\\XCoinGateway\\node_modules\\body-parser\\lib\\read.js:53:5)     at jsonParser 
(C:\\Users\\UniquePicturePrints\\Desktop\\Project\\XCoinGateway\\node_modules\\body-parser\\lib\\types\\json.js:88:5)     at 
Layer.handleRequest (C:\\Users\\UniquePicturePrints\\Desktop\\Project\\XCoinGateway\\node_modules\\router\\lib\\layer.js:152:17)     
at trimPrefix (C:\\Users\\UniquePicturePrints\\Desktop\\Project\\XCoinGateway\\node_modules\\router\\index.js:342:13)     at 
C:\\Users\\UniquePicturePrints\\Desktop\\Project\\XCoinGateway\\node_modules\\router\\index.js:297:9     at processParams 
(C:\\Users\\UniquePicturePrints\\Desktop\\Project\\XCoinGateway\\node_modules\\router\\index.js:582:12)     at next 
(C:\\Users\\UniquePicturePrints\\Desktop\\Project\\XCoinGateway\\node_modules\\router\\index.js:291:5)     at next 
(C:\\Users\\UniquePicturePrints\\Desktop\\Project\\XCoinGateway\\services\\api-server\\src\\app.js:261:3)"}
{"timestamp":"2026-04-06T07:15:35.553Z","level":"error","service":"api-server","message":"Unhandled 
error","requestId":"a85be7c9-1f70-4675-8555-f20b2ef219c1","error":"Cannot read properties of undefined (reading 
'create')","stack":"TypeError: Cannot read properties of undefined (reading 'create')     at create 
(C:\\Users\\UniquePicturePrints\\Desktop\\Project\\XCoinGateway\\services\\api-server\\src\\middleware\\merchantApiAuth.js:289:21)    
 at processTicksAndRejections (node:internal/process/task_queues:95:5)"}
{"timestamp":"2026-04-06T07:15:35.559Z","level":"error","service":"api-server","message":"Unhandled 
error","requestId":"c12f1eb4-a1d6-489f-bd80-9a987f0aa72d","error":"Cannot read properties of undefined (reading 
'create')","stack":"TypeError: Cannot read properties of undefined (reading 'create')     at create 
(C:\\Users\\UniquePicturePrints\\Desktop\\Project\\XCoinGateway\\services\\api-server\\src\\middleware\\merchantApiAuth.js:289:21)    
 at processTicksAndRejections (node:internal/process/task_queues:95:5)"}
PASS services/api-server/tests/input_validation.test.js
  ΓùÅ Console

    console.log
      Γùç injecting env (34) from .env.local // tip: Γîÿ multiple files { path: ['.env.local', '.env'] }

      at _log (node_modules/dotenv/lib/main.js:131:11)

    console.log
      Γùç injecting env (0) from .env.local // tip: Γùê encrypted .env [www.dotenvx.com]

      at _log (node_modules/dotenv/lib/main.js:131:11)

    console.log
      Γùç injecting env (0) from .env.local // tip: Γîÿ enable debugging { debug: true }

      at _log (node_modules/dotenv/lib/main.js:131:11)

    console.error
      ValidationError: Custom keyGenerator appears to use request IP without calling the ipKeyGenerator helper function for IPv6 
addresses. This could allow IPv6 users to bypass limits. See https://express-rate-limit.github.io/ERR_ERL_KEY_GEN_IPV6/ for more 
information.
          at Object.keyGeneratorIpFallback 
(C:\Users\UniquePicturePrints\Desktop\Project\XCoinGateway\node_modules\express-rate-limit\dist\index.cjs:642:13)
          at Object.wrappedValidations.<computed> [as keyGeneratorIpFallback] 
(C:\Users\UniquePicturePrints\Desktop\Project\XCoinGateway\node_modules\express-rate-limit\dist\index.cjs:685:22)
          at parseOptions 
(C:\Users\UniquePicturePrints\Desktop\Project\XCoinGateway\node_modules\express-rate-limit\dist\index.cjs:755:16)
          at rateLimit 
(C:\Users\UniquePicturePrints\Desktop\Project\XCoinGateway\node_modules\express-rate-limit\dist\index.cjs:836:18)
          at Object.rateLimit 
(C:\Users\UniquePicturePrints\Desktop\Project\XCoinGateway\services\api-server\src\routes\merchantPortal.js:114:28)
          at Runtime._execModule 
(C:\Users\UniquePicturePrints\Desktop\Project\XCoinGateway\node_modules\jest-runtime\build\index.js:1264:24)
          at Runtime._loadModule 
(C:\Users\UniquePicturePrints\Desktop\Project\XCoinGateway\node_modules\jest-runtime\build\index.js:940:12)
          at Runtime.requireModule 
(C:\Users\UniquePicturePrints\Desktop\Project\XCoinGateway\node_modules\jest-runtime\build\index.js:828:12)
          at Runtime.requireModuleOrMock 
(C:\Users\UniquePicturePrints\Desktop\Project\XCoinGateway\node_modules\jest-runtime\build\index.js:960:21)
          at Object.require (C:\Users\UniquePicturePrints\Desktop\Project\XCoinGateway\services\api-server\src\app.js:75:32)
          at Runtime._execModule 
(C:\Users\UniquePicturePrints\Desktop\Project\XCoinGateway\node_modules\jest-runtime\build\index.js:1264:24)
          at Runtime._loadModule 
(C:\Users\UniquePicturePrints\Desktop\Project\XCoinGateway\node_modules\jest-runtime\build\index.js:940:12)
          at Runtime.requireModule 
(C:\Users\UniquePicturePrints\Desktop\Project\XCoinGateway\node_modules\jest-runtime\build\index.js:828:12)
          at Runtime.requireModuleOrMock 
(C:\Users\UniquePicturePrints\Desktop\Project\XCoinGateway\node_modules\jest-runtime\build\index.js:960:21)
          at Object.require 
(C:\Users\UniquePicturePrints\Desktop\Project\XCoinGateway\services\api-server\tests\input_validation.test.js:58:17)
          at Runtime._execModule 
(C:\Users\UniquePicturePrints\Desktop\Project\XCoinGateway\node_modules\jest-runtime\build\index.js:1264:24)
          at Runtime._loadModule 
(C:\Users\UniquePicturePrints\Desktop\Project\XCoinGateway\node_modules\jest-runtime\build\index.js:940:12)
          at Runtime.requireModule 
(C:\Users\UniquePicturePrints\Desktop\Project\XCoinGateway\node_modules\jest-runtime\build\index.js:828:12)
          at jestAdapter (C:\Users\UniquePicturePrints\Desktop\Project\XCoinGateway\node_modules\jest-circus\build\runner.js:95:13)
          at processTicksAndRejections (node:internal/process/task_queues:95:5)
          at runTestInternal 
(C:\Users\UniquePicturePrints\Desktop\Project\XCoinGateway\node_modules\jest-runner\build\testWorker.js:275:16)
          at runTest (C:\Users\UniquePicturePrints\Desktop\Project\XCoinGateway\node_modules\jest-runner\build\testWorker.js:343:7)
          at Object.worker 
(C:\Users\UniquePicturePrints\Desktop\Project\XCoinGateway\node_modules\jest-runner\build\testWorker.js:497:12) {
        code: 'ERR_ERL_KEY_GEN_IPV6',
{"timestamp":"2026-04-06T07:15:35.471Z","level":"warn","service":"security","message":"NoSQL injection attempt blocked","requestId":"N/A","ip":"::ffff:127.0.0.1","method":"POST","path":"/api/v1/auth/login"}
{"timestamp":"2026-04-06T07:15:35.470Z","level":"warn","service":"security","message":"NoSQL injection attempt blocked","requestId":"N/A","ip":"::ffff:127.0.0.1","method":"POST","path":"/api/v1/auth/login"}
{"timestamp":"2026-04-06T07:15:35.471Z","level":"warn","service":"api-server","message":"Validation failed","requestId":"91275910-201c-48c7-ae8b-af152266031d","code":"VALIDATION_FAILED","statusCode":400}
{"timestamp":"2026-04-06T07:15:35.471Z","level":"warn","service":"api-server","message":"Validation failed","requestId":"200a965c-a798-4636-96e4-e6d074eab45b","code":"VALIDATION_FAILED","statusCode":400}
{"timestamp":"2026-04-06T07:15:35.472Z","level":"warn","service":"api-server","message":"HTTP","requestId":"91275910-201c-48c7-ae8b-af152266031d","method":"POST","path":"/api/v1/auth/login","status":400,"ms":1,"ip":"::ffff:127.0.0.1"}
{"timestamp":"2026-04-06T07:15:35.472Z","level":"warn","service":"api-server","message":"HTTP","requestId":"200a965c-a798-4636-96e4-e6d074eab45b","method":"POST","path":"/api/v1/auth/login","status":400,"ms":1,"ip":"::ffff:127.0.0.1"}
{"timestamp":"2026-04-06T07:15:35.474Z","level":"info","service":"api-server","message":"HTTP","requestId":"d49ebf68-57dd-42f4-9084-baa47787bd56","method":"POST","path":"/login","status":200,"ms":1,"ip":"::ffff:127.0.0.1"}
{"timestamp":"2026-04-06T07:15:35.474Z","level":"warn","service":"api-server","message":"HTTP","requestId":"eed24c05-bb05-4982-99a1-a64a299b6614","method":"POST","path":"/api/v1/payments","status":500,"ms":3,"ip":"::ffff:127.0.0.1"}
{"timestamp":"2026-04-06T07:15:35.477Z","level":"warn","service":"api-server","message":"Invoice not found","requestId":"67bf4ff8-9489-4eb5-8a14-2855dbcfd442","code":"NOT_FOUND","statusCode":404}
{"timestamp":"2026-04-06T07:15:35.478Z","level":"warn","service":"api-server","message":"HTTP","requestId":"67bf4ff8-9489-4eb5-8a14-2855dbcfd442","method":"GET","path":"/api/v1/pay/NOT_VALID_OBJECT_ID","status":404,"ms":2,"ip":"::ffff:127.0.0.1"}
{"timestamp":"2026-04-06T07:15:35.479Z","level":"warn","service":"api-server","message":"HTTP","requestId":"fbbb2669-4ae0-48fc-98a9-12245b326268","method":"POST","path":"/api/v1/payments","status":500,"ms":4,"ip":"::ffff:127.0.0.1"}
{"timestamp":"2026-04-06T07:15:35.480Z","level":"warn","service":"api-server","message":"Invalid credentials","requestId":"56af9871-7dcb-49d7-b3b6-38b589991946","code":"AUTH_INVALID_CREDENTIALS","statusCode":401}
{"timestamp":"2026-04-06T07:15:35.481Z","level":"warn","service":"api-server","message":"HTTP","requestId":"56af9871-7dcb-49d7-b3b6-38b589991946","method":"POST","path":"/api/v1/auth/login","status":401,"ms":1,"ip":"::ffff:127.0.0.1"}
{"timestamp":"2026-04-06T07:15:35.483Z","level":"warn","service":"api-server","message":"Invoice not found","requestId":"0bbed31a-ab68-4274-99fb-cfeca2bf33a6","code":"NOT_FOUND","statusCode":404}
{"timestamp":"2026-04-06T07:15:35.484Z","level":"warn","service":"api-server","message":"HTTP","requestId":"0bbed31a-ab68-4274-99fb-cfeca2bf33a6","method":"GET","path":"/api/v1/pay/507f1f77bcf86cd799439011;%20DROP%20TABLE%20invoices;","status":404,"ms":2,"ip":"::ffff:127.0.0.1"}
{"timestamp":"2026-04-06T07:15:35.486Z","level":"warn","service":"api-server","message":"HTTP","requestId":"472aec51-81a9-4dd4-a564-818fad46c38d","method":"POST","path":"/api/v1/payments","status":500,"ms":4,"ip":"::ffff:127.0.0.1"}
{"timestamp":"2026-04-06T07:15:35.487Z","level":"warn","service":"api-server","message":"HTTP","requestId":"477279e0-6c7c-45a8-942f-ef38ccbb8b68","method":"GET","path":"/api/v1/nonexistent-route-xyz","status":404,"ms":1,"ip":"::ffff:127.0.0.1"}
{"timestamp":"2026-04-06T07:15:35.489Z","level":"warn","service":"api-server","message":"Invoice not found","requestId":"82d956c8-2029-4140-9869-7a7e83efef0f","code":"NOT_FOUND","statusCode":404}
{"timestamp":"2026-04-06T07:15:35.490Z","level":"warn","service":"api-server","message":"HTTP","requestId":"82d956c8-2029-4140-9869-7a7e83efef0f","method":"GET","path":"/api/v1/pay/507f1f77bcf86cd799439011","status":404,"ms":1,"ip":"::ffff:127.0.0.1"}
{"timestamp":"2026-04-06T07:15:35.490Z","level":"warn","service":"api-server","message":"HTTP","requestId":"300dcd8b-c845-4fa0-99c7-90ad5bf53749","method":"POST","path":"/api/v1/payments","status":500,"ms":3,"ip":"::ffff:127.0.0.1"}
{"timestamp":"2026-04-06T07:15:35.492Z","level":"info","service":"api-server","message":"HTTP","requestId":"f4e2597a-08a3-487e-b93d-923fbb3b6379","method":"GET","path":"/me","status":200,"ms":3,"ip":"::ffff:127.0.0.1"}
{"timestamp":"2026-04-06T07:15:35.492Z","level":"warn","service":"api-server","message":"HTTP","requestId":"3b01dc86-b370-4091-9b2e-ac5254579404","method":"GET","path":"/api/v1/does-not-exist","status":404,"ms":0,"ip":"::ffff:127.0.0.1"}
{"timestamp":"2026-04-06T07:15:35.497Z","level":"warn","service":"api-server","message":"HTTP","requestId":"192cf743-c334-42ac-81fb-3ee931525400","method":"POST","path":"/api/v1/payments","status":500,"ms":4,"ip":"::ffff:127.0.0.1"}
{"timestamp":"2026-04-06T07:15:35.499Z","level":"warn","service":"merchant-auth","message":"Nonce replay attack detected (db)","keyId":"keyId_test_001","ip":"::ffff:127.0.0.1"}
{"timestamp":"2026-04-06T07:15:35.500Z","level":"warn","service":"api-server","message":"Invalid access token","requestId":"8f810dd9-25a3-48a1-b38c-7368d0f9319d","code":"AUTH_TOKEN_INVALID","statusCode":401}
{"timestamp":"2026-04-06T07:15:35.500Z","level":"warn","service":"api-server","message":"HTTP","requestId":"8f810dd9-25a3-48a1-b38c-7368d0f9319d","method":"GET","path":"/api/v1/auth/me","status":401,"ms":2,"ip":"::ffff:127.0.0.1"}
{"timestamp":"2026-04-06T07:15:35.500Z","level":"warn","service":"api-server","message":"HTTP","requestId":"748082d3-a802-447c-93f6-6a690f2fa8f1","method":"POST","path":"/api/v1/payments","status":500,"ms":2,"ip":"::ffff:127.0.0.1"}
{"timestamp":"2026-04-06T07:15:35.506Z","level":"warn","service":"api-server","message":"HTTP","requestId":"f8ff56fa-367c-4152-832a-7ad796c552f7","method":"GET","path":"/api/v1/does-not-exist","status":404,"ms":0,"ip":"::ffff:127.0.0.1"}
{"timestamp":"2026-04-06T07:15:35.507Z","level":"warn","service":"api-server","message":"Invalid access token","requestId":"1c500388-c514-450b-9579-4ca902878c79","code":"AUTH_TOKEN_INVALID","statusCode":401}
{"timestamp":"2026-04-06T07:15:35.507Z","level":"warn","service":"api-server","message":"HTTP","requestId":"f201cc97-7fb4-4608-900e-5f6905f2ed1f","method":"GET","path":"/api/v1/portal/invoices","status":404,"ms":0,"ip":"::ffff:127.0.0.1"}
{"timestamp":"2026-04-06T07:15:35.508Z","level":"warn","service":"api-server","message":"HTTP","requestId":"1c500388-c514-450b-9579-4ca902878c79","method":"GET","path":"/api/v1/auth/me","status":401,"ms":2,"ip":"::ffff:127.0.0.1"}
{"timestamp":"2026-04-06T07:15:35.510Z","level":"warn","service":"api-server","message":"HTTP","requestId":"842b8a39-9db1-46c8-8b46-199107c9a6b3","method":"POST","path":"/api/v1/payments","status":500,"ms":4,"ip":"::ffff:127.0.0.1"}
{"timestamp":"2026-04-06T07:15:35.512Z","level":"warn","service":"api-server","message":"HTTP","requestId":"10e18110-71da-4801-8ac5-f194bbe45c1a","method":"POST","path":"/api/v1/payments","status":500,"ms":3,"ip":"::ffff:127.0.0.1"}
{"timestamp":"2026-04-06T07:15:35.514Z","level":"warn","service":"api-server","message":"Invalid access token","requestId":"cfff51e1-312a-432d-839b-3df60e259c74","code":"AUTH_TOKEN_INVALID","statusCode":401}
{"timestamp":"2026-04-06T07:15:35.514Z","level":"warn","service":"api-server","message":"HTTP","requestId":"cfff51e1-312a-432d-839b-3df60e259c74","method":"GET","path":"/api/v1/auth/me","status":401,"ms":1,"ip":"::ffff:127.0.0.1"}
{"timestamp":"2026-04-06T07:15:35.514Z","level":"warn","service":"api-server","message":"Access token required","requestId":"b153bdb6-ca06-422c-86e0-edef7627b16f","code":"AUTH_TOKEN_MISSING","statusCode":401}
{"timestamp":"2026-04-06T07:15:35.515Z","level":"warn","service":"api-server","message":"HTTP","requestId":"b153bdb6-ca06-422c-86e0-edef7627b16f","method":"GET","path":"/api/v1/auth/me","status":401,"ms":2,"ip":"::ffff:127.0.0.1"}
{"timestamp":"2026-04-06T07:15:35.519Z","level":"warn","service":"api-server","message":"Validation failed","requestId":"1fa00465-cfa1-4166-91b4-a55371fce73d","code":"VALIDATION_FAILED","statusCode":400}
{"timestamp":"2026-04-06T07:15:35.519Z","level":"warn","service":"api-server","message":"HTTP","requestId":"1fa00465-cfa1-4166-91b4-a55371fce73d","method":"POST","path":"/api/v1/auth/register","status":400,"ms":1,"ip":"::ffff:127.0.0.1"}
{"timestamp":"2026-04-06T07:15:35.520Z","level":"warn","service":"api-server","message":"HTTP","requestId":"29a44331-741c-4240-80a4-006d6776ba3e","method":"POST","path":"/api/v1/payments","status":500,"ms":2,"ip":"::ffff:127.0.0.1"}
{"timestamp":"2026-04-06T07:15:35.521Z","level":"warn","service":"api-server","message":"Invalid access token","requestId":"2e2ef503-975d-493a-ab0d-94a5d74e43a7","code":"AUTH_TOKEN_INVALID","statusCode":401}
{"timestamp":"2026-04-06T07:15:35.521Z","level":"warn","service":"api-server","message":"HTTP","requestId":"2e2ef503-975d-493a-ab0d-94a5d74e43a7","method":"GET","path":"/api/v1/auth/me","status":401,"ms":2,"ip":"::ffff:127.0.0.1"}
{"timestamp":"2026-04-06T07:15:35.522Z","level":"warn","service":"api-server","message":"Invalid access token","requestId":"f82fad64-bba5-493d-af65-99641cee2de8","code":"AUTH_TOKEN_INVALID","statusCode":401}
{"timestamp":"2026-04-06T07:15:35.523Z","level":"warn","service":"api-server","message":"HTTP","requestId":"f82fad64-bba5-493d-af65-99641cee2de8","method":"GET","path":"/api/v1/auth/me","status":401,"ms":2,"ip":"::ffff:127.0.0.1"}
{"timestamp":"2026-04-06T07:15:35.523Z","level":"warn","service":"api-server","message":"HTTP","requestId":"abaeec55-737b-46bf-9dde-d0339daad34d","method":"POST","path":"/api/v1/withdrawals","status":500,"ms":3,"ip":"::ffff:127.0.0.1"}
{"timestamp":"2026-04-06T07:15:35.525Z","level":"warn","service":"api-server","message":"Validation failed","requestId":"ed1ce0d1-224a-405f-a159-695579796445","code":"VALIDATION_FAILED","statusCode":400}
{"timestamp":"2026-04-06T07:15:35.525Z","level":"warn","service":"api-server","message":"HTTP","requestId":"ed1ce0d1-224a-405f-a159-695579796445","method":"POST","path":"/api/v1/auth/register","status":400,"ms":1,"ip":"::ffff:127.0.0.1"}
{"timestamp":"2026-04-06T07:15:35.526Z","level":"warn","service":"api-server","message":"Access token required","requestId":"5139f081-b54b-4ed5-8228-3d079b2afd67","code":"AUTH_TOKEN_MISSING","statusCode":401}
{"timestamp":"2026-04-06T07:15:35.527Z","level":"warn","service":"api-server","message":"HTTP","requestId":"5139f081-b54b-4ed5-8228-3d079b2afd67","method":"GET","path":"/api/v1/auth/me","status":401,"ms":1,"ip":"::ffff:127.0.0.1"}
{"timestamp":"2026-04-06T07:15:35.528Z","level":"warn","service":"api-server","message":"Access token required","requestId":"4276a43c-7372-4e1e-a6ba-fe98bdc9ec23","code":"AUTH_TOKEN_MISSING","statusCode":401}
{"timestamp":"2026-04-06T07:15:35.529Z","level":"warn","service":"api-server","message":"HTTP","requestId":"4276a43c-7372-4e1e-a6ba-fe98bdc9ec23","method":"POST","path":"/api/v1/auth/logout","status":401,"ms":1,"ip":"::ffff:127.0.0.1"}
{"timestamp":"2026-04-06T07:15:35.530Z","level":"warn","service":"api-server","message":"HTTP","requestId":"4c5f7f30-f1e8-47e7-baac-57e68f4f6856","method":"GET","path":"/api/v1/nonexistent","status":404,"ms":1,"ip":"::ffff:127.0.0.1"}
{"timestamp":"2026-04-06T07:15:35.530Z","level":"warn","service":"api-server","message":"HTTP","requestId":"65d4008b-6d0b-4230-a91d-a53453cb12a0","method":"POST","path":"/api/v1/payments","status":500,"ms":2,"ip":"::ffff:127.0.0.1"}
{"timestamp":"2026-04-06T07:15:35.532Z","level":"warn","service":"api-server","message":"HTTP","requestId":"dc5e814a-73f1-4bea-ab0f-a3c4741a9db5","method":"POST","path":"/api/v1/withdrawals","status":500,"ms":3,"ip":"::ffff:127.0.0.1"}
{"timestamp":"2026-04-06T07:15:35.533Z","level":"warn","service":"api-server","message":"Access token required","requestId":"dc60ba65-6e77-4c5e-ac2b-0336551d37dd","code":"AUTH_TOKEN_MISSING","statusCode":401}
{"timestamp":"2026-04-06T07:15:35.534Z","level":"warn","service":"api-server","message":"HTTP","requestId":"dc60ba65-6e77-4c5e-ac2b-0336551d37dd","method":"GET","path":"/api/v1/auth/me","status":401,"ms":1,"ip":"::ffff:127.0.0.1"}
{"timestamp":"2026-04-06T07:15:35.535Z","level":"warn","service":"api-server","message":"HTTP","requestId":"86b07120-e5e0-4c40-a0e2-edc899c0427f","method":"GET","path":"/api/v1/does-not-exist","status":404,"ms":1,"ip":"::ffff:127.0.0.1"}
{"timestamp":"2026-04-06T07:15:35.534Z","level":"warn","service":"api-server","message":"Invalid access token","requestId":"616a252c-d816-4521-a42b-22201ca50507","code":"AUTH_TOKEN_INVALID","statusCode":401}
{"timestamp":"2026-04-06T07:15:35.535Z","level":"warn","service":"api-server","message":"HTTP","requestId":"616a252c-d816-4521-a42b-22201ca50507","method":"GET","path":"/api/v1/auth/me","status":401,"ms":2,"ip":"::ffff:127.0.0.1"}
{"timestamp":"2026-04-06T07:15:35.539Z","level":"warn","service":"api-server","message":"HTTP","requestId":"02c7f926-fff5-4259-be4a-25b5622ccffb","method":"POST","path":"/api/v1/payments","status":500,"ms":1,"ip":"::ffff:127.0.0.1"}
{"timestamp":"2026-04-06T07:15:35.540Z","level":"warn","service":"api-server","message":"Insufficient permissions","requestId":"41caafd1-1816-489d-a71a-ab996fdcef72","code":"RBAC_INSUFFICIENT_PERMISSIONS","statusCode":403}
{"timestamp":"2026-04-06T07:15:35.541Z","level":"warn","service":"api-server","message":"HTTP","requestId":"41caafd1-1816-489d-a71a-ab996fdcef72","method":"GET","path":"/admin/users","status":403,"ms":3,"ip":"::ffff:127.0.0.1"}
{"timestamp":"2026-04-06T07:15:35.540Z","level":"warn","service":"api-server","message":"HTTP","requestId":"d8beecc8-a840-4896-b109-4aaee89ccd14","method":"POST","path":"/api/v1/withdrawals","status":500,"ms":2,"ip":"::ffff:127.0.0.1"}
{"timestamp":"2026-04-06T07:15:35.541Z","level":"warn","service":"api-server","message":"Invalid access token","requestId":"b1045d58-993b-4ab3-ad45-fdfb9c69de7d","code":"AUTH_TOKEN_INVALID","statusCode":401}
{"timestamp":"2026-04-06T07:15:35.542Z","level":"warn","service":"api-server","message":"HTTP","requestId":"b1045d58-993b-4ab3-ad45-fdfb9c69de7d","method":"GET","path":"/api/v1/auth/me","status":401,"ms":2,"ip":"::ffff:127.0.0.1"}
{"timestamp":"2026-04-06T07:15:35.544Z","level":"warn","service":"api-server","message":"HTTP","requestId":"826dd1d6-58cf-4a23-a71b-f773796c530c","method":"POST","path":"/api/v1/auth/login","status":500,"ms":5,"ip":"::ffff:127.0.0.1"}
{"timestamp":"2026-04-06T07:15:35.546Z","level":"warn","service":"merchant-auth","message":"Invalid HMAC signature","merchantId":"merchantA_id","ip":"::ffff:127.0.0.1","path":"/"}
{"timestamp":"2026-04-06T07:15:35.547Z","level":"warn","service":"api-server","message":"HTTP","requestId":"90a43986-ec44-42e4-b18f-2e7f4aeb4620","method":"POST","path":"/api/v1/payments","status":500,"ms":2,"ip":"::ffff:127.0.0.1"}
{"timestamp":"2026-04-06T07:15:35.548Z","level":"warn","service":"api-server","message":"Insufficient permissions","requestId":"9cee812d-fcd6-47a0-90c9-d18c4f54a4ab","code":"RBAC_INSUFFICIENT_PERMISSIONS","statusCode":403}
{"timestamp":"2026-04-06T07:15:35.548Z","level":"warn","service":"api-server","message":"HTTP","requestId":"9cee812d-fcd6-47a0-90c9-d18c4f54a4ab","method":"POST","path":"/admin/wallets","status":403,"ms":2,"ip":"::ffff:127.0.0.1"}
{"timestamp":"2026-04-06T07:15:35.547Z","level":"warn","service":"api-server","message":"HTTP","requestId":"05acd16f-f3ad-4752-9ad5-8704aa3dc7d0","method":"GET","path":"/api/v1/withdrawals","status":500,"ms":2,"ip":"::ffff:127.0.0.1"}
{"timestamp":"2026-04-06T07:15:35.548Z","level":"warn","service":"api-server","message":"Validation failed","requestId":"adfd3136-17f0-4042-b49c-2e5ec2bcf909","code":"VALIDATION_FAILED","statusCode":400}
{"timestamp":"2026-04-06T07:15:35.549Z","level":"warn","service":"api-server","message":"HTTP","requestId":"adfd3136-17f0-4042-b49c-2e5ec2bcf909","method":"POST","path":"/api/v1/auth/login","status":400,"ms":2,"ip":"::ffff:127.0.0.1"}
{"timestamp":"2026-04-06T07:15:35.552Z","level":"warn","service":"merchant-auth","message":"Invalid HMAC signature","merchantId":"merchantA_id","ip":"::ffff:127.0.0.1","path":"/"}
{"timestamp":"2026-04-06T07:15:35.553Z","level":"warn","service":"api-server","message":"Access token required","requestId":"37937ebe-c8c7-4b76-ae1c-c867a447f1ae","code":"AUTH_TOKEN_MISSING","statusCode":401}
{"timestamp":"2026-04-06T07:15:35.553Z","level":"warn","service":"api-server","message":"HTTP","requestId":"37937ebe-c8c7-4b76-ae1c-c867a447f1ae","method":"GET","path":"/admin/users","status":401,"ms":1,"ip":"::ffff:127.0.0.1"}
{"timestamp":"2026-04-06T07:15:35.553Z","level":"warn","service":"api-server","message":"HTTP","requestId":"a85be7c9-1f70-4675-8555-f20b2ef219c1","method":"POST","path":"/api/v1/payments","status":500,"ms":1,"ip":"::ffff:127.0.0.1"}
{"timestamp":"2026-04-06T07:15:35.554Z","level":"warn","service":"api-server","message":"Insufficient permissions","requestId":"98024579-49f9-4ea6-9e6d-65046816995e","code":"RBAC_INSUFFICIENT_PERMISSIONS","statusCode":403}
{"timestamp":"2026-04-06T07:15:35.555Z","level":"warn","service":"api-server","message":"HTTP","requestId":"98024579-49f9-4ea6-9e6d-65046816995e","method":"GET","path":"/admin/users","status":403,"ms":2,"ip":"::ffff:127.0.0.1"}
{"timestamp":"2026-04-06T07:15:35.556Z","level":"info","service":"api-server","message":"HTTP","requestId":"ee318855-3a2c-47fd-9b0c-bfb2ae9fdf04","method":"GET","path":"/","status":200,"ms":0,"ip":"::ffff:127.0.0.1"}
{"timestamp":"2026-04-06T07:15:35.556Z","level":"warn","service":"api-server","message":"Validation failed","requestId":"fb2ff9bd-d7ff-47f5-8d34-3c6c89147762","code":"VALIDATION_FAILED","statusCode":400}
{"timestamp":"2026-04-06T07:15:35.557Z","level":"warn","service":"api-server","message":"HTTP","requestId":"fb2ff9bd-d7ff-47f5-8d34-3c6c89147762","method":"POST","path":"/api/v1/auth/login","status":400,"ms":2,"ip":"::ffff:127.0.0.1"}
{"timestamp":"2026-04-06T07:15:35.558Z","level":"warn","service":"merchant-auth","message":"Invalid HMAC signature","merchantId":"merchantA_id","ip":"::ffff:127.0.0.1","path":"/"}
{"timestamp":"2026-04-06T07:15:35.560Z","level":"warn","service":"api-server","message":"Insufficient permissions","requestId":"f90bcbef-3d80-4b6c-89c2-ae5fd2b0bd5a","code":"RBAC_INSUFFICIENT_PERMISSIONS","statusCode":403}
{"timestamp":"2026-04-06T07:15:35.560Z","level":"warn","service":"api-server","message":"HTTP","requestId":"c12f1eb4-a1d6-489f-bd80-9a987f0aa72d","method":"POST","path":"/api/v1/payments","status":500,"ms":1,"ip":"::ffff:127.0.0.1"}
{"timestamp":"2026-04-06T07:15:35.560Z","level":"warn","service":"api-server","message":"HTTP","requestId":"f90bcbef-3d80-4b6c-89c2-ae5fd2b0bd5a","method":"GET","path":"/admin/merchants","status":403,"ms":2,"ip":"::ffff:127.0.0.1"}
{"timestamp":"2026-04-06T07:15:35.561Z","level":"warn","service":"api-server","message":"Access token required","requestId":"dfce0d33-bcf7-4c65-b625-7be9e8f8bde0","code":"AUTH_TOKEN_MISSING","statusCode":401}
{"timestamp":"2026-04-06T07:15:35.562Z","level":"warn","service":"api-server","message":"HTTP","requestId":"dfce0d33-bcf7-4c65-b625-7be9e8f8bde0","method":"GET","path":"/admin/users","status":401,"ms":2,"ip":"::ffff:127.0.0.1"}
{"timestamp":"2026-04-06T07:15:35.568Z","level":"warn","service":"api-server","message":"Access token required","requestId":"c3f3ea66-bf93-4207-a00e-987cd84556df","code":"AUTH_TOKEN_MISSING","statusCode":401}
        help: 'https://express-rate-limit.github.io/ERR_ERL_KEY_GEN_IPV6/'
      }

    [0m [90m 112 |[39m [90m// Kept at 1/min to prevent using us as a request amplifier / DDoS tool.[39m
     [90m 113 |[39m [36mconst[39m rateLimit [33m=[39m require([32m'express-rate-limit'[39m)[33m;[39m
    [31m[1m>[22m[39m[90m 114 |[39m [36mconst[39m webhookTestLimiter [33m=[39m rateLimit({
     [90m     |[39m                            [31m[1m^[22m[39m
     [90m 115 |[39m   windowMs[33m:[39m [35m60[39m [33m*[39m [35m1000[39m[33m,[39m
     [90m 116 |[39m   max[33m:[39m      [35m1[39m[33m,[39m
     [90m 117 |[39m   keyGenerator[33m:[39m (req) [33m=>[39m [32m`merchant:${req.user.userId || 
req.ip}:webhooktest`[39m[33m,[39m[0m

      at Object.wrappedValidations.<computed> [as keyGeneratorIpFallback] (node_modules/express-rate-limit/dist/index.cjs:691:24)
      at parseOptions (node_modules/express-rate-limit/dist/index.cjs:755:16)
      at rateLimit (node_modules/express-rate-limit/dist/index.cjs:836:18)
      at Object.rateLimit (services/api-server/src/routes/merchantPortal.js:114:28)
      at Object.require (services/api-server/src/app.js:75:32)
      at Object.require (services/api-server/tests/input_validation.test.js:58:17)

PASS services/api-server/tests/security.test.js
  ΓùÅ Console

    console.log
      Γùç injecting env (34) from .env.local // tip: Γùê secrets for agents [www.dotenvx.com]

      at _log (node_modules/dotenv/lib/main.js:131:11)

    console.log
      Γùç injecting env (0) from .env.local // tip: Γîü auth for agents [www.vestauth.com]

      at _log (node_modules/dotenv/lib/main.js:131:11)

    console.log
      Γùç injecting env (0) from .env.local // tip: Γîÿ override existing { override: true }

      at _log (node_modules/dotenv/lib/main.js:131:11)

    console.error
      ValidationError: Custom keyGenerator appears to use request IP without calling the ipKeyGenerator helper function for IPv6 
addresses. This could allow IPv6 users to bypass limits. See https://express-rate-limit.github.io/ERR_ERL_KEY_GEN_IPV6/ for more 
information.
          at Object.keyGeneratorIpFallback 
(C:\Users\UniquePicturePrints\Desktop\Project\XCoinGateway\node_modules\express-rate-limit\dist\index.cjs:642:13)
          at Object.wrappedValidations.<computed> [as keyGeneratorIpFallback] 
(C:\Users\UniquePicturePrints\Desktop\Project\XCoinGateway\node_modules\express-rate-limit\dist\index.cjs:685:22)
          at parseOptions 
(C:\Users\UniquePicturePrints\Desktop\Project\XCoinGateway\node_modules\express-rate-limit\dist\index.cjs:755:16)
          at rateLimit 
(C:\Users\UniquePicturePrints\Desktop\Project\XCoinGateway\node_modules\express-rate-limit\dist\index.cjs:836:18)
          at Object.rateLimit 
(C:\Users\UniquePicturePrints\Desktop\Project\XCoinGateway\services\api-server\src\routes\merchantPortal.js:114:28)
          at Runtime._execModule 
(C:\Users\UniquePicturePrints\Desktop\Project\XCoinGateway\node_modules\jest-runtime\build\index.js:1264:24)
          at Runtime._loadModule 
(C:\Users\UniquePicturePrints\Desktop\Project\XCoinGateway\node_modules\jest-runtime\build\index.js:940:12)
          at Runtime.requireModule 
(C:\Users\UniquePicturePrints\Desktop\Project\XCoinGateway\node_modules\jest-runtime\build\index.js:828:12)
          at Runtime.requireModuleOrMock 
(C:\Users\UniquePicturePrints\Desktop\Project\XCoinGateway\node_modules\jest-runtime\build\index.js:960:21)
          at Object.require (C:\Users\UniquePicturePrints\Desktop\Project\XCoinGateway\services\api-server\src\app.js:75:32)
          at Runtime._execModule 
(C:\Users\UniquePicturePrints\Desktop\Project\XCoinGateway\node_modules\jest-runtime\build\index.js:1264:24)
          at Runtime._loadModule 
(C:\Users\UniquePicturePrints\Desktop\Project\XCoinGateway\node_modules\jest-runtime\build\index.js:940:12)
          at Runtime.requireModule 
(C:\Users\UniquePicturePrints\Desktop\Project\XCoinGateway\node_modules\jest-runtime\build\index.js:828:12)
          at Runtime.requireModuleOrMock 
(C:\Users\UniquePicturePrints\Desktop\Project\XCoinGateway\node_modules\jest-runtime\build\index.js:960:21)
          at Object.require 
(C:\Users\UniquePicturePrints\Desktop\Project\XCoinGateway\services\api-server\tests\security.test.js:91:17)
          at Runtime._execModule 
(C:\Users\UniquePicturePrints\Desktop\Project\XCoinGateway\node_modules\jest-runtime\build\index.js:1264:24)
          at Runtime._loadModule 
(C:\Users\UniquePicturePrints\Desktop\Project\XCoinGateway\node_modules\jest-runtime\build\index.js:940:12)
          at Runtime.requireModule 
(C:\Users\UniquePicturePrints\Desktop\Project\XCoinGateway\node_modules\jest-runtime\build\index.js:828:12)
          at jestAdapter (C:\Users\UniquePicturePrints\Desktop\Project\XCoinGateway\node_modules\jest-circus\build\runner.js:95:13)
          at processTicksAndRejections (node:internal/process/task_queues:95:5)
          at runTestInternal 
(C:\Users\UniquePicturePrints\Desktop\Project\XCoinGateway\node_modules\jest-runner\build\testWorker.js:275:16)
          at runTest (C:\Users\UniquePicturePrints\Desktop\Project\XCoinGateway\node_modules\jest-runner\build\testWorker.js:343:7)
          at Object.worker 
(C:\Users\UniquePicturePrints\Desktop\Project\XCoinGateway\node_modules\jest-runner\build\testWorker.js:497:12) {
        code: 'ERR_ERL_KEY_GEN_IPV6',
        help: 'https://express-rate-limit.github.io/ERR_ERL_KEY_GEN_IPV6/'
      }

    [0m [90m 112 |[39m [90m// Kept at 1/min to prevent using us as a request amplifier / DDoS tool.[39m
     [90m 113 |[39m [36mconst[39m rateLimit [33m=[39m require([32m'express-rate-limit'[39m)[33m;[39m
    [31m[1m>[22m[39m[90m 114 |[39m [36mconst[39m webhookTestLimiter [33m=[39m rateLimit({
     [90m     |[39m                            [31m[1m^[22m[39m
     [90m 115 |[39m   windowMs[33m:[39m [35m60[39m [33m*[39m [35m1000[39m[33m,[39m
     [90m 116 |[39m   max[33m:[39m      [35m1[39m[33m,[39m
     [90m 117 |[39m   keyGenerator[33m:[39m (req) [33m=>[39m [32m`merchant:${req.user.userId || 
req.ip}:webhooktest`[39m[33m,[39m[0m

      at Object.wrappedValidations.<computed> [as keyGeneratorIpFallback] (node_modules/express-rate-limit/dist/index.cjs:691:24)
      at parseOptions (node_modules/express-rate-limit/dist/index.cjs:755:16)
      at rateLimit (node_modules/express-rate-limit/dist/index.cjs:836:18)
      at Object.rateLimit (services/api-server/src/routes/merchantPortal.js:114:28)
      at Object.require (services/api-server/src/app.js:75:32)
      at Object.require (services/api-server/tests/security.test.js:91:17)

{"timestamp":"2026-04-06T07:15:35.616Z","level":"error","service":"api-server","message":"Unhandled 
error","requestId":"e7f93c03-9bc1-491c-b85b-aa71da5e710d","error":"Cannot read properties of undefined (reading 
'create')","stack":"TypeError: Cannot read properties of undefined (reading 'create')     at create 
(C:\\Users\\UniquePicturePrints\\Desktop\\Project\\XCoinGateway\\services\\api-server\\src\\middleware\\merchantApiAuth.js:289:21)    
 at Layer.handleRequest (C:\\Users\\UniquePicturePrints\\Desktop\\Project\\XCoinGateway\\node_modules\\router\\lib\\layer.js:152:17)  
   at next (C:\\Users\\UniquePicturePrints\\Desktop\\Project\\XCoinGateway\\node_modules\\router\\lib\\route.js:157:13)     at 
Route.dispatch (C:\\Users\\UniquePicturePrints\\Desktop\\Project\\XCoinGateway\\node_modules\\router\\lib\\route.js:117:3)     at 
handle (C:\\Users\\UniquePicturePrints\\Desktop\\Project\\XCoinGateway\\node_modules\\router\\index.js:435:11)     at 
Layer.handleRequest (C:\\Users\\UniquePicturePrints\\Desktop\\Project\\XCoinGateway\\node_modules\\router\\lib\\layer.js:152:17)     
at C:\\Users\\UniquePicturePrints\\Desktop\\Project\\XCoinGateway\\node_modules\\router\\index.js:295:15     at processParams 
(C:\\Users\\UniquePicturePrints\\Desktop\\Project\\XCoinGateway\\node_modules\\router\\index.js:582:12)     at next 
(C:\\Users\\UniquePicturePrints\\Desktop\\Project\\XCoinGateway\\node_modules\\router\\index.js:291:5)     at Function.handle 
(C:\\Users\\UniquePicturePrints\\Desktop\\Project\\XCoinGateway\\node_modules\\router\\index.js:186:3)     at router 
(C:\\Users\\UniquePicturePrints\\Desktop\\Project\\XCoinGateway\\node_modules\\router\\index.js:60:12)     at Layer.handleRequest 
(C:\\Users\\UniquePicturePrints\\Desktop\\Project\\XCoinGateway\\node_modules\\router\\lib\\layer.js:152:17)     at trimPrefix 
(C:\\Users\\UniquePicturePrints\\Desktop\\Project\\XCoinGateway\\node_modules\\router\\index.js:342:13)     at 
C:\\Users\\UniquePicturePrints\\Desktop\\Project\\XCoinGateway\\node_modules\\router\\index.js:297:9     at processParams 
(C:\\Users\\UniquePicturePrints\\Desktop\\Project\\XCoinGateway\\node_modules\\router\\index.js:582:12)     at next 
(C:\\Users\\UniquePicturePrints\\Desktop\\Project\\XCoinGateway\\node_modules\\router\\index.js:291:5)     at next 
(C:\\Users\\UniquePicturePrints\\Desktop\\Project\\XCoinGateway\\services\\api-server\\src\\app.js:393:3)     at Layer.handleRequest 
(C:\\Users\\UniquePicturePrints\\Desktop\\Project\\XCoinGateway\\node_modules\\router\\lib\\layer.js:152:17)     at trimPrefix 
(C:\\Users\\UniquePicturePrints\\Desktop\\Project\\XCoinGateway\\node_modules\\router\\index.js:342:13)     at 
C:\\Users\\UniquePicturePrints\\Desktop\\Project\\XCoinGateway\\node_modules\\router\\index.js:297:9     at processParams 
(C:\\Users\\UniquePicturePrints\\Desktop\\Project\\XCoinGateway\\node_modules\\router\\index.js:582:12)     at next 
(C:\\Users\\UniquePicturePrints\\Desktop\\Project\\XCoinGateway\\node_modules\\router\\index.js:291:5)     at next 
(C:\\Users\\UniquePicturePrints\\Desktop\\Project\\XCoinGateway\\packages\\common\\src\\requestContext.js:68:5)     at 
AsyncLocalStorage.run (node:async_hooks:346:14)     at run 
(C:\\Users\\UniquePicturePrints\\Desktop\\Project\\XCoinGateway\\packages\\common\\src\\requestContext.js:67:21)     at 
Layer.handleRequest (C:\\Users\\UniquePicturePrints\\Desktop\\Project\\XCoinGateway\\node_modules\\router\\lib\\layer.js:152:17)     
at trimPrefix (C:\\Users\\UniquePicturePrints\\Desktop\\Project\\XCoinGateway\\node_modules\\router\\index.js:342:13)     at 
C:\\Users\\UniquePicturePrints\\Desktop\\Project\\XCoinGateway\\node_modules\\router\\index.js:297:9     at processParams 
(C:\\Users\\UniquePicturePrints\\Desktop\\Project\\XCoinGateway\\node_modules\\router\\index.js:582:12)     at next 
(C:\\Users\\UniquePicturePrints\\Desktop\\Project\\XCoinGateway\\node_modules\\router\\index.js:291:5)     at next 
(C:\\Users\\UniquePicturePrints\\Desktop\\Project\\XCoinGateway\\services\\api-server\\src\\app.js:362:3)     at Layer.handleRequest 
(C:\\Users\\UniquePicturePrints\\Desktop\\Project\\XCoinGateway\\node_modules\\router\\lib\\layer.js:152:17)     at trimPrefix 
(C:\\Users\\UniquePicturePrints\\Desktop\\Project\\XCoinGateway\\node_modules\\router\\index.js:342:13)     at 
C:\\Users\\UniquePicturePrints\\Desktop\\Project\\XCoinGateway\\node_modules\\router\\index.js:297:9     at processParams 
(C:\\Users\\UniquePicturePrints\\Desktop\\Project\\XCoinGateway\\node_modules\\router\\index.js:582:12)     at next 
(C:\\Users\\UniquePicturePrints\\Desktop\\Project\\XCoinGateway\\node_modules\\router\\index.js:291:5)     at next 
(C:\\Users\\UniquePicturePrints\\Desktop\\Project\\XCoinGateway\\services\\api-server\\src\\app.js:333:36)     at Layer.handleRequest 
(C:\\Users\\UniquePicturePrints\\Desktop\\Project\\XCoinGateway\\node_modules\\router\\lib\\layer.js:152:17)     at trimPrefix 
(C:\\Users\\UniquePicturePrints\\Desktop\\Project\\XCoinGateway\\node_modules\\router\\index.js:342:13)     at 
C:\\Users\\UniquePicturePrints\\Desktop\\Project\\XCoinGateway\\node_modules\\router\\index.js:297:9     at processParams 
(C:\\Users\\UniquePicturePrints\\Desktop\\Project\\XCoinGateway\\node_modules\\router\\index.js:582:12)     at next 
(C:\\Users\\UniquePicturePrints\\Desktop\\Project\\XCoinGateway\\node_modules\\router\\index.js:291:5)     at next 
(C:\\Users\\UniquePicturePrints\\Desktop\\Project\\XCoinGateway\\services\\api-server\\src\\app.js:320:3)     at Layer.handleRequest 
(C:\\Users\\UniquePicturePrints\\Desktop\\Project\\XCoinGateway\\node_modules\\router\\lib\\layer.js:152:17)     at trimPrefix 
(C:\\Users\\UniquePicturePrints\\Desktop\\Project\\XCoinGateway\\node_modules\\router\\index.js:342:13)     at 
C:\\Users\\UniquePicturePrints\\Desktop\\Project\\XCoinGateway\\node_modules\\router\\index.js:297:9     at processParams 
(C:\\Users\\UniquePicturePrints\\Desktop\\Project\\XCoinGateway\\node_modules\\router\\index.js:582:12)     at next 
(C:\\Users\\UniquePicturePrints\\Desktop\\Project\\XCoinGateway\\node_modules\\router\\index.js:291:5)     at cookieParser 
(C:\\Users\\UniquePicturePrints\\Desktop\\Project\\XCoinGateway\\node_modules\\cookie-parser\\index.js:57:14)     at 
Layer.handleRequest (C:\\Users\\UniquePicturePrints\\Desktop\\Project\\XCoinGateway\\node_modules\\router\\lib\\layer.js:152:17)     
at trimPrefix (C:\\Users\\UniquePicturePrints\\Desktop\\Project\\XCoinGateway\\node_modules\\router\\index.js:342:13)     at 
C:\\Users\\UniquePicturePrints\\Desktop\\Project\\XCoinGateway\\node_modules\\router\\index.js:297:9     at processParams 
(C:\\Users\\UniquePicturePrints\\Desktop\\Project\\XCoinGateway\\node_modules\\router\\index.js:582:12)     at next 
(C:\\Users\\UniquePicturePrints\\Desktop\\Project\\XCoinGateway\\node_modules\\router\\index.js:291:5)     at hpp 
(C:\\Users\\UniquePicturePrints\\Desktop\\Project\\XCoinGateway\\node_modules\\hpp\\lib\\index.js:146:9)     at Layer.handleRequest 
(C:\\Users\\UniquePicturePrints\\Desktop\\Project\\XCoinGateway\\node_modules\\router\\lib\\layer.js:152:17)     at trimPrefix 
(C:\\Users\\UniquePicturePrints\\Desktop\\Project\\XCoinGateway\\node_modules\\router\\index.js:342:13)     at 
C:\\Users\\UniquePicturePrints\\Desktop\\Project\\XCoinGateway\\node_modules\\router\\index.js:297:9     at processParams 
(C:\\Users\\UniquePicturePrints\\Desktop\\Project\\XCoinGateway\\node_modules\\router\\index.js:582:12)     at next 
(C:\\Users\\UniquePicturePrints\\Desktop\\Project\\XCoinGateway\\node_modules\\router\\index.js:291:5)     at next 
(C:\\Users\\UniquePicturePrints\\Desktop\\Project\\XCoinGateway\\services\\api-server\\src\\middleware\\originValidation.js:75:12)    
 at Layer.handleRequest (C:\\Users\\UniquePicturePrints\\Desktop\\Project\\XCoinGateway\\node_modules\\router\\lib\\layer.js:152:17)  
   at trimPrefix (C:\\Users\\UniquePicturePrints\\Desktop\\Project\\XCoinGateway\\node_modules\\router\\index.js:342:13)     at 
C:\\Users\\UniquePicturePrints\\Desktop\\Project\\XCoinGateway\\node_modules\\router\\index.js:297:9     at processParams 
(C:\\Users\\UniquePicturePrints\\Desktop\\Project\\XCoinGateway\\node_modules\\router\\index.js:582:12)     at next 
(C:\\Users\\UniquePicturePrints\\Desktop\\Project\\XCoinGateway\\node_modules\\router\\index.js:291:5)     at next 
(C:\\Users\\UniquePicturePrints\\Desktop\\Project\\XCoinGateway\\services\\api-server\\src\\middleware\\requestHardening.js:165:3)    
 at Layer.handleRequest (C:\\Users\\UniquePicturePrints\\Desktop\\Project\\XCoinGateway\\node_modules\\router\\lib\\layer.js:152:17)  
   at trimPrefix (C:\\Users\\UniquePicturePrints\\Desktop\\Project\\XCoinGateway\\node_modules\\router\\index.js:342:13)     at 
C:\\Users\\UniquePicturePrints\\Desktop\\Project\\XCoinGateway\\node_modules\\router\\index.js:297:9     at processParams 
(C:\\Users\\UniquePicturePrints\\Desktop\\Project\\XCoinGateway\\node_modules\\router\\index.js:582:12)     at next 
(C:\\Users\\UniquePicturePrints\\Desktop\\Project\\XCoinGateway\\node_modules\\router\\index.js:291:5)     at next 
(C:\\Users\\UniquePicturePrints\\Desktop\\Project\\XCoinGateway\\services\\api-server\\src\\middleware\\noSqlSanitize.js:106:3)     
at Layer.handleRequest (C:\\Users\\UniquePicturePrints\\Desktop\\Project\\XCoinGateway\\node_modules\\router\\lib\\layer.js:152:17)   
  at trimPrefix (C:\\Users\\UniquePicturePrints\\Desktop\\Project\\XCoinGateway\\node_modules\\router\\index.js:342:13)     at 
C:\\Users\\UniquePicturePrints\\Desktop\\Project\\XCoinGateway\\node_modules\\router\\index.js:297:9     at processParams 
(C:\\Users\\UniquePicturePrints\\Desktop\\Project\\XCoinGateway\\node_modules\\router\\index.js:582:12)     at next 
(C:\\Users\\UniquePicturePrints\\Desktop\\Project\\XCoinGateway\\node_modules\\router\\index.js:291:5)     at read 
(C:\\Users\\UniquePicturePrints\\Desktop\\Project\\XCoinGateway\\node_modules\\body-parser\\lib\\read.js:42:5)     at 
urlencodedParser 
(C:\\Users\\UniquePicturePrints\\Desktop\\Project\\XCoinGateway\\node_modules\\body-parser\\lib\\types\\urlencoded.js:57:5)     at 
Layer.handleRequest (C:\\Users\\UniquePicturePrints\\Desktop\\Project\\XCoinGateway\\node_modules\\router\\lib\\layer.js:152:17)     
at trimPrefix (C:\\Users\\UniquePicturePrints\\Desktop\\Project\\XCoinGateway\\node_modules\\router\\index.js:342:13)     at 
C:\\Users\\UniquePicturePrints\\Desktop\\Project\\XCoinGateway\\node_modules\\router\\index.js:297:9     at processParams 
(C:\\Users\\UniquePicturePrints\\Desktop\\Project\\XCoinGateway\\node_modules\\router\\index.js:582:12)     at next 
(C:\\Users\\UniquePicturePrints\\Desktop\\Project\\XCoinGateway\\node_modules\\router\\index.js:291:5)     at read 
(C:\\Users\\UniquePicturePrints\\Desktop\\Project\\XCoinGateway\\node_modules\\body-parser\\lib\\read.js:42:5)     at jsonParser 
(C:\\Users\\UniquePicturePrints\\Desktop\\Project\\XCoinGateway\\node_modules\\body-parser\\lib\\types\\json.js:88:5)     at 
Layer.handleRequest (C:\\Users\\UniquePicturePrints\\Desktop\\Project\\XCoinGateway\\node_modules\\router\\lib\\layer.js:152:17)     
at trimPrefix (C:\\Users\\UniquePicturePrints\\Desktop\\Project\\XCoinGateway\\node_modules\\router\\index.js:342:13)     at 
C:\\Users\\UniquePicturePrints\\Desktop\\Project\\XCoinGateway\\node_modules\\router\\index.js:297:9     at processParams 
(C:\\Users\\UniquePicturePrints\\Desktop\\Project\\XCoinGateway\\node_modules\\router\\index.js:582:12)     at next 
(C:\\Users\\UniquePicturePrints\\Desktop\\Project\\XCoinGateway\\node_modules\\router\\index.js:291:5)     at 
C:\\Users\\UniquePicturePrints\\Desktop\\Project\\XCoinGateway\\node_modules\\body-parser\\lib\\read.js:171:5     at 
AsyncResource.runInAsyncScope (node:async_hooks:206:9)     at invokeCallback 
(C:\\Users\\UniquePicturePrints\\Desktop\\Project\\XCoinGateway\\node_modules\\raw-body\\index.js:238:16)     at done 
(C:\\Users\\UniquePicturePrints\\Desktop\\Project\\XCoinGateway\\node_modules\\raw-body\\index.js:227:7)     at IncomingMessage.onEnd 
(C:\\Users\\UniquePicturePrints\\Desktop\\Project\\XCoinGateway\\node_modules\\raw-body\\index.js:287:7)     at IncomingMessage.emit 
(node:events:524:28)     at endReadableNT (node:internal/streams/readable:1698:12)     at processTicksAndRejections 
(node:internal/process/task_queues:82:21)"}
PASS services/api-server/tests/auth.test.js
  ΓùÅ Console

    console.log
      Γùç injecting env (34) from .env.local // tip: Γîü auth for agents [www.vestauth.com]

      at _log (node_modules/dotenv/lib/main.js:131:11)

    console.log
      Γùç injecting env (0) from .env.local // tip: Γîü auth for agents [www.vestauth.com]

      at _log (node_modules/dotenv/lib/main.js:131:11)

    console.log
      Γùç injecting env (0) from .env.local // tip: Γîÿ suppress logs { quiet: true }

      at _log (node_modules/dotenv/lib/main.js:131:11)

    console.error
      ValidationError: Custom keyGenerator appears to use request IP without calling the ipKeyGenerator helper function for IPv6 
addresses. This could allow IPv6 users to bypass limits. See https://express-rate-limit.github.io/ERR_ERL_KEY_GEN_IPV6/ for more 
information.
          at Object.keyGeneratorIpFallback 
(C:\Users\UniquePicturePrints\Desktop\Project\XCoinGateway\node_modules\express-rate-limit\dist\index.cjs:642:13)
          at Object.wrappedValidations.<computed> [as keyGeneratorIpFallback] 
(C:\Users\UniquePicturePrints\Desktop\Project\XCoinGateway\node_modules\express-rate-limit\dist\index.cjs:685:22)
          at parseOptions 
(C:\Users\UniquePicturePrints\Desktop\Project\XCoinGateway\node_modules\express-rate-limit\dist\index.cjs:755:16)
          at rateLimit 
(C:\Users\UniquePicturePrints\Desktop\Project\XCoinGateway\node_modules\express-rate-limit\dist\index.cjs:836:18)
          at Object.rateLimit 
(C:\Users\UniquePicturePrints\Desktop\Project\XCoinGateway\services\api-server\src\routes\merchantPortal.js:114:28)
          at Runtime._execModule 
(C:\Users\UniquePicturePrints\Desktop\Project\XCoinGateway\node_modules\jest-runtime\build\index.js:1264:24)
          at Runtime._loadModule 
(C:\Users\UniquePicturePrints\Desktop\Project\XCoinGateway\node_modules\jest-runtime\build\index.js:940:12)
          at Runtime.requireModule 
(C:\Users\UniquePicturePrints\Desktop\Project\XCoinGateway\node_modules\jest-runtime\build\index.js:828:12)
          at Runtime.requireModuleOrMock 
(C:\Users\UniquePicturePrints\Desktop\Project\XCoinGateway\node_modules\jest-runtime\build\index.js:960:21)
          at Object.require (C:\Users\UniquePicturePrints\Desktop\Project\XCoinGateway\services\api-server\src\app.js:75:32)
          at Runtime._execModule 
(C:\Users\UniquePicturePrints\Desktop\Project\XCoinGateway\node_modules\jest-runtime\build\index.js:1264:24)
          at Runtime._loadModule 
(C:\Users\UniquePicturePrints\Desktop\Project\XCoinGateway\node_modules\jest-runtime\build\index.js:940:12)
          at Runtime.requireModule 
(C:\Users\UniquePicturePrints\Desktop\Project\XCoinGateway\node_modules\jest-runtime\build\index.js:828:12)
          at Runtime.requireModuleOrMock 
(C:\Users\UniquePicturePrints\Desktop\Project\XCoinGateway\node_modules\jest-runtime\build\index.js:960:21)
          at Object.require (C:\Users\UniquePicturePrints\Desktop\Project\XCoinGateway\services\api-server\tests\auth.test.js:89:24)
          at Runtime._execModule 
(C:\Users\UniquePicturePrints\Desktop\Project\XCoinGateway\node_modules\jest-runtime\build\index.js:1264:24)
          at Runtime._loadModule 
(C:\Users\UniquePicturePrints\Desktop\Project\XCoinGateway\node_modules\jest-runtime\build\index.js:940:12)
          at Runtime.requireModule 
(C:\Users\UniquePicturePrints\Desktop\Project\XCoinGateway\node_modules\jest-runtime\build\index.js:828:12)
          at jestAdapter (C:\Users\UniquePicturePrints\Desktop\Project\XCoinGateway\node_modules\jest-circus\build\runner.js:95:13)
          at processTicksAndRejections (node:internal/process/task_queues:95:5)
          at runTestInternal 
(C:\Users\UniquePicturePrints\Desktop\Project\XCoinGateway\node_modules\jest-runner\build\testWorker.js:275:16)
          at runTest (C:\Users\UniquePicturePrints\Desktop\Project\XCoinGateway\node_modules\jest-runner\build\testWorker.js:343:7)
          at Object.worker 
(C:\Users\UniquePicturePrints\Desktop\Project\XCoinGateway\node_modules\jest-runner\build\testWorker.js:497:12) {
        code: 'ERR_ERL_KEY_GEN_IPV6',
        help: 'https://express-rate-limit.github.io/ERR_ERL_KEY_GEN_IPV6/'
      }

    [0m [90m 112 |[39m [90m// Kept at 1/min to prevent using us as a request amplifier / DDoS tool.[39m
     [90m 113 |[39m [36mconst[39m rateLimit [33m=[39m require([32m'express-rate-limit'[39m)[33m;[39m
    [31m[1m>[22m[39m[90m 114 |[39m [36mconst[39m webhookTestLimiter [33m=[39m rateLimit({
     [90m     |[39m                            [31m[1m^[22m[39m
     [90m 115 |[39m   windowMs[33m:[39m [35m60[39m [33m*[39m [35m1000[39m[33m,[39m
     [90m 116 |[39m   max[33m:[39m      [35m1[39m[33m,[39m
     [90m 117 |[39m   keyGenerator[33m:[39m (req) [33m=>[39m [32m`merchant:${req.user.userId || 
req.ip}:webhooktest`[39m[33m,[39m[0m

      at Object.wrappedValidations.<computed> [as keyGeneratorIpFallback] (node_modules/express-rate-limit/dist/index.cjs:691:24)
      at parseOptions (node_modules/express-rate-limit/dist/index.cjs:755:16)
      at rateLimit (node_modules/express-rate-limit/dist/index.cjs:836:18)
      at Object.rateLimit (services/api-server/src/routes/merchantPortal.js:114:28)
      at Object.require (services/api-server/src/app.js:75:32)
      at Object.require (services/api-server/tests/auth.test.js:89:24)

{"timestamp":"2026-04-06T07:15:35.569Z","level":"warn","service":"api-server","message":"HTTP","requestId":"c3f3ea66-bf93-4207-a00e-987cd84556df","method":"POST","path":"/api/v1/auth/logout","status":401,"ms":1,"ip":"::ffff:127.0.0.1"}
{"timestamp":"2026-04-06T07:15:35.581Z","level":"info","service":"api-server","message":"HTTP","requestId":"0bc73c18-c9a7-47ab-a0a0-694b1225aaa4","method":"POST","path":"/logout","status":200,"ms":4,"ip":"::ffff:127.0.0.1"}
{"timestamp":"2026-04-06T07:15:35.569Z","level":"warn","service":"api-server","message":"Insufficient permissions","requestId":"546840f1-4551-42df-a483-231d1cba78d7","code":"RBAC_INSUFFICIENT_PERMISSIONS","statusCode":403}
{"timestamp":"2026-04-06T07:15:35.570Z","level":"warn","service":"api-server","message":"HTTP","requestId":"546840f1-4551-42df-a483-231d1cba78d7","method":"POST","path":"/admin/wallets","status":403,"ms":2,"ip":"::ffff:127.0.0.1"}
{"timestamp":"2026-04-06T07:15:35.577Z","level":"warn","service":"api-server","message":"HTTP","requestId":"63639d75-8c32-486d-9868-fd297cce3597","method":"DELETE","path":"/admin/wallets/000000000000000000000001","status":404,"ms":1,"ip":"::ffff:127.0.0.1"}
{"timestamp":"2026-04-06T07:15:35.571Z","level":"warn","service":"api-server","message":"Merchant profile not found","requestId":"82697b0e-de10-4f57-94b2-aec7c7f94af7","code":"MERCHANT_NOT_FOUND","statusCode":404}
{"timestamp":"2026-04-06T07:15:35.572Z","level":"warn","service":"api-server","message":"HTTP","requestId":"82697b0e-de10-4f57-94b2-aec7c7f94af7","method":"GET","path":"/api/v1/merchant/dashboard","status":404,"ms":5,"ip":"::ffff:127.0.0.1"}
{"timestamp":"2026-04-06T07:15:35.580Z","level":"warn","service":"api-server","message":"Merchant profile not found","requestId":"bdf4abcc-5dfb-4e86-9036-4333f388ea46","code":"MERCHANT_NOT_FOUND","statusCode":404}
{"timestamp":"2026-04-06T07:15:35.581Z","level":"warn","service":"api-server","message":"HTTP","requestId":"bdf4abcc-5dfb-4e86-9036-4333f388ea46","method":"GET","path":"/api/v1/merchant/profile","status":404,"ms":2,"ip":"::ffff:127.0.0.1"}
{"timestamp":"2026-04-06T07:15:35.587Z","level":"warn","service":"api-server","message":"Access token required","requestId":"f60652e5-0e7d-4e9a-a6fc-e5a8dcacf320","code":"AUTH_TOKEN_MISSING","statusCode":401}
{"timestamp":"2026-04-06T07:15:35.587Z","level":"warn","service":"api-server","message":"HTTP","requestId":"f60652e5-0e7d-4e9a-a6fc-e5a8dcacf320","method":"POST","path":"/api/v1/auth/logout-all","status":401,"ms":1,"ip":"::ffff:127.0.0.1"}
{"timestamp":"2026-04-06T07:15:35.587Z","level":"warn","service":"api-server","message":"User not found","requestId":"38f2f186-9ed6-4afb-becb-ef0c828b7dd9","code":"AUTH_TOKEN_INVALID","statusCode":401}
{"timestamp":"2026-04-06T07:15:35.588Z","level":"warn","service":"api-server","message":"HTTP","requestId":"38f2f186-9ed6-4afb-becb-ef0c828b7dd9","method":"GET","path":"/api/v1/merchant/dashboard","status":401,"ms":2,"ip":"::ffff:127.0.0.1"}
{"timestamp":"2026-04-06T07:15:35.588Z","level":"warn","service":"api-server","message":"Insufficient permissions","requestId":"4a0aa43e-22b4-482d-b6bb-42c98bf71c69","code":"RBAC_INSUFFICIENT_PERMISSIONS","statusCode":403}
{"timestamp":"2026-04-06T07:15:35.589Z","level":"warn","service":"api-server","message":"HTTP","requestId":"4a0aa43e-22b4-482d-b6bb-42c98bf71c69","method":"POST","path":"/admin/merchants","status":403,"ms":3,"ip":"::ffff:127.0.0.1"}
{"timestamp":"2026-04-06T07:15:35.592Z","level":"warn","service":"api-server","message":"Refresh token required","requestId":"432e0705-9b81-4e1d-abeb-57dbccd0617f","code":"AUTH_TOKEN_MISSING","statusCode":401}
{"timestamp":"2026-04-06T07:15:35.593Z","level":"warn","service":"api-server","message":"HTTP","requestId":"432e0705-9b81-4e1d-abeb-57dbccd0617f","method":"POST","path":"/api/v1/auth/refresh","status":401,"ms":1,"ip":"::ffff:127.0.0.1"}
{"timestamp":"2026-04-06T07:15:35.595Z","level":"warn","service":"api-server","message":"Access token expired","requestId":"c5186735-f2c4-48cc-8f25-f1b935e391b2","code":"AUTH_TOKEN_EXPIRED","statusCode":401}
{"timestamp":"2026-04-06T07:15:35.595Z","level":"warn","service":"api-server","message":"HTTP","requestId":"c5186735-f2c4-48cc-8f25-f1b935e391b2","method":"GET","path":"/api/v1/merchant/dashboard","status":401,"ms":2,"ip":"::ffff:127.0.0.1"}
{"timestamp":"2026-04-06T07:15:35.596Z","level":"warn","service":"api-server","message":"Insufficient permissions","requestId":"92f017a6-eb2b-4b4e-b32d-493464e6a8bc","code":"RBAC_INSUFFICIENT_PERMISSIONS","statusCode":403}
{"timestamp":"2026-04-06T07:15:35.597Z","level":"warn","service":"api-server","message":"HTTP","requestId":"92f017a6-eb2b-4b4e-b32d-493464e6a8bc","method":"GET","path":"/admin/merchants","status":403,"ms":3,"ip":"::ffff:127.0.0.1"}
{"timestamp":"2026-04-06T07:15:35.598Z","level":"warn","service":"api-server","message":"Invalid refresh token","requestId":"8739d0c2-e450-4f2d-a13a-e2b27d4bcb59","code":"AUTH_TOKEN_INVALID","statusCode":401}
{"timestamp":"2026-04-06T07:15:35.598Z","level":"warn","service":"api-server","message":"HTTP","requestId":"8739d0c2-e450-4f2d-a13a-e2b27d4bcb59","method":"POST","path":"/api/v1/auth/refresh","status":401,"ms":0,"ip":"::ffff:127.0.0.1"}
{"timestamp":"2026-04-06T07:15:35.603Z","level":"warn","service":"api-server","message":"Invalid access token","requestId":"4de006e9-acfb-4d2e-8c3f-51de4103db1b","code":"AUTH_TOKEN_INVALID","statusCode":401}
{"timestamp":"2026-04-06T07:15:35.603Z","level":"warn","service":"api-server","message":"HTTP","requestId":"4de006e9-acfb-4d2e-8c3f-51de4103db1b","method":"GET","path":"/api/v1/merchant/dashboard","status":401,"ms":2,"ip":"::ffff:127.0.0.1"}
{"timestamp":"2026-04-06T07:15:35.604Z","level":"info","service":"api-server","message":"HTTP","requestId":"f7531dec-b28f-4135-9b12-741f963eb202","method":"POST","path":"/refresh","status":200,"ms":1,"ip":"::ffff:127.0.0.1"}
{"timestamp":"2026-04-06T07:15:35.604Z","level":"warn","service":"api-server","message":"Insufficient permissions","requestId":"af3b4b29-2478-4697-99fa-887d7afeb83f","code":"RBAC_INSUFFICIENT_PERMISSIONS","statusCode":403}
{"timestamp":"2026-04-06T07:15:35.604Z","level":"warn","service":"api-server","message":"HTTP","requestId":"af3b4b29-2478-4697-99fa-887d7afeb83f","method":"GET","path":"/admin/audit-chain/status","status":403,"ms":2,"ip":"::ffff:127.0.0.1"}
{"timestamp":"2026-04-06T07:15:35.608Z","level":"warn","service":"api-server","message":"Access token required","requestId":"11c420e6-9b52-414d-818e-73a68055eb79","code":"AUTH_TOKEN_MISSING","statusCode":401}
{"timestamp":"2026-04-06T07:15:35.608Z","level":"warn","service":"api-server","message":"Access token required","requestId":"cf98de67-7594-45cf-976b-8fa2b011d67f","code":"AUTH_TOKEN_MISSING","statusCode":401}
{"timestamp":"2026-04-06T07:15:35.609Z","level":"warn","service":"api-server","message":"HTTP","requestId":"11c420e6-9b52-414d-818e-73a68055eb79","method":"POST","path":"/api/v1/auth/change-password","status":401,"ms":1,"ip":"::ffff:127.0.0.1"}
{"timestamp":"2026-04-06T07:15:35.608Z","level":"warn","service":"api-server","message":"HTTP","requestId":"cf98de67-7594-45cf-976b-8fa2b011d67f","method":"GET","path":"/admin/audit-chain/status","status":401,"ms":1,"ip":"::ffff:127.0.0.1"}
{"timestamp":"2026-04-06T07:15:35.609Z","level":"warn","service":"api-server","message":"Insufficient permissions","requestId":"31ea05a9-5d53-48eb-8c05-c8a82e2aef0b","code":"RBAC_INSUFFICIENT_PERMISSIONS","statusCode":403}
{"timestamp":"2026-04-06T07:15:35.609Z","level":"warn","service":"api-server","message":"HTTP","requestId":"31ea05a9-5d53-48eb-8c05-c8a82e2aef0b","method":"GET","path":"/admin/users","status":403,"ms":1,"ip":"::ffff:127.0.0.1"}
{"timestamp":"2026-04-06T07:15:35.615Z","level":"warn","service":"api-server","message":"Validation failed","requestId":"cb89c12e-4d51-4db3-b25e-2421e24187e0","code":"VALIDATION_FAILED","statusCode":400}
{"timestamp":"2026-04-06T07:15:35.614Z","level":"warn","service":"api-server","message":"Insufficient permissions","requestId":"e5f06580-df74-457c-844c-2926fdb3675a","code":"RBAC_INSUFFICIENT_PERMISSIONS","statusCode":403}
{"timestamp":"2026-04-06T07:15:35.615Z","level":"warn","service":"api-server","message":"HTTP","requestId":"cb89c12e-4d51-4db3-b25e-2421e24187e0","method":"POST","path":"/api/v1/auth/change-password","status":400,"ms":2,"ip":"::ffff:127.0.0.1"}
{"timestamp":"2026-04-06T07:15:35.614Z","level":"warn","service":"api-server","message":"HTTP","requestId":"e5f06580-df74-457c-844c-2926fdb3675a","method":"POST","path":"/admin/compliance/ofac/sync","status":403,"ms":2,"ip":"::ffff:127.0.0.1"}
{"timestamp":"2026-04-06T07:15:35.617Z","level":"warn","service":"api-server","message":"HTTP","requestId":"e7f93c03-9bc1-491c-b85b-aa71da5e710d","method":"POST","path":"/api/v1/payments","status":500,"ms":3,"ip":"::ffff:127.0.0.1"}
{"timestamp":"2026-04-06T07:15:35.619Z","level":"warn","service":"api-server","message":"Access token required","requestId":"b4b9a555-f7f5-47f0-84ea-76cb7b8fe4b2","code":"AUTH_TOKEN_MISSING","statusCode":401}
{"timestamp":"2026-04-06T07:15:35.620Z","level":"warn","service":"api-server","message":"HTTP","requestId":"b4b9a555-f7f5-47f0-84ea-76cb7b8fe4b2","method":"GET","path":"/admin/dlq","status":401,"ms":0,"ip":"::ffff:127.0.0.1"}
{"timestamp":"2026-04-06T07:15:35.621Z","level":"warn","service":"api-server","message":"Validation failed","requestId":"03852962-dde2-496b-a00d-2968b45ac4b3","code":"VALIDATION_FAILED","statusCode":400}
{"timestamp":"2026-04-06T07:15:35.621Z","level":"warn","service":"api-server","message":"HTTP","requestId":"03852962-dde2-496b-a00d-2968b45ac4b3","method":"POST","path":"/api/v1/auth/change-password","status":400,"ms":1,"ip":"::ffff:127.0.0.1"}
{"timestamp":"2026-04-06T07:15:35.624Z","level":"warn","service":"api-server","message":"Merchant profile not found","requestId":"a43dc925-d294-435a-9270-8507253d1630","code":"MERCHANT_NOT_FOUND","statusCode":404}
{"timestamp":"2026-04-06T07:15:35.624Z","level":"warn","service":"api-server","message":"HTTP","requestId":"a43dc925-d294-435a-9270-8507253d1630","method":"GET","path":"/api/v1/merchant/transactions","status":404,"ms":2,"ip":"::ffff:127.0.0.1"}
{"timestamp":"2026-04-06T07:15:35.625Z","level":"warn","service":"api-server","message":"Insufficient permissions","requestId":"744e796a-ce23-4adb-8b94-c741878cb50e","code":"RBAC_INSUFFICIENT_PERMISSIONS","statusCode":403}
{"timestamp":"2026-04-06T07:15:35.626Z","level":"warn","service":"api-server","message":"HTTP","requestId":"744e796a-ce23-4adb-8b94-c741878cb50e","method":"GET","path":"/admin/dlq","status":403,"ms":2,"ip":"::ffff:127.0.0.1"}
{"timestamp":"2026-04-06T07:15:35.627Z","level":"warn","service":"api-server","message":"Validation failed","requestId":"b53f326a-ea5e-4b93-afd6-338afa5e0aaf","code":"VALIDATION_FAILED","statusCode":400}
{"timestamp":"2026-04-06T07:15:35.628Z","level":"warn","service":"api-server","message":"HTTP","requestId":"b53f326a-ea5e-4b93-afd6-338afa5e0aaf","method":"POST","path":"/api/v1/auth/change-password","status":400,"ms":2,"ip":"::ffff:127.0.0.1"}
{"timestamp":"2026-04-06T07:15:35.630Z","level":"warn","service":"api-server","message":"Invalid access token","requestId":"f1feb229-9e14-4d50-a17f-de8aeb1bced8","code":"AUTH_TOKEN_INVALID","statusCode":401}
{"timestamp":"2026-04-06T07:15:35.631Z","level":"warn","service":"api-server","message":"HTTP","requestId":"f1feb229-9e14-4d50-a17f-de8aeb1bced8","method":"GET","path":"/admin/users","status":401,"ms":3,"ip":"::ffff:127.0.0.1"}
{"timestamp":"2026-04-06T07:15:35.631Z","level":"warn","service":"api-server","message":"Access token required","requestId":"4f335d5d-6b5d-450a-b7d4-af14af361131","code":"AUTH_TOKEN_MISSING","statusCode":401}
{"timestamp":"2026-04-06T07:15:35.631Z","level":"warn","service":"api-server","message":"HTTP","requestId":"4f335d5d-6b5d-450a-b7d4-af14af361131","method":"PUT","path":"/api/v1/merchant/webhook","status":401,"ms":1,"ip":"::ffff:127.0.0.1"}
{"timestamp":"2026-04-06T07:15:35.634Z","level":"info","service":"api-server","message":"HTTP","requestId":"996a6254-9b2d-4113-8c7f-6918086f77bc","method":"POST","path":"/change-password","status":200,"ms":2,"ip":"::ffff:127.0.0.1"}
{"timestamp":"2026-04-06T07:15:35.639Z","level":"warn","service":"api-server","message":"Access token required","requestId":"1cd2ea69-518a-40b8-9642-b37e41bc684e","code":"AUTH_TOKEN_MISSING","statusCode":401}
{"timestamp":"2026-04-06T07:15:35.639Z","level":"warn","service":"api-server","message":"HTTP","requestId":"1cd2ea69-518a-40b8-9642-b37e41bc684e","method":"POST","path":"/api/v1/auth/2fa/setup","status":401,"ms":1,"ip":"::ffff:127.0.0.1"}
{"timestamp":"2026-04-06T07:15:35.639Z","level":"warn","service":"api-server","message":"Merchant profile not found","requestId":"4e5940de-dd61-41d3-83f5-a6454a494696","code":"MERCHANT_NOT_FOUND","statusCode":404}
{"timestamp":"2026-04-06T07:15:35.640Z","level":"warn","service":"api-server","message":"HTTP","requestId":"4e5940de-dd61-41d3-83f5-a6454a494696","method":"GET","path":"/api/v1/merchant/dashboard","status":404,"ms":2,"ip":"::ffff:127.0.0.1"}
{"timestamp":"2026-04-06T07:15:35.646Z","level":"info","service":"api-server","message":"HTTP","requestId":"c8eb28c3-ab68-4ec9-90d2-a9f455d6f95a","method":"POST","path":"/2fa/setup","status":200,"ms":2,"ip":"::ffff:127.0.0.1"}
{"timestamp":"2026-04-06T07:15:35.646Z","level":"warn","service":"api-server","message":"Insufficient permissions","requestId":"1b654dc0-ec2d-43b6-8ee0-ef954041a8e8","code":"RBAC_INSUFFICIENT_PERMISSIONS","statusCode":403}
{"timestamp":"2026-04-06T07:15:35.647Z","level":"warn","service":"api-server","message":"HTTP","requestId":"1b654dc0-ec2d-43b6-8ee0-ef954041a8e8","method":"PUT","path":"/api/v1/merchant/webhook","status":403,"ms":2,"ip":"::ffff:127.0.0.1"}
{"timestamp":"2026-04-06T07:15:35.651Z","level":"warn","service":"api-server","message":"Validation failed","requestId":"e2dfc44a-ee25-42cb-a6c9-406c506df86b","code":"VALIDATION_FAILED","statusCode":400}
{"timestamp":"2026-04-06T07:15:35.651Z","level":"warn","service":"api-server","message":"HTTP","requestId":"e2dfc44a-ee25-42cb-a6c9-406c506df86b","method":"PUT","path":"/api/v1/merchant/webhook","status":400,"ms":14,"ip":"::ffff:127.0.0.1"}
{"timestamp":"2026-04-06T07:15:35.653Z","level":"warn","service":"api-server","message":"Validation failed","requestId":"02aa80a7-52a6-4d31-bf19-71f3eaf0f71b","code":"VALIDATION_FAILED","statusCode":400}
{"timestamp":"2026-04-06T07:15:35.653Z","level":"warn","service":"api-server","message":"Insufficient permissions","requestId":"7946f4e6-7ea9-4ca6-878a-a3788de2a92e","code":"RBAC_INSUFFICIENT_PERMISSIONS","statusCode":403}
{"timestamp":"2026-04-06T07:15:35.653Z","level":"warn","service":"api-server","message":"HTTP","requestId":"02aa80a7-52a6-4d31-bf19-71f3eaf0f71b","method":"POST","path":"/api/v1/auth/2fa/verify","status":400,"ms":1,"ip":"::ffff:127.0.0.1"}
{"timestamp":"2026-04-06T07:15:35.653Z","level":"warn","service":"api-server","message":"HTTP","requestId":"7946f4e6-7ea9-4ca6-878a-a3788de2a92e","method":"POST","path":"/admin/merchants","status":403,"ms":1,"ip":"::ffff:127.0.0.1"}
{"timestamp":"2026-04-06T07:15:35.658Z","level":"warn","service":"api-server","message":"Access token required","requestId":"49ce5d4a-ae62-411b-bf49-55707203eeb2","code":"AUTH_TOKEN_MISSING","statusCode":401}
{"timestamp":"2026-04-06T07:15:35.658Z","level":"warn","service":"api-server","message":"HTTP","requestId":"49ce5d4a-ae62-411b-bf49-55707203eeb2","method":"POST","path":"/api/v1/auth/2fa/disable","status":401,"ms":1,"ip":"::ffff:127.0.0.1"}
{"timestamp":"2026-04-06T07:15:35.660Z","level":"warn","service":"api-server","message":"Insufficient permissions","requestId":"371dfa43-4910-4b5c-99a6-72817b7ec810","code":"RBAC_INSUFFICIENT_PERMISSIONS","statusCode":403}
{"timestamp":"2026-04-06T07:15:35.660Z","level":"warn","service":"api-server","message":"Validation failed","requestId":"57957eae-1ca8-44aa-9e1a-8f6af04931c4","code":"VALIDATION_FAILED","statusCode":400}
{"timestamp":"2026-04-06T07:15:35.661Z","level":"warn","service":"api-server","message":"HTTP","requestId":"371dfa43-4910-4b5c-99a6-72817b7ec810","method":"GET","path":"/admin/merchants","status":403,"ms":2,"ip":"::ffff:127.0.0.1"}
{"timestamp":"2026-04-06T07:15:35.661Z","level":"warn","service":"api-server","message":"HTTP","requestId":"57957eae-1ca8-44aa-9e1a-8f6af04931c4","method":"PUT","path":"/api/v1/merchant/webhook","status":400,"ms":5,"ip":"::ffff:127.0.0.1"}
{"timestamp":"2026-04-06T07:15:35.668Z","level":"warn","service":"api-server","message":"Validation failed","requestId":"f1c134b4-1844-48c2-be7b-a6e6b59a502a","code":"VALIDATION_FAILED","statusCode":400}
{"timestamp":"2026-04-06T07:15:35.668Z","level":"warn","service":"api-server","message":"HTTP","requestId":"f1c134b4-1844-48c2-be7b-a6e6b59a502a","method":"PUT","path":"/api/v1/merchant/webhook","status":400,"ms":2,"ip":"::ffff:127.0.0.1"}
{"timestamp":"2026-04-06T07:15:35.669Z","level":"warn","service":"api-server","message":"Insufficient permissions","requestId":"71922581-abf7-43c1-9ee3-d8be7fc2691d","code":"RBAC_INSUFFICIENT_PERMISSIONS","statusCode":403}
{"timestamp":"2026-04-06T07:15:35.669Z","level":"warn","service":"api-server","message":"HTTP","requestId":"71922581-abf7-43c1-9ee3-d8be7fc2691d","method":"GET","path":"/admin/dlq","status":403,"ms":3,"ip":"::ffff:127.0.0.1"}
{"timestamp":"2026-04-06T07:15:35.674Z","level":"warn","service":"api-server","message":"Validation failed","requestId":"466372d9-3d10-4641-a6a9-a8f7f85bbeae","code":"VALIDATION_FAILED","statusCode":400}
{"timestamp":"2026-04-06T07:15:35.675Z","level":"warn","service":"api-server","message":"HTTP","requestId":"466372d9-3d10-4641-a6a9-a8f7f85bbeae","method":"PUT","path":"/api/v1/merchant/webhook","status":400,"ms":2,"ip":"::ffff:127.0.0.1"}
{"timestamp":"2026-04-06T07:15:35.680Z","level":"warn","service":"api-server","message":"Validation failed","requestId":"ea970d9a-f931-45a6-b7f9-d94239e02cbf","code":"VALIDATION_FAILED","statusCode":400}
FAIL services/api-server/tests/merchant_api.test.js
  ΓùÅ Console

    console.log
      Γùç injecting env (34) from .env.local // tip: Γîÿ override existing { override: true }

      at _log (node_modules/dotenv/lib/main.js:131:11)

    console.log
      Γùç injecting env (0) from .env.local // tip: Γîü auth for agents [www.vestauth.com]

      at _log (node_modules/dotenv/lib/main.js:131:11)

    console.log
      Γùç injecting env (0) from .env.local // tip: Γîÿ suppress logs { quiet: true }

      at _log (node_modules/dotenv/lib/main.js:131:11)

    console.error
      ValidationError: Custom keyGenerator appears to use request IP without calling the ipKeyGenerator helper function for IPv6 
addresses. This could allow IPv6 users to bypass limits. See https://express-rate-limit.github.io/ERR_ERL_KEY_GEN_IPV6/ for more 
information.
          at Object.keyGeneratorIpFallback 
(C:\Users\UniquePicturePrints\Desktop\Project\XCoinGateway\node_modules\express-rate-limit\dist\index.cjs:642:13)
          at Object.wrappedValidations.<computed> [as keyGeneratorIpFallback] 
(C:\Users\UniquePicturePrints\Desktop\Project\XCoinGateway\node_modules\express-rate-limit\dist\index.cjs:685:22)
          at parseOptions 
(C:\Users\UniquePicturePrints\Desktop\Project\XCoinGateway\node_modules\express-rate-limit\dist\index.cjs:755:16)
          at rateLimit 
(C:\Users\UniquePicturePrints\Desktop\Project\XCoinGateway\node_modules\express-rate-limit\dist\index.cjs:836:18)
          at Object.rateLimit 
(C:\Users\UniquePicturePrints\Desktop\Project\XCoinGateway\services\api-server\src\routes\merchantPortal.js:114:28)
          at Runtime._execModule 
(C:\Users\UniquePicturePrints\Desktop\Project\XCoinGateway\node_modules\jest-runtime\build\index.js:1264:24)
          at Runtime._loadModule 
(C:\Users\UniquePicturePrints\Desktop\Project\XCoinGateway\node_modules\jest-runtime\build\index.js:940:12)
          at Runtime.requireModule 
(C:\Users\UniquePicturePrints\Desktop\Project\XCoinGateway\node_modules\jest-runtime\build\index.js:828:12)
          at Runtime.requireModuleOrMock 
(C:\Users\UniquePicturePrints\Desktop\Project\XCoinGateway\node_modules\jest-runtime\build\index.js:960:21)
          at Object.require (C:\Users\UniquePicturePrints\Desktop\Project\XCoinGateway\services\api-server\src\app.js:75:32)
          at Runtime._execModule 
(C:\Users\UniquePicturePrints\Desktop\Project\XCoinGateway\node_modules\jest-runtime\build\index.js:1264:24)
          at Runtime._loadModule 
(C:\Users\UniquePicturePrints\Desktop\Project\XCoinGateway\node_modules\jest-runtime\build\index.js:940:12)
          at Runtime.requireModule 
(C:\Users\UniquePicturePrints\Desktop\Project\XCoinGateway\node_modules\jest-runtime\build\index.js:828:12)
          at Runtime.requireModuleOrMock 
(C:\Users\UniquePicturePrints\Desktop\Project\XCoinGateway\node_modules\jest-runtime\build\index.js:960:21)
          at Object.require 
(C:\Users\UniquePicturePrints\Desktop\Project\XCoinGateway\services\api-server\tests\merchant_api.test.js:74:17)
          at Runtime._execModule 
(C:\Users\UniquePicturePrints\Desktop\Project\XCoinGateway\node_modules\jest-runtime\build\index.js:1264:24)
          at Runtime._loadModule 
(C:\Users\UniquePicturePrints\Desktop\Project\XCoinGateway\node_modules\jest-runtime\build\index.js:940:12)
          at Runtime.requireModule 
(C:\Users\UniquePicturePrints\Desktop\Project\XCoinGateway\node_modules\jest-runtime\build\index.js:828:12)
          at jestAdapter (C:\Users\UniquePicturePrints\Desktop\Project\XCoinGateway\node_modules\jest-circus\build\runner.js:95:13)
          at processTicksAndRejections (node:internal/process/task_queues:95:5)
          at runTestInternal 
(C:\Users\UniquePicturePrints\Desktop\Project\XCoinGateway\node_modules\jest-runner\build\testWorker.js:275:16)
          at runTest (C:\Users\UniquePicturePrints\Desktop\Project\XCoinGateway\node_modules\jest-runner\build\testWorker.js:343:7)
          at Object.worker 
(C:\Users\UniquePicturePrints\Desktop\Project\XCoinGateway\node_modules\jest-runner\build\testWorker.js:497:12) {
        code: 'ERR_ERL_KEY_GEN_IPV6',
        help: 'https://express-rate-limit.github.io/ERR_ERL_KEY_GEN_IPV6/'
      }

    [0m [90m 112 |[39m [90m// Kept at 1/min to prevent using us as a request amplifier / DDoS tool.[39m
     [90m 113 |[39m [36mconst[39m rateLimit [33m=[39m require([32m'express-rate-limit'[39m)[33m;[39m
    [31m[1m>[22m[39m[90m 114 |[39m [36mconst[39m webhookTestLimiter [33m=[39m rateLimit({
     [90m     |[39m                            [31m[1m^[22m[39m
     [90m 115 |[39m   windowMs[33m:[39m [35m60[39m [33m*[39m [35m1000[39m[33m,[39m
     [90m 116 |[39m   max[33m:[39m      [35m1[39m[33m,[39m
     [90m 117 |[39m   keyGenerator[33m:[39m (req) [33m=>[39m [32m`merchant:${req.user.userId || 
req.ip}:webhooktest`[39m[33m,[39m[0m

      at Object.wrappedValidations.<computed> [as keyGeneratorIpFallback] (node_modules/express-rate-limit/dist/index.cjs:691:24)
      at parseOptions (node_modules/express-rate-limit/dist/index.cjs:755:16)
      at rateLimit (node_modules/express-rate-limit/dist/index.cjs:836:18)
      at Object.rateLimit (services/api-server/src/routes/merchantPortal.js:114:28)
      at Object.require (services/api-server/src/app.js:75:32)
      at Object.require (services/api-server/tests/merchant_api.test.js:74:17)

  ΓùÅ Invoice HMAC Endpoint ΓÇö /api/v1/payments ΓÇ║ POST /api/v1/payments without any auth ΓåÆ 401

    expect(received).toBe(expected) // Object.is equality

    Expected: 401
    Received: 500

    [0m [90m 156 |[39m       [33m.[39m[36mset[39m([32m'Content-Type'[39m[33m,[39m [32m'application/json'[39m)
     [90m 157 |[39m       [33m.[39msend({ amount[33m:[39m [35m100[39m[33m,[39m currency[33m:[39m [32m'USDT'[39m 
})[33m;[39m
    [31m[1m>[22m[39m[90m 158 |[39m     expect(res[33m.[39mstatus)[33m.[39mtoBe([35m401[39m)[33m;[39m
     [90m     |[39m                        [31m[1m^[22m[39m
     [90m 159 |[39m   })[33m;[39m
     [90m 160 |[39m
     [90m 161 |[39m   test([32m'POST /api/v1/payments with JWT Bearer ΓåÆ 401 (HMAC-only, JWT rejected by design)'[39m[33m,[39m 
[36masync[39m () [33m=>[39m {[0m

      at Object.toBe (services/api-server/tests/merchant_api.test.js:158:24)

  ΓùÅ Invoice HMAC Endpoint ΓÇö /api/v1/payments ΓÇ║ POST /api/v1/payments with JWT Bearer ΓåÆ 401 (HMAC-only, JWT rejected by design)

    expect(received).toBe(expected) // Object.is equality

    Expected: 401
    Received: 500

    [0m [90m 167 |[39m       [33m.[39m[36mset[39m([32m'Content-Type'[39m[33m,[39m [32m'application/json'[39m)
     [90m 168 |[39m       [33m.[39msend({ currency[33m:[39m [32m'USDT'[39m })[33m;[39m [90m// no amount[39m
    [31m[1m>[22m[39m[90m 169 |[39m     expect(res[33m.[39mstatus)[33m.[39mtoBe([35m401[39m)[33m;[39m [90m// HMAC 
headers missing[39m
     [90m     |[39m                        [31m[1m^[22m[39m
     [90m 170 |[39m     expect(res[33m.[39mbody[33m.[39msuccess)[33m.[39mtoBe([36mfalse[39m)[33m;[39m
     [90m 171 |[39m   })[33m;[39m
     [90m 172 |[39m[0m

      at Object.toBe (services/api-server/tests/merchant_api.test.js:169:24)

  ΓùÅ Invoice HMAC Endpoint ΓÇö /api/v1/payments ΓÇ║ POST /api/v1/payments with JWT Bearer + negative amount ΓåÆ 401 (HMAC-only)

    expect(received).toBe(expected) // Object.is equality

    Expected: 401
    Received: 500

    [0m [90m 177 |[39m       [33m.[39m[36mset[39m([32m'Content-Type'[39m[33m,[39m [32m'application/json'[39m)
     [90m 178 |[39m       [33m.[39msend({ amount[33m:[39m [33m-[39m[35m100[39m[33m,[39m currency[33m:[39m 
[32m'USDT'[39m })[33m;[39m
    [31m[1m>[22m[39m[90m 179 |[39m     expect(res[33m.[39mstatus)[33m.[39mtoBe([35m401[39m)[33m;[39m
     [90m     |[39m                        [31m[1m^[22m[39m
     [90m 180 |[39m   })[33m;[39m
     [90m 181 |[39m
     [90m 182 |[39m   test([32m'POST /api/v1/payments with JWT Bearer + zero amount ΓåÆ 401 (HMAC-only)'[39m[33m,[39m 
[36masync[39m () [33m=>[39m {[0m

      at Object.toBe (services/api-server/tests/merchant_api.test.js:179:24)

  ΓùÅ Invoice HMAC Endpoint ΓÇö /api/v1/payments ΓÇ║ POST /api/v1/payments with JWT Bearer + zero amount ΓåÆ 401 (HMAC-only)

    expect(received).toBe(expected) // Object.is equality

    Expected: 401
    Received: 500

    [0m [90m 186 |[39m       [33m.[39m[36mset[39m([32m'Content-Type'[39m[33m,[39m [32m'application/json'[39m)
     [90m 187 |[39m       [33m.[39msend({ amount[33m:[39m [35m0[39m[33m,[39m currency[33m:[39m [32m'USDT'[39m 
})[33m;[39m
    [31m[1m>[22m[39m[90m 188 |[39m     expect(res[33m.[39mstatus)[33m.[39mtoBe([35m401[39m)[33m;[39m
     [90m     |[39m                        [31m[1m^[22m[39m
     [90m 189 |[39m   })[33m;[39m
     [90m 190 |[39m
     [90m 191 |[39m   test([32m'POST /api/v1/payments with JWT Bearer + invalid currency ΓåÆ 401 (HMAC-only)'[39m[33m,[39m 
[36masync[39m () [33m=>[39m {[0m

      at Object.toBe (services/api-server/tests/merchant_api.test.js:188:24)

  ΓùÅ Invoice HMAC Endpoint ΓÇö /api/v1/payments ΓÇ║ POST /api/v1/payments with JWT Bearer + invalid currency ΓåÆ 401 (HMAC-only)

    expect(received).toBe(expected) // Object.is equality

    Expected: 401
    Received: 500

    [0m [90m 195 |[39m       [33m.[39m[36mset[39m([32m'Content-Type'[39m[33m,[39m [32m'application/json'[39m)
     [90m 196 |[39m       [33m.[39msend({ amount[33m:[39m [35m100[39m[33m,[39m currency[33m:[39m [32m'BTC'[39m 
})[33m;[39m
    [31m[1m>[22m[39m[90m 197 |[39m     expect(res[33m.[39mstatus)[33m.[39mtoBe([35m401[39m)[33m;[39m
     [90m     |[39m                        [31m[1m^[22m[39m
     [90m 198 |[39m   })[33m;[39m
     [90m 199 |[39m })[33m;[39m
     [90m 200 |[39m[0m

      at Object.toBe (services/api-server/tests/merchant_api.test.js:197:24)

  ΓùÅ Withdrawal HMAC Endpoint ΓÇö /api/v1/withdrawals ΓÇ║ POST /api/v1/withdrawals without auth ΓåÆ 401

    expect(received).toBe(expected) // Object.is equality

    Expected: 401
    Received: 500

    [0m [90m 210 |[39m       [33m.[39m[36mset[39m([32m'Content-Type'[39m[33m,[39m [32m'application/json'[39m)
     [90m 211 |[39m       [33m.[39msend({ amount[33m:[39m [35m100[39m[33m,[39m toAddress[33m:[39m 
[32m'TN3W4T7pk41MMxL1mjC6HeMoAWH7aA4X9F'[39m })[33m;[39m
    [31m[1m>[22m[39m[90m 212 |[39m     expect(res[33m.[39mstatus)[33m.[39mtoBe([35m401[39m)[33m;[39m
     [90m     |[39m                        [31m[1m^[22m[39m
     [90m 213 |[39m   })[33m;[39m
     [90m 214 |[39m
     [90m 215 |[39m   test([32m'POST /api/v1/withdrawals with JWT Bearer ΓåÆ 401 (HMAC-only, missing amount 
irrelevant)'[39m[33m,[39m [36masync[39m () [33m=>[39m {[0m

      at Object.toBe (services/api-server/tests/merchant_api.test.js:212:24)

  ΓùÅ Withdrawal HMAC Endpoint ΓÇö /api/v1/withdrawals ΓÇ║ POST /api/v1/withdrawals with JWT Bearer ΓåÆ 401 (HMAC-only, missing 
amount irrelevant)

    expect(received).toBe(expected) // Object.is equality

    Expected: 401
    Received: 500

    [0m [90m 220 |[39m       [33m.[39m[36mset[39m([32m'Content-Type'[39m[33m,[39m [32m'application/json'[39m)
     [90m 221 |[39m       [33m.[39msend({ toAddress[33m:[39m [32m'TN3W4T7pk41MMxL1mjC6HeMoAWH7aA4X9F'[39m })[33m;[39m
    [31m[1m>[22m[39m[90m 222 |[39m     expect(res[33m.[39mstatus)[33m.[39mtoBe([35m401[39m)[33m;[39m
     [90m     |[39m                        [31m[1m^[22m[39m
     [90m 223 |[39m   })[33m;[39m
     [90m 224 |[39m
     [90m 225 |[39m   test([32m'POST /api/v1/withdrawals with JWT Bearer + ETH address ΓåÆ 401 (HMAC-only)'[39m[33m,[39m 
[36masync[39m () [33m=>[39m {[0m

      at Object.toBe (services/api-server/tests/merchant_api.test.js:222:24)

  ΓùÅ Withdrawal HMAC Endpoint ΓÇö /api/v1/withdrawals ΓÇ║ POST /api/v1/withdrawals with JWT Bearer + ETH address ΓåÆ 401 (HMAC-only)

    expect(received).toBe(expected) // Object.is equality

    Expected: 401
    Received: 500

    [0m [90m 229 |[39m       [33m.[39m[36mset[39m([32m'Content-Type'[39m[33m,[39m [32m'application/json'[39m)
     [90m 230 |[39m       [33m.[39msend({ amount[33m:[39m [35m100[39m[33m,[39m toAddress[33m:[39m 
[32m'0x742d35Cc6634C0532925a3b8D4C9C2C4a74fb'[39m })[33m;[39m
    [31m[1m>[22m[39m[90m 231 |[39m     expect(res[33m.[39mstatus)[33m.[39mtoBe([35m401[39m)[33m;[39m
     [90m     |[39m                        [31m[1m^[22m[39m
     [90m 232 |[39m     expect(res[33m.[39mbody[33m.[39msuccess)[33m.[39mtoBe([36mfalse[39m)[33m;[39m
     [90m 233 |[39m   })[33m;[39m
     [90m 234 |[39m[0m

      at Object.toBe (services/api-server/tests/merchant_api.test.js:231:24)

  ΓùÅ Withdrawal HMAC Endpoint ΓÇö /api/v1/withdrawals ΓÇ║ GET /api/v1/withdrawals without auth ΓåÆ 401

    expect(received).toBe(expected) // Object.is equality

    Expected: 401
    Received: 500

    [0m [90m 235 |[39m   test([32m'GET /api/v1/withdrawals without auth ΓåÆ 401'[39m[33m,[39m [36masync[39m () [33m=>[39m {
     [90m 236 |[39m     [36mconst[39m res [33m=[39m [36mawait[39m 
request(app)[33m.[39m[36mget[39m([32m'/api/v1/withdrawals'[39m)[33m;[39m
    [31m[1m>[22m[39m[90m 237 |[39m     expect(res[33m.[39mstatus)[33m.[39mtoBe([35m401[39m)[33m;[39m
     [90m     |[39m                        [31m[1m^[22m[39m
     [90m 238 |[39m   })[33m;[39m
     [90m 239 |[39m })[33m;[39m
     [90m 240 |[39m[0m

      at Object.toBe (services/api-server/tests/merchant_api.test.js:237:24)

FAIL services/api-server/tests/hmac_isolation.test.js
  ΓùÅ Console

    console.log
      Γùç injecting env (34) from .env.local // tip: Γîÿ enable debugging { debug: true }

      at _log (node_modules/dotenv/lib/main.js:131:11)

    console.log
      Γùç injecting env (0) from .env.local // tip: Γîÿ multiple files { path: ['.env.local', '.env'] }

      at _log (node_modules/dotenv/lib/main.js:131:11)

    console.log
      Γùç injecting env (0) from .env.local // tip: Γùê encrypted .env [www.dotenvx.com]

      at _log (node_modules/dotenv/lib/main.js:131:11)

    console.error
      ValidationError: Custom keyGenerator appears to use request IP without calling the ipKeyGenerator helper function for IPv6 
addresses. This could allow IPv6 users to bypass limits. See https://express-rate-limit.github.io/ERR_ERL_KEY_GEN_IPV6/ for more 
information.
          at Object.keyGeneratorIpFallback 
(C:\Users\UniquePicturePrints\Desktop\Project\XCoinGateway\node_modules\express-rate-limit\dist\index.cjs:642:13)
          at Object.wrappedValidations.<computed> [as keyGeneratorIpFallback] 
(C:\Users\UniquePicturePrints\Desktop\Project\XCoinGateway\node_modules\express-rate-limit\dist\index.cjs:685:22)
          at parseOptions 
(C:\Users\UniquePicturePrints\Desktop\Project\XCoinGateway\node_modules\express-rate-limit\dist\index.cjs:755:16)
          at rateLimit 
(C:\Users\UniquePicturePrints\Desktop\Project\XCoinGateway\node_modules\express-rate-limit\dist\index.cjs:836:18)
          at Object.rateLimit 
(C:\Users\UniquePicturePrints\Desktop\Project\XCoinGateway\services\api-server\src\routes\merchantPortal.js:114:28)
          at Runtime._execModule 
(C:\Users\UniquePicturePrints\Desktop\Project\XCoinGateway\node_modules\jest-runtime\build\index.js:1264:24)
          at Runtime._loadModule 
(C:\Users\UniquePicturePrints\Desktop\Project\XCoinGateway\node_modules\jest-runtime\build\index.js:940:12)
          at Runtime.requireModule 
(C:\Users\UniquePicturePrints\Desktop\Project\XCoinGateway\node_modules\jest-runtime\build\index.js:828:12)
          at Runtime.requireModuleOrMock 
(C:\Users\UniquePicturePrints\Desktop\Project\XCoinGateway\node_modules\jest-runtime\build\index.js:960:21)
          at Object.require (C:\Users\UniquePicturePrints\Desktop\Project\XCoinGateway\services\api-server\src\app.js:75:32)
          at Runtime._execModule 
(C:\Users\UniquePicturePrints\Desktop\Project\XCoinGateway\node_modules\jest-runtime\build\index.js:1264:24)
          at Runtime._loadModule 
(C:\Users\UniquePicturePrints\Desktop\Project\XCoinGateway\node_modules\jest-runtime\build\index.js:940:12)
          at Runtime.requireModule 
(C:\Users\UniquePicturePrints\Desktop\Project\XCoinGateway\node_modules\jest-runtime\build\index.js:828:12)
          at Runtime.requireModuleOrMock 
(C:\Users\UniquePicturePrints\Desktop\Project\XCoinGateway\node_modules\jest-runtime\build\index.js:960:21)
          at Object.require 
(C:\Users\UniquePicturePrints\Desktop\Project\XCoinGateway\services\api-server\tests\hmac_isolation.test.js:138:20)
          at Runtime._execModule 
(C:\Users\UniquePicturePrints\Desktop\Project\XCoinGateway\node_modules\jest-runtime\build\index.js:1264:24)
          at Runtime._loadModule 
(C:\Users\UniquePicturePrints\Desktop\Project\XCoinGateway\node_modules\jest-runtime\build\index.js:940:12)
          at Runtime.requireModule 
(C:\Users\UniquePicturePrints\Desktop\Project\XCoinGateway\node_modules\jest-runtime\build\index.js:828:12)
          at jestAdapter (C:\Users\UniquePicturePrints\Desktop\Project\XCoinGateway\node_modules\jest-circus\build\runner.js:95:13)
          at processTicksAndRejections (node:internal/process/task_queues:95:5)
          at runTestInternal 
(C:\Users\UniquePicturePrints\Desktop\Project\XCoinGateway\node_modules\jest-runner\build\testWorker.js:275:16)
          at runTest (C:\Users\UniquePicturePrints\Desktop\Project\XCoinGateway\node_modules\jest-runner\build\testWorker.js:343:7)
          at Object.worker 
(C:\Users\UniquePicturePrints\Desktop\Project\XCoinGateway\node_modules\jest-runner\build\testWorker.js:497:12) {
        code: 'ERR_ERL_KEY_GEN_IPV6',
        help: 'https://express-rate-limit.github.io/ERR_ERL_KEY_GEN_IPV6/'
      }

    [0m [90m 112 |[39m [90m// Kept at 1/min to prevent using us as a request amplifier / DDoS tool.[39m
     [90m 113 |[39m [36mconst[39m rateLimit [33m=[39m require([32m'express-rate-limit'[39m)[33m;[39m
    [31m[1m>[22m[39m[90m 114 |[39m [36mconst[39m webhookTestLimiter [33m=[39m rateLimit({
     [90m     |[39m                            [31m[1m^[22m[39m
     [90m 115 |[39m   windowMs[33m:[39m [35m60[39m [33m*[39m [35m1000[39m[33m,[39m
     [90m 116 |[39m   max[33m:[39m      [35m1[39m[33m,[39m
     [90m 117 |[39m   keyGenerator[33m:[39m (req) [33m=>[39m [32m`merchant:${req.user.userId || 
req.ip}:webhooktest`[39m[33m,[39m[0m

      at Object.wrappedValidations.<computed> [as keyGeneratorIpFallback] (node_modules/express-rate-limit/dist/index.cjs:691:24)
      at parseOptions (node_modules/express-rate-limit/dist/index.cjs:755:16)
      at rateLimit (node_modules/express-rate-limit/dist/index.cjs:836:18)
      at Object.rateLimit (services/api-server/src/routes/merchantPortal.js:114:28)
      at Object.require (services/api-server/src/app.js:75:32)
      at Object.require (services/api-server/tests/hmac_isolation.test.js:138:20)

  ΓùÅ HMAC Authentication ΓÇö /api/v1/payments ΓÇ║ Missing Headers ΓÇ║ No HMAC headers at all ΓåÆ 401

    expect(received).toBe(expected) // Object.is equality

    Expected: 401
    Received: 500

    [0m [90m 209 |[39m         [33m.[39msend({ amount[33m:[39m [35m100[39m[33m,[39m currency[33m:[39m [32m'USDT'[39m 
})[33m;[39m
     [90m 210 |[39m
    [31m[1m>[22m[39m[90m 211 |[39m       expect(res[33m.[39mstatus)[33m.[39mtoBe([35m401[39m)[33m;[39m
     [90m     |[39m                          [31m[1m^[22m[39m
     [90m 212 |[39m       expect(res[33m.[39mbody[33m.[39msuccess)[33m.[39mtoBe([36mfalse[39m)[33m;[39m
     [90m 213 |[39m     })[33m;[39m
     [90m 214 |[39m[0m

      at Object.toBe (services/api-server/tests/hmac_isolation.test.js:211:26)

  ΓùÅ HMAC Authentication ΓÇö /api/v1/payments ΓÇ║ Missing Headers ΓÇ║ Missing X-API-Key ΓåÆ 401

    expect(received).toBe(expected) // Object.is equality

    Expected: 401
    Received: 500

    [0m [90m 222 |[39m         [33m.[39msend({ amount[33m:[39m [35m100[39m[33m,[39m currency[33m:[39m [32m'USDT'[39m 
})[33m;[39m
     [90m 223 |[39m
    [31m[1m>[22m[39m[90m 224 |[39m       expect(res[33m.[39mstatus)[33m.[39mtoBe([35m401[39m)[33m;[39m
     [90m     |[39m                          [31m[1m^[22m[39m
     [90m 225 |[39m     })[33m;[39m
     [90m 226 |[39m
     [90m 227 |[39m     test([32m'Missing X-Signature ΓåÆ 401'[39m[33m,[39m [36masync[39m () [33m=>[39m {[0m

      at Object.toBe (services/api-server/tests/hmac_isolation.test.js:224:26)

  ΓùÅ HMAC Authentication ΓÇö /api/v1/payments ΓÇ║ Missing Headers ΓÇ║ Missing X-Signature ΓåÆ 401

    expect(received).toBe(expected) // Object.is equality

    Expected: 401
    Received: 500

    [0m [90m 234 |[39m         [33m.[39msend({ amount[33m:[39m [35m100[39m[33m,[39m currency[33m:[39m [32m'USDT'[39m 
})[33m;[39m
     [90m 235 |[39m
    [31m[1m>[22m[39m[90m 236 |[39m       expect(res[33m.[39mstatus)[33m.[39mtoBe([35m401[39m)[33m;[39m
     [90m     |[39m                          [31m[1m^[22m[39m
     [90m 237 |[39m     })[33m;[39m
     [90m 238 |[39m
     [90m 239 |[39m     test([32m'Missing X-Nonce ΓåÆ 401'[39m[33m,[39m [36masync[39m () [33m=>[39m {[0m

      at Object.toBe (services/api-server/tests/hmac_isolation.test.js:236:26)

  ΓùÅ HMAC Authentication ΓÇö /api/v1/payments ΓÇ║ Missing Headers ΓÇ║ Missing X-Nonce ΓåÆ 401

    expect(received).toBe(expected) // Object.is equality

    Expected: 401
    Received: 500

    [0m [90m 246 |[39m         [33m.[39msend({ amount[33m:[39m [35m100[39m[33m,[39m currency[33m:[39m [32m'USDT'[39m 
})[33m;[39m
     [90m 247 |[39m
    [31m[1m>[22m[39m[90m 248 |[39m       expect(res[33m.[39mstatus)[33m.[39mtoBe([35m401[39m)[33m;[39m
     [90m     |[39m                          [31m[1m^[22m[39m
     [90m 249 |[39m     })[33m;[39m
     [90m 250 |[39m
     [90m 251 |[39m     test([32m'Missing X-Timestamp ΓåÆ 401'[39m[33m,[39m [36masync[39m () [33m=>[39m {[0m

      at Object.toBe (services/api-server/tests/hmac_isolation.test.js:248:26)

  ΓùÅ HMAC Authentication ΓÇö /api/v1/payments ΓÇ║ Missing Headers ΓÇ║ Missing X-Timestamp ΓåÆ 401

    expect(received).toBe(expected) // Object.is equality

    Expected: 401
    Received: 500

    [0m [90m 258 |[39m         [33m.[39msend({ amount[33m:[39m [35m100[39m[33m,[39m currency[33m:[39m [32m'USDT'[39m 
})[33m;[39m
     [90m 259 |[39m
    [31m[1m>[22m[39m[90m 260 |[39m       expect(res[33m.[39mstatus)[33m.[39mtoBe([35m401[39m)[33m;[39m
     [90m     |[39m                          [31m[1m^[22m[39m
     [90m 261 |[39m     })[33m;[39m
     [90m 262 |[39m   })[33m;[39m
     [90m 263 |[39m[0m

      at Object.toBe (services/api-server/tests/hmac_isolation.test.js:260:26)

  ΓùÅ HMAC Authentication ΓÇö /api/v1/payments ΓÇ║ Timestamp Validation ΓÇ║ Timestamp 6 minutes old ΓåÆ 401 (outside ┬▒5 min window)

    expect(received).toBe(expected) // Object.is equality

    Expected: 401
    Received: 500

    [0m [90m 272 |[39m         [33m.[39msend({})[33m;[39m
     [90m 273 |[39m
    [31m[1m>[22m[39m[90m 274 |[39m       expect(res[33m.[39mstatus)[33m.[39mtoBe([35m401[39m)[33m;[39m
     [90m     |[39m                          [31m[1m^[22m[39m
     [90m 275 |[39m     })[33m;[39m
     [90m 276 |[39m
     [90m 277 |[39m     test([32m'Timestamp 6 minutes in future ΓåÆ 401 (clock skew)'[39m[33m,[39m [36masync[39m () 
[33m=>[39m {[0m

      at Object.toBe (services/api-server/tests/hmac_isolation.test.js:274:26)

  ΓùÅ HMAC Authentication ΓÇö /api/v1/payments ΓÇ║ Timestamp Validation ΓÇ║ Timestamp 6 minutes in future ΓåÆ 401 (clock skew)

    expect(received).toBe(expected) // Object.is equality

    Expected: 401
    Received: 500

    [0m [90m 284 |[39m         [33m.[39msend({})[33m;[39m
     [90m 285 |[39m
    [31m[1m>[22m[39m[90m 286 |[39m       expect(res[33m.[39mstatus)[33m.[39mtoBe([35m401[39m)[33m;[39m
     [90m     |[39m                          [31m[1m^[22m[39m
     [90m 287 |[39m     })[33m;[39m
     [90m 288 |[39m
     [90m 289 |[39m     test([32m'Non-numeric timestamp ΓåÆ 401'[39m[33m,[39m [36masync[39m () [33m=>[39m {[0m

      at Object.toBe (services/api-server/tests/hmac_isolation.test.js:286:26)

  ΓùÅ HMAC Authentication ΓÇö /api/v1/payments ΓÇ║ Timestamp Validation ΓÇ║ Non-numeric timestamp ΓåÆ 401

    expect(received).toBe(expected) // Object.is equality

    Expected: 401
    Received: 500

    [0m [90m 295 |[39m         [33m.[39msend({})[33m;[39m
     [90m 296 |[39m
    [31m[1m>[22m[39m[90m 297 |[39m       expect(res[33m.[39mstatus)[33m.[39mtoBe([35m401[39m)[33m;[39m
     [90m     |[39m                          [31m[1m^[22m[39m
     [90m 298 |[39m     })[33m;[39m
     [90m 299 |[39m   })[33m;[39m
     [90m 300 |[39m[0m

      at Object.toBe (services/api-server/tests/hmac_isolation.test.js:297:26)

  ΓùÅ HMAC Authentication ΓÇö /api/v1/payments ΓÇ║ Nonce Replay Prevention ΓÇ║ Same nonce used twice ΓåÆ second request gets 401

    expect(received).toBe(expected) // Object.is equality

    Expected: 401
    Received: 500

    [0m [90m 319 |[39m         [33m.[39msend(body)[33m;[39m
     [90m 320 |[39m
    [31m[1m>[22m[39m[90m 321 |[39m       expect(res[33m.[39mstatus)[33m.[39mtoBe([35m401[39m)[33m;[39m
     [90m     |[39m                          [31m[1m^[22m[39m
     [90m 322 |[39m     })[33m;[39m
     [90m 323 |[39m   })[33m;[39m
     [90m 324 |[39m[0m

      at Object.toBe (services/api-server/tests/hmac_isolation.test.js:321:26)

  ΓùÅ HMAC Authentication ΓÇö /api/v1/payments ΓÇ║ API Key Validation ΓÇ║ Unknown API key (not in DB) ΓåÆ 401

    expect(received).toBe(expected) // Object.is equality

    Expected: 401
    Received: 500

    [0m [90m 334 |[39m         [33m.[39msend({ amount[33m:[39m [35m100[39m })[33m;[39m
     [90m 335 |[39m
    [31m[1m>[22m[39m[90m 336 |[39m       expect(res[33m.[39mstatus)[33m.[39mtoBe([35m401[39m)[33m;[39m
     [90m     |[39m                          [31m[1m^[22m[39m
     [90m 337 |[39m     })[33m;[39m
     [90m 338 |[39m
     [90m 339 |[39m     test([32m'Revoked API key (isActive=false) ΓåÆ 401'[39m[33m,[39m [36masync[39m () [33m=>[39m {[0m

      at Object.toBe (services/api-server/tests/hmac_isolation.test.js:336:26)

  ΓùÅ HMAC Authentication ΓÇö /api/v1/payments ΓÇ║ API Key Validation ΓÇ║ Revoked API key (isActive=false) ΓåÆ 401

    expect(received).toBe(expected) // Object.is equality

    Expected: 401
    Received: 500

    [0m [90m 351 |[39m         [33m.[39msend({ amount[33m:[39m [35m100[39m })[33m;[39m
     [90m 352 |[39m
    [31m[1m>[22m[39m[90m 353 |[39m       expect(res[33m.[39mstatus)[33m.[39mtoBe([35m401[39m)[33m;[39m
     [90m     |[39m                          [31m[1m^[22m[39m
     [90m 354 |[39m     })[33m;[39m
     [90m 355 |[39m
     [90m 356 |[39m     test([32m'Expired API key (expiresAt in past) ΓåÆ 401'[39m[33m,[39m [36masync[39m () [33m=>[39m 
{[0m

      at Object.toBe (services/api-server/tests/hmac_isolation.test.js:353:26)

  ΓùÅ HMAC Authentication ΓÇö /api/v1/payments ΓÇ║ API Key Validation ΓÇ║ Expired API key (expiresAt in past) ΓåÆ 401

    expect(received).toBe(expected) // Object.is equality

    Expected: 401
    Received: 500

    [0m [90m 372 |[39m         [33m.[39msend({ amount[33m:[39m [35m100[39m })[33m;[39m
     [90m 373 |[39m
    [31m[1m>[22m[39m[90m 374 |[39m       expect(res[33m.[39mstatus)[33m.[39mtoBe([35m401[39m)[33m;[39m
     [90m     |[39m                          [31m[1m^[22m[39m
     [90m 375 |[39m     })[33m;[39m
     [90m 376 |[39m
     [90m 377 |[39m     test([32m'Inactive merchant (isActive=false) ΓåÆ 401'[39m[33m,[39m [36masync[39m () [33m=>[39m {[0m

      at Object.toBe (services/api-server/tests/hmac_isolation.test.js:374:26)

  ΓùÅ HMAC Authentication ΓÇö /api/v1/payments ΓÇ║ API Key Validation ΓÇ║ Inactive merchant (isActive=false) ΓåÆ 401

    expect(received).toBe(expected) // Object.is equality

    Expected: 401
    Received: 500

    [0m [90m 386 |[39m         [33m.[39msend({ amount[33m:[39m [35m100[39m })[33m;[39m
     [90m 387 |[39m
    [31m[1m>[22m[39m[90m 388 |[39m       expect(res[33m.[39mstatus)[33m.[39mtoBe([35m401[39m)[33m;[39m
     [90m     |[39m                          [31m[1m^[22m[39m
     [90m 389 |[39m     })[33m;[39m
     [90m 390 |[39m   })[33m;[39m
     [90m 391 |[39m[0m

      at Object.toBe (services/api-server/tests/hmac_isolation.test.js:388:26)

  ΓùÅ HMAC Authentication ΓÇö /api/v1/payments ΓÇ║ Signature Verification ΓÇ║ Bit-flipped signature ΓåÆ 401 (timing-safe comparison)

    expect(received).toBe(expected) // Object.is equality

    Expected: 401
    Received: 500

    [0m [90m 405 |[39m         [33m.[39msend(body)[33m;[39m
     [90m 406 |[39m
    [31m[1m>[22m[39m[90m 407 |[39m       expect(res[33m.[39mstatus)[33m.[39mtoBe([35m401[39m)[33m;[39m
     [90m     |[39m                          [31m[1m^[22m[39m
     [90m 408 |[39m     })[33m;[39m
     [90m 409 |[39m
     [90m 410 |[39m     test([32m'Signature computed for different method ΓåÆ 401 (canonical string mismatch)'[39m[33m,[39m 
[36masync[39m () [33m=>[39m {[0m

      at Object.toBe (services/api-server/tests/hmac_isolation.test.js:407:26)

{"timestamp":"2026-04-06T07:15:35.681Z","level":"warn","service":"api-server","message":"HTTP","requestId":"ea970d9a-f931-45a6-b7f9-d94239e02cbf","method":"PUT","path":"/api/v1/merchant/webhook","status":400,"ms":2,"ip":"::ffff:127.0.0.1"}
  ΓùÅ HMAC Authentication ΓÇö /api/v1/payments ΓÇ║ Signature Verification ΓÇ║ Signature computed for different method ΓåÆ 401 
(canonical string mismatch)

    expect(received).toBe(expected) // Object.is equality

    Expected: 401
    Received: 500

    [0m [90m 419 |[39m         [33m.[39msend({})[33m;[39m
     [90m 420 |[39m
    [31m[1m>[22m[39m[90m 421 |[39m       expect(res[33m.[39mstatus)[33m.[39mtoBe([35m401[39m)[33m;[39m
     [90m     |[39m                          [31m[1m^[22m[39m
     [90m 422 |[39m     })[33m;[39m
     [90m 423 |[39m
     [90m 424 |[39m     test([32m'Signature computed for different path ΓåÆ 401'[39m[33m,[39m [36masync[39m () [33m=>[39m 
{[0m

      at Object.toBe (services/api-server/tests/hmac_isolation.test.js:421:26)

  ΓùÅ HMAC Authentication ΓÇö /api/v1/payments ΓÇ║ Signature Verification ΓÇ║ Signature computed for different path ΓåÆ 401

    expect(received).toBe(expected) // Object.is equality

    Expected: 401
    Received: 500

    [0m [90m 434 |[39m         [33m.[39msend({})[33m;[39m
     [90m 435 |[39m
    [31m[1m>[22m[39m[90m 436 |[39m       expect(res[33m.[39mstatus)[33m.[39mtoBe([35m401[39m)[33m;[39m
     [90m     |[39m                          [31m[1m^[22m[39m
     [90m 437 |[39m     })[33m;[39m
     [90m 438 |[39m   })[33m;[39m
     [90m 439 |[39m })[33m;[39m[0m

      at Object.toBe (services/api-server/tests/hmac_isolation.test.js:436:26)

  ΓùÅ Cross-Merchant Data Isolation ΓÇ║ Merchant Portal ΓÇö JWT merchantId binding ΓÇ║ JWT with role=admin cannot access merchant API 
(HMAC) endpoints

    expect(received).toBe(expected) // Object.is equality

    Expected: 401
    Received: 500

    [0m [90m 557 |[39m         [33m.[39msend({ amount[33m:[39m [35m100[39m[33m,[39m currency[33m:[39m [32m'USDT'[39m 
})[33m;[39m
     [90m 558 |[39m
    [31m[1m>[22m[39m[90m 559 |[39m       expect(res[33m.[39mstatus)[33m.[39mtoBe([35m401[39m)[33m;[39m
     [90m     |[39m                          [31m[1m^[22m[39m
     [90m 560 |[39m     })[33m;[39m
     [90m 561 |[39m   })[33m;[39m
     [90m 562 |[39m[0m

      at Object.toBe (services/api-server/tests/hmac_isolation.test.js:559:26)

Test Suites: 8 failed, 9 passed, 17 total
Tests:       46 failed, 301 passed, 347 total
Snapshots:   0 total
Time:        4.34 s, estimated 30 s
Ran all test suites.
